// Jest Snapshot v1, https://goo.gl/fbAQLP

exports[`errors 1`] = `Array []`;

exports[`main.6c966be0e6148d71540d.js 1`] = `
"(window.webpackJsonp = window.webpackJsonp || []).push([ [ \\"main\\" ], {
    \\"./test/fixtures/entry.js\\": function(module, exports) {
        eval(\\"// foo\\\\n/* @preserve*/\\\\n// bar\\\\nconst a = 2 + 2;\\\\n\\\\nmodule.exports = function Foo() {\\\\n  const b = 2 + 2;\\\\n  console.log(b + 1 + 2);\\\\n};\\\\n\\\\n\\\\n//////////////////\\\\n// WEBPACK FOOTER\\\\n// ./test/fixtures/entry.js\\\\n// module id = ./test/fixtures/entry.js\\\\n// module chunks = main\\\\n\\\\n//# sourceURL=webpack:///./test/fixtures/entry.js?\\");
    }
}, [ [ \\"./test/fixtures/entry.js\\", \\"manifest\\", \\"main\\" ] ] ]);"
`;

exports[`manifest.ae205c79cb278d0fd374.js 1`] = `
"!function(modules) {
    function webpackJsonpCallback(data) {
        for (var moduleId, chunkId, result, chunkIds = data[0], moreModules = data[1], executeModules = data[2], i = 0, resolves = []; i < chunkIds.length; i++) chunkId = chunkIds[i], 
        installedChunks[chunkId] && resolves.push(installedChunks[chunkId][0]), installedChunks[chunkId] = 0;
        for (moduleId in moreModules) Object.prototype.hasOwnProperty.call(moreModules, moduleId) && (modules[moduleId] = moreModules[moduleId]);
        for (parentJsonpFunction && parentJsonpFunction(data); resolves.length; ) resolves.shift()();
        for (scheduledModules.push.apply(scheduledModules, executeModules || []), i = 0; i < scheduledModules.length; i++) {
            for (var scheduledModule = scheduledModules[i], fullfilled = !0, j = 1; j < scheduledModule.length; j++) {
                var depId = scheduledModule[j];
                0 !== installedChunks[depId] && (fullfilled = !1);
            }
            fullfilled && (scheduledModules.splice(i--, 1), result = __webpack_require__(__webpack_require__.s = scheduledModule[0]));
        }
        return result;
    }
    function __webpack_require__(moduleId) {
        if (installedModules[moduleId]) return installedModules[moduleId].exports;
        var module = installedModules[moduleId] = {
            i: moduleId,
            l: !1,
            exports: {}
        };
        return modules[moduleId].call(module.exports, module, module.exports, __webpack_require__), 
        module.l = !0, module.exports;
    }
    var installedModules = {}, installedChunks = {
        manifest: 0
    }, scheduledModules = [];
    __webpack_require__.e = function(chunkId) {
        var promises = [], installedChunkData = installedChunks[chunkId];
        if (0 !== installedChunkData) if (installedChunkData) promises.push(installedChunkData[2]); else {
            var promise = new Promise(function(resolve, reject) {
                installedChunkData = installedChunks[chunkId] = [ resolve, reject ];
            });
            promises.push(installedChunkData[2] = promise);
            var head = document.getElementsByTagName(\\"head\\")[0], script = document.createElement(\\"script\\");
            script.charset = \\"utf-8\\", script.timeout = 12e4, __webpack_require__.nc && script.setAttribute(\\"nonce\\", __webpack_require__.nc), 
            script.src = __webpack_require__.p + \\"\\" + chunkId + \\".\\" + ({
                main: \\"main\\"
            }[chunkId] || chunkId) + \\".\\" + {
                main: \\"6c966be0e6148d71540d\\"
            }[chunkId] + \\".js\\";
            var timeout = setTimeout(function() {
                onScriptComplete({
                    type: \\"timeout\\",
                    target: script
                });
            }, 12e4);
            script.onerror = script.onload = onScriptComplete;
            function onScriptComplete(event) {
                script.onerror = script.onload = null, clearTimeout(timeout);
                var chunk = installedChunks[chunkId];
                if (0 !== chunk) {
                    if (chunk) {
                        var errorType = event && (\\"load\\" === event.type ? \\"missing\\" : event.type), realSrc = event && event.target && event.target.src, error = new Error(\\"Loading chunk \\" + chunkId + \\" failed.\\\\n(\\" + errorType + \\": \\" + realSrc + \\")\\");
                        error.type = errorType, error.request = realSrc, chunk[1](error);
                    }
                    installedChunks[chunkId] = void 0;
                }
            }
            head.appendChild(script);
        }
        return Promise.all(promises);
    }, __webpack_require__.m = modules, __webpack_require__.c = installedModules, __webpack_require__.d = function(exports, name, getter) {
        __webpack_require__.o(exports, name) || Object.defineProperty(exports, name, {
            configurable: !1,
            enumerable: !0,
            get: getter
        });
    }, __webpack_require__.r = function(exports) {
        Object.defineProperty(exports, \\"__esModule\\", {
            value: !0
        });
    }, __webpack_require__.n = function(module) {
        var getter = module && module.__esModule ? function() {
            return module.default;
        } : function() {
            return module;
        };
        return __webpack_require__.d(getter, \\"a\\", getter), getter;
    }, __webpack_require__.o = function(object, property) {
        return Object.prototype.hasOwnProperty.call(object, property);
    }, __webpack_require__.p = \\"\\", __webpack_require__.oe = function(err) {
        throw console.error(err), err;
    };
    var jsonpArray = window.webpackJsonp = window.webpackJsonp || [], parentJsonpFunction = jsonpArray.push.bind(jsonpArray);
    jsonpArray.push = webpackJsonpCallback, jsonpArray = jsonpArray.slice();
    for (var i = 0; i < jsonpArray.length; i++) webpackJsonpCallback(jsonpArray[i]);
}([]);"
`;

exports[`warnings 1`] = `Array []`;
