// Jest Snapshot v1, https://goo.gl/fbAQLP

exports[`when options.cache false matches snapshot: errors 1`] = `Array []`;

exports[`when options.cache false matches snapshot: main.0c220ec66316af2c1b24.js 1`] = `"webpackJsonp([0],[function(o,n){o.exports=function(){console.log(7)}}],[0]);"`;

exports[`when options.cache false matches snapshot: manifest.d6857f782c13a99b5917.js 1`] = `"!function(r){var n=window.webpackJsonp;window.webpackJsonp=function(e,u,c){for(var f,i,p,a=0,l=[];a<e.length;a++)i=e[a],o[i]&&l.push(o[i][0]),o[i]=0;for(f in u)Object.prototype.hasOwnProperty.call(u,f)&&(r[f]=u[f]);for(n&&n(e,u,c);l.length;)l.shift()();if(c)for(a=0;a<c.length;a++)p=t(t.s=c[a]);return p};var e={},o={1:0};function t(n){if(e[n])return e[n].exports;var o=e[n]={i:n,l:!1,exports:{}};return r[n].call(o.exports,o,o.exports,t),o.l=!0,o.exports}t.m=r,t.c=e,t.d=function(r,n,e){t.o(r,n)||Object.defineProperty(r,n,{configurable:!1,enumerable:!0,get:e})},t.n=function(r){var n=r&&r.__esModule?function(){return r.default}:function(){return r};return t.d(n,\\"a\\",n),n},t.o=function(r,n){return Object.prototype.hasOwnProperty.call(r,n)},t.p=\\"\\",t.oe=function(r){throw console.error(r),r}}([]);"`;

exports[`when options.cache false matches snapshot: warnings 1`] = `Array []`;

exports[`when options.cache string compilation handler when called optimize-chunk-assets handler cache files: test.js 1`] = `
Array [
  "test.js",
  "28e4d31993a4f0bf5420d06d6e6013b8",
]
`;

exports[`when options.cache string compilation handler when called optimize-chunk-assets handler cache files: test1.js 1`] = `
Array [
  "test1.js",
  "0ee8d6a0ecdd7bc2322d1e726ef41cdd",
]
`;

exports[`when options.cache string compilation handler when called optimize-chunk-assets handler cache files: test2.js 1`] = `
Array [
  "test2.js",
  "ba96de0d701dab1af6ca647f97d42fb7",
]
`;

exports[`when options.cache string compilation handler when called optimize-chunk-assets handler cache files: test3.js 1`] = `
Array [
  "test3.js",
  "ef8b436e106d1bbfe07b50263e91deac",
]
`;

exports[`when options.cache string matches snapshot: errors 1`] = `Array []`;

exports[`when options.cache string matches snapshot: main.0c220ec66316af2c1b24.js 1`] = `"webpackJsonp([0],[function(o,n){o.exports=function(){console.log(7)}}],[0]);"`;

exports[`when options.cache string matches snapshot: manifest.d6857f782c13a99b5917.js 1`] = `"!function(r){var n=window.webpackJsonp;window.webpackJsonp=function(e,u,c){for(var f,i,p,a=0,l=[];a<e.length;a++)i=e[a],o[i]&&l.push(o[i][0]),o[i]=0;for(f in u)Object.prototype.hasOwnProperty.call(u,f)&&(r[f]=u[f]);for(n&&n(e,u,c);l.length;)l.shift()();if(c)for(a=0;a<c.length;a++)p=t(t.s=c[a]);return p};var e={},o={1:0};function t(n){if(e[n])return e[n].exports;var o=e[n]={i:n,l:!1,exports:{}};return r[n].call(o.exports,o,o.exports,t),o.l=!0,o.exports}t.m=r,t.c=e,t.d=function(r,n,e){t.o(r,n)||Object.defineProperty(r,n,{configurable:!1,enumerable:!0,get:e})},t.n=function(r){var n=r&&r.__esModule?function(){return r.default}:function(){return r};return t.d(n,\\"a\\",n),n},t.o=function(r,n){return Object.prototype.hasOwnProperty.call(r,n)},t.p=\\"\\",t.oe=function(r){throw console.error(r),r}}([]);"`;

exports[`when options.cache string matches snapshot: warnings 1`] = `Array []`;

exports[`when options.cache true compilation handler when called optimize-chunk-assets handler cache files: test.js 1`] = `
Array [
  "test.js",
  "28e4d31993a4f0bf5420d06d6e6013b8",
]
`;

exports[`when options.cache true compilation handler when called optimize-chunk-assets handler cache files: test1.js 1`] = `
Array [
  "test1.js",
  "0ee8d6a0ecdd7bc2322d1e726ef41cdd",
]
`;

exports[`when options.cache true compilation handler when called optimize-chunk-assets handler cache files: test2.js 1`] = `
Array [
  "test2.js",
  "ba96de0d701dab1af6ca647f97d42fb7",
]
`;

exports[`when options.cache true compilation handler when called optimize-chunk-assets handler cache files: test3.js 1`] = `
Array [
  "test3.js",
  "ef8b436e106d1bbfe07b50263e91deac",
]
`;

exports[`when options.cache true matches snapshot: errors 1`] = `Array []`;

exports[`when options.cache true matches snapshot: main.0c220ec66316af2c1b24.js 1`] = `"webpackJsonp([0],[function(o,n){o.exports=function(){console.log(7)}}],[0]);"`;

exports[`when options.cache true matches snapshot: manifest.d6857f782c13a99b5917.js 1`] = `"!function(r){var n=window.webpackJsonp;window.webpackJsonp=function(e,u,c){for(var f,i,p,a=0,l=[];a<e.length;a++)i=e[a],o[i]&&l.push(o[i][0]),o[i]=0;for(f in u)Object.prototype.hasOwnProperty.call(u,f)&&(r[f]=u[f]);for(n&&n(e,u,c);l.length;)l.shift()();if(c)for(a=0;a<c.length;a++)p=t(t.s=c[a]);return p};var e={},o={1:0};function t(n){if(e[n])return e[n].exports;var o=e[n]={i:n,l:!1,exports:{}};return r[n].call(o.exports,o,o.exports,t),o.l=!0,o.exports}t.m=r,t.c=e,t.d=function(r,n,e){t.o(r,n)||Object.defineProperty(r,n,{configurable:!1,enumerable:!0,get:e})},t.n=function(r){var n=r&&r.__esModule?function(){return r.default}:function(){return r};return t.d(n,\\"a\\",n),n},t.o=function(r,n){return Object.prototype.hasOwnProperty.call(r,n)},t.p=\\"\\",t.oe=function(r){throw console.error(r),r}}([]);"`;

exports[`when options.cache true matches snapshot: warnings 1`] = `Array []`;

exports[`when options.cache when options.additionalCacheKeys compilation handler when called optimize-chunk-assets handler cache files: test.js 1`] = `
Array [
  "test.js",
  "28e4d31993a4f0bf5420d06d6e6013b8",
]
`;

exports[`when options.cache when options.additionalCacheKeys compilation handler when called optimize-chunk-assets handler cache files: test1.js 1`] = `
Array [
  "test1.js",
  "0ee8d6a0ecdd7bc2322d1e726ef41cdd",
]
`;

exports[`when options.cache when options.additionalCacheKeys compilation handler when called optimize-chunk-assets handler cache files: test2.js 1`] = `
Array [
  "test2.js",
  "ba96de0d701dab1af6ca647f97d42fb7",
]
`;

exports[`when options.cache when options.additionalCacheKeys compilation handler when called optimize-chunk-assets handler cache files: test3.js 1`] = `
Array [
  "test3.js",
  "ef8b436e106d1bbfe07b50263e91deac",
]
`;

exports[`when options.cache when options.additionalCacheKeys matches snapshot: errors 1`] = `Array []`;

exports[`when options.cache when options.additionalCacheKeys matches snapshot: main.0c220ec66316af2c1b24.js 1`] = `"webpackJsonp([0],[function(o,n){o.exports=function(){console.log(7)}}],[0]);"`;

exports[`when options.cache when options.additionalCacheKeys matches snapshot: manifest.d6857f782c13a99b5917.js 1`] = `"!function(r){var n=window.webpackJsonp;window.webpackJsonp=function(e,u,c){for(var f,i,p,a=0,l=[];a<e.length;a++)i=e[a],o[i]&&l.push(o[i][0]),o[i]=0;for(f in u)Object.prototype.hasOwnProperty.call(u,f)&&(r[f]=u[f]);for(n&&n(e,u,c);l.length;)l.shift()();if(c)for(a=0;a<c.length;a++)p=t(t.s=c[a]);return p};var e={},o={1:0};function t(n){if(e[n])return e[n].exports;var o=e[n]={i:n,l:!1,exports:{}};return r[n].call(o.exports,o,o.exports,t),o.l=!0,o.exports}t.m=r,t.c=e,t.d=function(r,n,e){t.o(r,n)||Object.defineProperty(r,n,{configurable:!1,enumerable:!0,get:e})},t.n=function(r){var n=r&&r.__esModule?function(){return r.default}:function(){return r};return t.d(n,\\"a\\",n),n},t.o=function(r,n){return Object.prototype.hasOwnProperty.call(r,n)},t.p=\\"\\",t.oe=function(r){throw console.error(r),r}}([]);"`;

exports[`when options.cache when options.additionalCacheKeys matches snapshot: warnings 1`] = `Array []`;
