// Jest Snapshot v1, https://goo.gl/fbAQLP

exports[`when applied with \`cache\` option matches snapshot for \`false\` value: errors 1`] = `Array []`;

exports[`when applied with \`cache\` option matches snapshot for \`false\` value: four.0741ac92c5e76ec45240.js 1`] = `"webpackJsonp([3],[],[0]);"`;

exports[`when applied with \`cache\` option matches snapshot for \`false\` value: manifest.f504b5c36c66d8aa6a74.js 1`] = `"!function(n){var o=window.webpackJsonp;window.webpackJsonp=function(r,c,u){for(var f,i,p,l=0,a=[];l<r.length;l++)i=r[l],t[i]&&a.push(t[i][0]),t[i]=0;for(f in c)Object.prototype.hasOwnProperty.call(c,f)&&(n[f]=c[f]);for(o&&o(r,c,u);a.length;)a.shift()();if(u)for(l=0;l<u.length;l++)p=e(e.s=u[l]);return p};var r={},t={4:0};function e(o){if(r[o])return r[o].exports;var t=r[o]={i:o,l:!1,exports:{}};return n[o].call(t.exports,t,t.exports,e),t.l=!0,t.exports}e.m=n,e.c=r,e.d=function(n,o,r){e.o(n,o)||Object.defineProperty(n,o,{configurable:!1,enumerable:!0,get:r})},e.n=function(n){var o=n&&n.__esModule?function(){return n.default}:function(){return n};return e.d(o,\\"a\\",o),o},e.o=function(n,o){return Object.prototype.hasOwnProperty.call(n,o)},e.p=\\"\\",e.oe=function(n){throw console.error(n),n}}([function(n,o){n.exports=function(){console.log(7)}}]);"`;

exports[`when applied with \`cache\` option matches snapshot for \`false\` value: one.91254a4178472993cf9f.js 1`] = `"webpackJsonp([0],[],[0]);"`;

exports[`when applied with \`cache\` option matches snapshot for \`false\` value: three.16209e63e6e5fb2ca2e3.js 1`] = `"webpackJsonp([2],[],[0]);"`;

exports[`when applied with \`cache\` option matches snapshot for \`false\` value: two.e9fc295fcef530d66dc5.js 1`] = `"webpackJsonp([1],[],[0]);"`;

exports[`when applied with \`cache\` option matches snapshot for \`false\` value: warnings 1`] = `Array []`;

exports[`when applied with \`cache\` option matches snapshot for \`other-cache-directory\` value (string): errors 1`] = `Array []`;

exports[`when applied with \`cache\` option matches snapshot for \`other-cache-directory\` value (string): errors 2`] = `Array []`;

exports[`when applied with \`cache\` option matches snapshot for \`other-cache-directory\` value (string): four.0741ac92c5e76ec45240.js 1`] = `"webpackJsonp([3],[],[0]);"`;

exports[`when applied with \`cache\` option matches snapshot for \`other-cache-directory\` value (string): four.0741ac92c5e76ec45240.js 2`] = `
Array [
  "four.0741ac92c5e76ec45240.js",
  "dc3c601ac7ee051d342cc99ee7ca73df",
]
`;

exports[`when applied with \`cache\` option matches snapshot for \`other-cache-directory\` value (string): four.0741ac92c5e76ec45240.js 3`] = `"webpackJsonp([3],[],[0]);"`;

exports[`when applied with \`cache\` option matches snapshot for \`other-cache-directory\` value (string): manifest.f504b5c36c66d8aa6a74.js 1`] = `"!function(n){var o=window.webpackJsonp;window.webpackJsonp=function(r,c,u){for(var f,i,p,l=0,a=[];l<r.length;l++)i=r[l],t[i]&&a.push(t[i][0]),t[i]=0;for(f in c)Object.prototype.hasOwnProperty.call(c,f)&&(n[f]=c[f]);for(o&&o(r,c,u);a.length;)a.shift()();if(u)for(l=0;l<u.length;l++)p=e(e.s=u[l]);return p};var r={},t={4:0};function e(o){if(r[o])return r[o].exports;var t=r[o]={i:o,l:!1,exports:{}};return n[o].call(t.exports,t,t.exports,e),t.l=!0,t.exports}e.m=n,e.c=r,e.d=function(n,o,r){e.o(n,o)||Object.defineProperty(n,o,{configurable:!1,enumerable:!0,get:r})},e.n=function(n){var o=n&&n.__esModule?function(){return n.default}:function(){return n};return e.d(o,\\"a\\",o),o},e.o=function(n,o){return Object.prototype.hasOwnProperty.call(n,o)},e.p=\\"\\",e.oe=function(n){throw console.error(n),n}}([function(n,o){n.exports=function(){console.log(7)}}]);"`;

exports[`when applied with \`cache\` option matches snapshot for \`other-cache-directory\` value (string): manifest.f504b5c36c66d8aa6a74.js 2`] = `
Array [
  "manifest.f504b5c36c66d8aa6a74.js",
  "f437ba1206764f8d0430b162f1801147",
]
`;

exports[`when applied with \`cache\` option matches snapshot for \`other-cache-directory\` value (string): manifest.f504b5c36c66d8aa6a74.js 3`] = `"!function(n){var o=window.webpackJsonp;window.webpackJsonp=function(r,c,u){for(var f,i,p,l=0,a=[];l<r.length;l++)i=r[l],t[i]&&a.push(t[i][0]),t[i]=0;for(f in c)Object.prototype.hasOwnProperty.call(c,f)&&(n[f]=c[f]);for(o&&o(r,c,u);a.length;)a.shift()();if(u)for(l=0;l<u.length;l++)p=e(e.s=u[l]);return p};var r={},t={4:0};function e(o){if(r[o])return r[o].exports;var t=r[o]={i:o,l:!1,exports:{}};return n[o].call(t.exports,t,t.exports,e),t.l=!0,t.exports}e.m=n,e.c=r,e.d=function(n,o,r){e.o(n,o)||Object.defineProperty(n,o,{configurable:!1,enumerable:!0,get:r})},e.n=function(n){var o=n&&n.__esModule?function(){return n.default}:function(){return n};return e.d(o,\\"a\\",o),o},e.o=function(n,o){return Object.prototype.hasOwnProperty.call(n,o)},e.p=\\"\\",e.oe=function(n){throw console.error(n),n}}([function(n,o){n.exports=function(){console.log(7)}}]);"`;

exports[`when applied with \`cache\` option matches snapshot for \`other-cache-directory\` value (string): one.91254a4178472993cf9f.js 1`] = `"webpackJsonp([0],[],[0]);"`;

exports[`when applied with \`cache\` option matches snapshot for \`other-cache-directory\` value (string): one.91254a4178472993cf9f.js 2`] = `
Array [
  "one.91254a4178472993cf9f.js",
  "bca77b4261d90c50b50a074f61bf47d5",
]
`;

exports[`when applied with \`cache\` option matches snapshot for \`other-cache-directory\` value (string): one.91254a4178472993cf9f.js 3`] = `"webpackJsonp([0],[],[0]);"`;

exports[`when applied with \`cache\` option matches snapshot for \`other-cache-directory\` value (string): three.16209e63e6e5fb2ca2e3.js 1`] = `"webpackJsonp([2],[],[0]);"`;

exports[`when applied with \`cache\` option matches snapshot for \`other-cache-directory\` value (string): three.16209e63e6e5fb2ca2e3.js 2`] = `
Array [
  "three.16209e63e6e5fb2ca2e3.js",
  "30742418059080b2a8e5fbedc9122dd8",
]
`;

exports[`when applied with \`cache\` option matches snapshot for \`other-cache-directory\` value (string): three.16209e63e6e5fb2ca2e3.js 3`] = `"webpackJsonp([2],[],[0]);"`;

exports[`when applied with \`cache\` option matches snapshot for \`other-cache-directory\` value (string): two.e9fc295fcef530d66dc5.js 1`] = `"webpackJsonp([1],[],[0]);"`;

exports[`when applied with \`cache\` option matches snapshot for \`other-cache-directory\` value (string): two.e9fc295fcef530d66dc5.js 2`] = `
Array [
  "two.e9fc295fcef530d66dc5.js",
  "013b32dd3ef2223927b0b35df4ef9531",
]
`;

exports[`when applied with \`cache\` option matches snapshot for \`other-cache-directory\` value (string): two.e9fc295fcef530d66dc5.js 3`] = `"webpackJsonp([1],[],[0]);"`;

exports[`when applied with \`cache\` option matches snapshot for \`other-cache-directory\` value (string): warnings 1`] = `Array []`;

exports[`when applied with \`cache\` option matches snapshot for \`other-cache-directory\` value (string): warnings 2`] = `Array []`;

exports[`when applied with \`cache\` option matches snapshot for \`true\` value and \`cacheKey\` is custom \`function\`: errors 1`] = `Array []`;

exports[`when applied with \`cache\` option matches snapshot for \`true\` value and \`cacheKey\` is custom \`function\`: errors 2`] = `Array []`;

exports[`when applied with \`cache\` option matches snapshot for \`true\` value and \`cacheKey\` is custom \`function\`: four.0741ac92c5e76ec45240.js 1`] = `"webpackJsonp([3],[],[0]);"`;

exports[`when applied with \`cache\` option matches snapshot for \`true\` value and \`cacheKey\` is custom \`function\`: four.0741ac92c5e76ec45240.js 2`] = `
Array [
  "four.0741ac92c5e76ec45240.js",
  "dc3c601ac7ee051d342cc99ee7ca73df",
]
`;

exports[`when applied with \`cache\` option matches snapshot for \`true\` value and \`cacheKey\` is custom \`function\`: four.0741ac92c5e76ec45240.js 3`] = `"webpackJsonp([3],[],[0]);"`;

exports[`when applied with \`cache\` option matches snapshot for \`true\` value and \`cacheKey\` is custom \`function\`: manifest.f504b5c36c66d8aa6a74.js 1`] = `"!function(n){var o=window.webpackJsonp;window.webpackJsonp=function(r,c,u){for(var f,i,p,l=0,a=[];l<r.length;l++)i=r[l],t[i]&&a.push(t[i][0]),t[i]=0;for(f in c)Object.prototype.hasOwnProperty.call(c,f)&&(n[f]=c[f]);for(o&&o(r,c,u);a.length;)a.shift()();if(u)for(l=0;l<u.length;l++)p=e(e.s=u[l]);return p};var r={},t={4:0};function e(o){if(r[o])return r[o].exports;var t=r[o]={i:o,l:!1,exports:{}};return n[o].call(t.exports,t,t.exports,e),t.l=!0,t.exports}e.m=n,e.c=r,e.d=function(n,o,r){e.o(n,o)||Object.defineProperty(n,o,{configurable:!1,enumerable:!0,get:r})},e.n=function(n){var o=n&&n.__esModule?function(){return n.default}:function(){return n};return e.d(o,\\"a\\",o),o},e.o=function(n,o){return Object.prototype.hasOwnProperty.call(n,o)},e.p=\\"\\",e.oe=function(n){throw console.error(n),n}}([function(n,o){n.exports=function(){console.log(7)}}]);"`;

exports[`when applied with \`cache\` option matches snapshot for \`true\` value and \`cacheKey\` is custom \`function\`: manifest.f504b5c36c66d8aa6a74.js 2`] = `
Array [
  "manifest.f504b5c36c66d8aa6a74.js",
  "f437ba1206764f8d0430b162f1801147",
]
`;

exports[`when applied with \`cache\` option matches snapshot for \`true\` value and \`cacheKey\` is custom \`function\`: manifest.f504b5c36c66d8aa6a74.js 3`] = `"!function(n){var o=window.webpackJsonp;window.webpackJsonp=function(r,c,u){for(var f,i,p,l=0,a=[];l<r.length;l++)i=r[l],t[i]&&a.push(t[i][0]),t[i]=0;for(f in c)Object.prototype.hasOwnProperty.call(c,f)&&(n[f]=c[f]);for(o&&o(r,c,u);a.length;)a.shift()();if(u)for(l=0;l<u.length;l++)p=e(e.s=u[l]);return p};var r={},t={4:0};function e(o){if(r[o])return r[o].exports;var t=r[o]={i:o,l:!1,exports:{}};return n[o].call(t.exports,t,t.exports,e),t.l=!0,t.exports}e.m=n,e.c=r,e.d=function(n,o,r){e.o(n,o)||Object.defineProperty(n,o,{configurable:!1,enumerable:!0,get:r})},e.n=function(n){var o=n&&n.__esModule?function(){return n.default}:function(){return n};return e.d(o,\\"a\\",o),o},e.o=function(n,o){return Object.prototype.hasOwnProperty.call(n,o)},e.p=\\"\\",e.oe=function(n){throw console.error(n),n}}([function(n,o){n.exports=function(){console.log(7)}}]);"`;

exports[`when applied with \`cache\` option matches snapshot for \`true\` value and \`cacheKey\` is custom \`function\`: one.91254a4178472993cf9f.js 1`] = `"webpackJsonp([0],[],[0]);"`;

exports[`when applied with \`cache\` option matches snapshot for \`true\` value and \`cacheKey\` is custom \`function\`: one.91254a4178472993cf9f.js 2`] = `
Array [
  "one.91254a4178472993cf9f.js",
  "bca77b4261d90c50b50a074f61bf47d5",
]
`;

exports[`when applied with \`cache\` option matches snapshot for \`true\` value and \`cacheKey\` is custom \`function\`: one.91254a4178472993cf9f.js 3`] = `"webpackJsonp([0],[],[0]);"`;

exports[`when applied with \`cache\` option matches snapshot for \`true\` value and \`cacheKey\` is custom \`function\`: three.16209e63e6e5fb2ca2e3.js 1`] = `"webpackJsonp([2],[],[0]);"`;

exports[`when applied with \`cache\` option matches snapshot for \`true\` value and \`cacheKey\` is custom \`function\`: three.16209e63e6e5fb2ca2e3.js 2`] = `
Array [
  "three.16209e63e6e5fb2ca2e3.js",
  "30742418059080b2a8e5fbedc9122dd8",
]
`;

exports[`when applied with \`cache\` option matches snapshot for \`true\` value and \`cacheKey\` is custom \`function\`: three.16209e63e6e5fb2ca2e3.js 3`] = `"webpackJsonp([2],[],[0]);"`;

exports[`when applied with \`cache\` option matches snapshot for \`true\` value and \`cacheKey\` is custom \`function\`: two.e9fc295fcef530d66dc5.js 1`] = `"webpackJsonp([1],[],[0]);"`;

exports[`when applied with \`cache\` option matches snapshot for \`true\` value and \`cacheKey\` is custom \`function\`: two.e9fc295fcef530d66dc5.js 2`] = `
Array [
  "two.e9fc295fcef530d66dc5.js",
  "013b32dd3ef2223927b0b35df4ef9531",
]
`;

exports[`when applied with \`cache\` option matches snapshot for \`true\` value and \`cacheKey\` is custom \`function\`: two.e9fc295fcef530d66dc5.js 3`] = `"webpackJsonp([1],[],[0]);"`;

exports[`when applied with \`cache\` option matches snapshot for \`true\` value and \`cacheKey\` is custom \`function\`: warnings 1`] = `Array []`;

exports[`when applied with \`cache\` option matches snapshot for \`true\` value and \`cacheKey\` is custom \`function\`: warnings 2`] = `Array []`;

exports[`when applied with \`cache\` option matches snapshot for \`true\` value: errors 1`] = `Array []`;

exports[`when applied with \`cache\` option matches snapshot for \`true\` value: errors 2`] = `Array []`;

exports[`when applied with \`cache\` option matches snapshot for \`true\` value: four.0741ac92c5e76ec45240.js 1`] = `"webpackJsonp([3],[],[0]);"`;

exports[`when applied with \`cache\` option matches snapshot for \`true\` value: four.0741ac92c5e76ec45240.js 2`] = `
Array [
  "four.0741ac92c5e76ec45240.js",
  "dc3c601ac7ee051d342cc99ee7ca73df",
]
`;

exports[`when applied with \`cache\` option matches snapshot for \`true\` value: four.0741ac92c5e76ec45240.js 3`] = `"webpackJsonp([3],[],[0]);"`;

exports[`when applied with \`cache\` option matches snapshot for \`true\` value: manifest.f504b5c36c66d8aa6a74.js 1`] = `"!function(n){var o=window.webpackJsonp;window.webpackJsonp=function(r,c,u){for(var f,i,p,l=0,a=[];l<r.length;l++)i=r[l],t[i]&&a.push(t[i][0]),t[i]=0;for(f in c)Object.prototype.hasOwnProperty.call(c,f)&&(n[f]=c[f]);for(o&&o(r,c,u);a.length;)a.shift()();if(u)for(l=0;l<u.length;l++)p=e(e.s=u[l]);return p};var r={},t={4:0};function e(o){if(r[o])return r[o].exports;var t=r[o]={i:o,l:!1,exports:{}};return n[o].call(t.exports,t,t.exports,e),t.l=!0,t.exports}e.m=n,e.c=r,e.d=function(n,o,r){e.o(n,o)||Object.defineProperty(n,o,{configurable:!1,enumerable:!0,get:r})},e.n=function(n){var o=n&&n.__esModule?function(){return n.default}:function(){return n};return e.d(o,\\"a\\",o),o},e.o=function(n,o){return Object.prototype.hasOwnProperty.call(n,o)},e.p=\\"\\",e.oe=function(n){throw console.error(n),n}}([function(n,o){n.exports=function(){console.log(7)}}]);"`;

exports[`when applied with \`cache\` option matches snapshot for \`true\` value: manifest.f504b5c36c66d8aa6a74.js 2`] = `
Array [
  "manifest.f504b5c36c66d8aa6a74.js",
  "f437ba1206764f8d0430b162f1801147",
]
`;

exports[`when applied with \`cache\` option matches snapshot for \`true\` value: manifest.f504b5c36c66d8aa6a74.js 3`] = `"!function(n){var o=window.webpackJsonp;window.webpackJsonp=function(r,c,u){for(var f,i,p,l=0,a=[];l<r.length;l++)i=r[l],t[i]&&a.push(t[i][0]),t[i]=0;for(f in c)Object.prototype.hasOwnProperty.call(c,f)&&(n[f]=c[f]);for(o&&o(r,c,u);a.length;)a.shift()();if(u)for(l=0;l<u.length;l++)p=e(e.s=u[l]);return p};var r={},t={4:0};function e(o){if(r[o])return r[o].exports;var t=r[o]={i:o,l:!1,exports:{}};return n[o].call(t.exports,t,t.exports,e),t.l=!0,t.exports}e.m=n,e.c=r,e.d=function(n,o,r){e.o(n,o)||Object.defineProperty(n,o,{configurable:!1,enumerable:!0,get:r})},e.n=function(n){var o=n&&n.__esModule?function(){return n.default}:function(){return n};return e.d(o,\\"a\\",o),o},e.o=function(n,o){return Object.prototype.hasOwnProperty.call(n,o)},e.p=\\"\\",e.oe=function(n){throw console.error(n),n}}([function(n,o){n.exports=function(){console.log(7)}}]);"`;

exports[`when applied with \`cache\` option matches snapshot for \`true\` value: one.91254a4178472993cf9f.js 1`] = `"webpackJsonp([0],[],[0]);"`;

exports[`when applied with \`cache\` option matches snapshot for \`true\` value: one.91254a4178472993cf9f.js 2`] = `
Array [
  "one.91254a4178472993cf9f.js",
  "bca77b4261d90c50b50a074f61bf47d5",
]
`;

exports[`when applied with \`cache\` option matches snapshot for \`true\` value: one.91254a4178472993cf9f.js 3`] = `"webpackJsonp([0],[],[0]);"`;

exports[`when applied with \`cache\` option matches snapshot for \`true\` value: three.16209e63e6e5fb2ca2e3.js 1`] = `"webpackJsonp([2],[],[0]);"`;

exports[`when applied with \`cache\` option matches snapshot for \`true\` value: three.16209e63e6e5fb2ca2e3.js 2`] = `
Array [
  "three.16209e63e6e5fb2ca2e3.js",
  "30742418059080b2a8e5fbedc9122dd8",
]
`;

exports[`when applied with \`cache\` option matches snapshot for \`true\` value: three.16209e63e6e5fb2ca2e3.js 3`] = `"webpackJsonp([2],[],[0]);"`;

exports[`when applied with \`cache\` option matches snapshot for \`true\` value: two.e9fc295fcef530d66dc5.js 1`] = `"webpackJsonp([1],[],[0]);"`;

exports[`when applied with \`cache\` option matches snapshot for \`true\` value: two.e9fc295fcef530d66dc5.js 2`] = `
Array [
  "two.e9fc295fcef530d66dc5.js",
  "013b32dd3ef2223927b0b35df4ef9531",
]
`;

exports[`when applied with \`cache\` option matches snapshot for \`true\` value: two.e9fc295fcef530d66dc5.js 3`] = `"webpackJsonp([1],[],[0]);"`;

exports[`when applied with \`cache\` option matches snapshot for \`true\` value: warnings 1`] = `Array []`;

exports[`when applied with \`cache\` option matches snapshot for \`true\` value: warnings 2`] = `Array []`;

exports[`when applied with \`cache\` option matches snapshot for errors into \`cacheKeys\` option: errors 1`] = `
Array [
  "Error: one.91254a4178472993cf9f.js from UglifyJs
Error: message",
  "Error: two.e9fc295fcef530d66dc5.js from UglifyJs
Error: message",
  "Error: three.16209e63e6e5fb2ca2e3.js from UglifyJs
Error: message",
  "Error: four.0741ac92c5e76ec45240.js from UglifyJs
Error: message",
  "Error: manifest.f504b5c36c66d8aa6a74.js from UglifyJs
Error: message",
]
`;

exports[`when applied with \`cache\` option matches snapshot for errors into \`cacheKeys\` option: four.0741ac92c5e76ec45240.js 1`] = `"webpackJsonp([3],[],[0]);"`;

exports[`when applied with \`cache\` option matches snapshot for errors into \`cacheKeys\` option: manifest.f504b5c36c66d8aa6a74.js 1`] = `
"/******/ (function(modules) { // webpackBootstrap
/******/ 	// install a JSONP callback for chunk loading
/******/ 	var parentJsonpFunction = window[\\"webpackJsonp\\"];
/******/ 	window[\\"webpackJsonp\\"] = function webpackJsonpCallback(chunkIds, moreModules, executeModules) {
/******/ 		// add \\"moreModules\\" to the modules object,
/******/ 		// then flag all \\"chunkIds\\" as loaded and fire callback
/******/ 		var moduleId, chunkId, i = 0, resolves = [], result;
/******/ 		for(;i < chunkIds.length; i++) {
/******/ 			chunkId = chunkIds[i];
/******/ 			if(installedChunks[chunkId]) {
/******/ 				resolves.push(installedChunks[chunkId][0]);
/******/ 			}
/******/ 			installedChunks[chunkId] = 0;
/******/ 		}
/******/ 		for(moduleId in moreModules) {
/******/ 			if(Object.prototype.hasOwnProperty.call(moreModules, moduleId)) {
/******/ 				modules[moduleId] = moreModules[moduleId];
/******/ 			}
/******/ 		}
/******/ 		if(parentJsonpFunction) parentJsonpFunction(chunkIds, moreModules, executeModules);
/******/ 		while(resolves.length) {
/******/ 			resolves.shift()();
/******/ 		}
/******/ 		if(executeModules) {
/******/ 			for(i=0; i < executeModules.length; i++) {
/******/ 				result = __webpack_require__(__webpack_require__.s = executeModules[i]);
/******/ 			}
/******/ 		}
/******/ 		return result;
/******/ 	};
/******/
/******/ 	// The module cache
/******/ 	var installedModules = {};
/******/
/******/ 	// objects to store loaded and loading chunks
/******/ 	var installedChunks = {
/******/ 		4: 0
/******/ 	};
/******/
/******/ 	// The require function
/******/ 	function __webpack_require__(moduleId) {
/******/
/******/ 		// Check if module is in cache
/******/ 		if(installedModules[moduleId]) {
/******/ 			return installedModules[moduleId].exports;
/******/ 		}
/******/ 		// Create a new module (and put it into the cache)
/******/ 		var module = installedModules[moduleId] = {
/******/ 			i: moduleId,
/******/ 			l: false,
/******/ 			exports: {}
/******/ 		};
/******/
/******/ 		// Execute the module function
/******/ 		modules[moduleId].call(module.exports, module, module.exports, __webpack_require__);
/******/
/******/ 		// Flag the module as loaded
/******/ 		module.l = true;
/******/
/******/ 		// Return the exports of the module
/******/ 		return module.exports;
/******/ 	}
/******/
/******/
/******/ 	// expose the modules object (__webpack_modules__)
/******/ 	__webpack_require__.m = modules;
/******/
/******/ 	// expose the module cache
/******/ 	__webpack_require__.c = installedModules;
/******/
/******/ 	// define getter function for harmony exports
/******/ 	__webpack_require__.d = function(exports, name, getter) {
/******/ 		if(!__webpack_require__.o(exports, name)) {
/******/ 			Object.defineProperty(exports, name, {
/******/ 				configurable: false,
/******/ 				enumerable: true,
/******/ 				get: getter
/******/ 			});
/******/ 		}
/******/ 	};
/******/
/******/ 	// getDefaultExport function for compatibility with non-harmony modules
/******/ 	__webpack_require__.n = function(module) {
/******/ 		var getter = module && module.__esModule ?
/******/ 			function getDefault() { return module['default']; } :
/******/ 			function getModuleExports() { return module; };
/******/ 		__webpack_require__.d(getter, 'a', getter);
/******/ 		return getter;
/******/ 	};
/******/
/******/ 	// Object.prototype.hasOwnProperty.call
/******/ 	__webpack_require__.o = function(object, property) { return Object.prototype.hasOwnProperty.call(object, property); };
/******/
/******/ 	// __webpack_public_path__
/******/ 	__webpack_require__.p = \\"\\";
/******/
/******/ 	// on error function for async loading
/******/ 	__webpack_require__.oe = function(err) { console.error(err); throw err; };
/******/ })
/************************************************************************/
/******/ ([
/* 0 */
/***/ (function(module, exports) {

// foo
/* @preserve*/
// bar
const a = 2 + 2;

module.exports = function Foo() {
  const b = 2 + 2;
  console.log(b + 1 + 2);
};


/***/ })
/******/ ]);"
`;

exports[`when applied with \`cache\` option matches snapshot for errors into \`cacheKeys\` option: one.91254a4178472993cf9f.js 1`] = `"webpackJsonp([0],[],[0]);"`;

exports[`when applied with \`cache\` option matches snapshot for errors into \`cacheKeys\` option: three.16209e63e6e5fb2ca2e3.js 1`] = `"webpackJsonp([2],[],[0]);"`;

exports[`when applied with \`cache\` option matches snapshot for errors into \`cacheKeys\` option: two.e9fc295fcef530d66dc5.js 1`] = `"webpackJsonp([1],[],[0]);"`;

exports[`when applied with \`cache\` option matches snapshot for errors into \`cacheKeys\` option: warnings 1`] = `Array []`;
