// Jest Snapshot v1, https://goo.gl/fbAQLP

exports[`ecma 5: errors 1`] = `Array []`;

exports[`ecma 5: main.js 1`] = `
"(window.webpackJsonp = window.webpackJsonp || []).push([ [ \\"main\\" ], {
    \\"./test/fixtures/ecma-5/entry.js\\": function(module, exports) {
        eval(\\"var Person = {\\\\n  firstName: null, // the person’s first name\\\\n  lastName: null // the person’s last name\\\\n};\\\\n\\\\n// “subclass” Person\\\\nvar Employee = Object.create(Person, {\\\\n  id: { // the employees’s id\\\\n    value: null,\\\\n    enumerable: true,\\\\n    configurable: true,\\\\n    writable: true\\\\n  }\\\\n});\\\\n\\\\n// “subclass” Employee\\\\nvar Manager = Object.create(Employee, {\\\\n  department: { // the manager’s department\\\\n    value: null,\\\\n    enumerable: true,\\\\n    configurable: true,\\\\n    writable: true\\\\n  }\\\\n});\\\\n\\\\nmodule.exports = {\\\\n  Person: Person,\\\\n  Employee: Employee,\\\\n  Manager: Manager\\\\n};\\\\n\\\\n\\\\n//////////////////\\\\n// WEBPACK FOOTER\\\\n// ./test/fixtures/ecma-5/entry.js\\\\n// module id = ./test/fixtures/ecma-5/entry.js\\\\n// module chunks = main\\\\n\\\\n//# sourceURL=webpack:///./test/fixtures/ecma-5/entry.js?\\");
    }
}, [ [ \\"./test/fixtures/ecma-5/entry.js\\", \\"manifest\\", \\"main\\" ] ] ]);"
`;

exports[`ecma 5: manifest.js 1`] = `
"!function(modules) {
    function webpackJsonpCallback(data) {
        for (var moduleId, chunkId, result, chunkIds = data[0], moreModules = data[1], executeModules = data[2], i = 0, resolves = []; i < chunkIds.length; i++) chunkId = chunkIds[i], 
        installedChunks[chunkId] && resolves.push(installedChunks[chunkId][0]), installedChunks[chunkId] = 0;
        for (moduleId in moreModules) Object.prototype.hasOwnProperty.call(moreModules, moduleId) && (modules[moduleId] = moreModules[moduleId]);
        for (parentJsonpFunction && parentJsonpFunction(data); resolves.length; ) resolves.shift()();
        for (scheduledModules.push.apply(scheduledModules, executeModules || []), i = 0; i < scheduledModules.length; i++) {
            for (var scheduledModule = scheduledModules[i], fullfilled = !0, j = 1; j < scheduledModule.length; j++) {
                var depId = scheduledModule[j];
                0 !== installedChunks[depId] && (fullfilled = !1);
            }
            fullfilled && (scheduledModules.splice(i--, 1), result = __webpack_require__(__webpack_require__.s = scheduledModule[0]));
        }
        return result;
    }
    function __webpack_require__(moduleId) {
        if (installedModules[moduleId]) return installedModules[moduleId].exports;
        var module = installedModules[moduleId] = {
            i: moduleId,
            l: !1,
            exports: {}
        };
        return modules[moduleId].call(module.exports, module, module.exports, __webpack_require__), 
        module.l = !0, module.exports;
    }
    var installedModules = {}, installedChunks = {
        manifest: 0
    }, scheduledModules = [];
    __webpack_require__.e = function(chunkId) {
        var promises = [], installedChunkData = installedChunks[chunkId];
        if (0 !== installedChunkData) if (installedChunkData) promises.push(installedChunkData[2]); else {
            var promise = new Promise(function(resolve, reject) {
                installedChunkData = installedChunks[chunkId] = [ resolve, reject ];
            });
            promises.push(installedChunkData[2] = promise);
            var head = document.getElementsByTagName(\\"head\\")[0], script = document.createElement(\\"script\\");
            script.charset = \\"utf-8\\", script.timeout = 12e4, __webpack_require__.nc && script.setAttribute(\\"nonce\\", __webpack_require__.nc), 
            script.src = __webpack_require__.p + \\"\\" + chunkId + \\".\\" + ({
                main: \\"main\\"
            }[chunkId] || chunkId) + \\".js\\";
            var timeout = setTimeout(function() {
                onScriptComplete({
                    type: \\"timeout\\",
                    target: script
                });
            }, 12e4);
            script.onerror = script.onload = onScriptComplete;
            function onScriptComplete(event) {
                script.onerror = script.onload = null, clearTimeout(timeout);
                var chunk = installedChunks[chunkId];
                if (0 !== chunk) {
                    if (chunk) {
                        var errorType = event && (\\"load\\" === event.type ? \\"missing\\" : event.type), realSrc = event && event.target && event.target.src, error = new Error(\\"Loading chunk \\" + chunkId + \\" failed.\\\\n(\\" + errorType + \\": \\" + realSrc + \\")\\");
                        error.type = errorType, error.request = realSrc, chunk[1](error);
                    }
                    installedChunks[chunkId] = void 0;
                }
            }
            head.appendChild(script);
        }
        return Promise.all(promises);
    }, __webpack_require__.m = modules, __webpack_require__.c = installedModules, __webpack_require__.d = function(exports, name, getter) {
        __webpack_require__.o(exports, name) || Object.defineProperty(exports, name, {
            configurable: !1,
            enumerable: !0,
            get: getter
        });
    }, __webpack_require__.r = function(exports) {
        Object.defineProperty(exports, \\"__esModule\\", {
            value: !0
        });
    }, __webpack_require__.n = function(module) {
        var getter = module && module.__esModule ? function() {
            return module.default;
        } : function() {
            return module;
        };
        return __webpack_require__.d(getter, \\"a\\", getter), getter;
    }, __webpack_require__.o = function(object, property) {
        return Object.prototype.hasOwnProperty.call(object, property);
    }, __webpack_require__.p = \\"\\", __webpack_require__.oe = function(err) {
        throw console.error(err), err;
    };
    var jsonpArray = window.webpackJsonp = window.webpackJsonp || [], parentJsonpFunction = jsonpArray.push.bind(jsonpArray);
    jsonpArray.push = webpackJsonpCallback, jsonpArray = jsonpArray.slice();
    for (var i = 0; i < jsonpArray.length; i++) webpackJsonpCallback(jsonpArray[i]);
}([]);"
`;

exports[`ecma 5: warnings 1`] = `Array []`;

exports[`ecma 6: errors 1`] = `Array []`;

exports[`ecma 6: main.js 1`] = `
"(window.webpackJsonp = window.webpackJsonp || []).push([ [ \\"main\\" ], {
    \\"./test/fixtures/ecma-6/entry.js\\": function(module, exports) {
        eval(\\"class Mortgage {\\\\n  constructor(principal, years, rate) {\\\\n    this.principal = principal;\\\\n    this.years = years;\\\\n    this.rate = rate;\\\\n  }\\\\n\\\\n  get monthlyPayment() {\\\\n    let monthlyRate = this.rate / 100 / 12;\\\\n\\\\n    return this.principal * monthlyRate / (1 - (Math.pow(1/(1 + monthlyRate), this.years * 12)));\\\\n  }\\\\n\\\\n  get amortization() {\\\\n    let monthlyPayment = this.monthlyPayment;\\\\n    let monthlyRate = this.rate / 100 / 12;\\\\n    let balance = this.principal;\\\\n    let amortization = [];\\\\n\\\\n    for (let y=0; y<this.years; y++) {\\\\n      let interestY = 0;\\\\n      let principalY = 0;\\\\n      for (let m=0; m<12; m++) {\\\\n        let interestM = balance * monthlyRate;\\\\n        let principalM = monthlyPayment - interestM;\\\\n        interestY = interestY + interestM;\\\\n        principalY = principalY + principalM;\\\\n        balance = balance - principalM;\\\\n      }\\\\n      amortization.push({principalY, interestY, balance});\\\\n    }\\\\n\\\\n    return amortization;\\\\n  }\\\\n}\\\\n\\\\nmodule.exports = Mortgage;\\\\n\\\\n\\\\n//////////////////\\\\n// WEBPACK FOOTER\\\\n// ./test/fixtures/ecma-6/entry.js\\\\n// module id = ./test/fixtures/ecma-6/entry.js\\\\n// module chunks = main\\\\n\\\\n//# sourceURL=webpack:///./test/fixtures/ecma-6/entry.js?\\");
    }
}, [ [ \\"./test/fixtures/ecma-6/entry.js\\", \\"manifest\\", \\"main\\" ] ] ]);"
`;

exports[`ecma 6: manifest.js 1`] = `
"!function(modules) {
    function webpackJsonpCallback(data) {
        for (var moduleId, chunkId, result, chunkIds = data[0], moreModules = data[1], executeModules = data[2], i = 0, resolves = []; i < chunkIds.length; i++) chunkId = chunkIds[i], 
        installedChunks[chunkId] && resolves.push(installedChunks[chunkId][0]), installedChunks[chunkId] = 0;
        for (moduleId in moreModules) Object.prototype.hasOwnProperty.call(moreModules, moduleId) && (modules[moduleId] = moreModules[moduleId]);
        for (parentJsonpFunction && parentJsonpFunction(data); resolves.length; ) resolves.shift()();
        for (scheduledModules.push.apply(scheduledModules, executeModules || []), i = 0; i < scheduledModules.length; i++) {
            for (var scheduledModule = scheduledModules[i], fullfilled = !0, j = 1; j < scheduledModule.length; j++) {
                var depId = scheduledModule[j];
                0 !== installedChunks[depId] && (fullfilled = !1);
            }
            fullfilled && (scheduledModules.splice(i--, 1), result = __webpack_require__(__webpack_require__.s = scheduledModule[0]));
        }
        return result;
    }
    function __webpack_require__(moduleId) {
        if (installedModules[moduleId]) return installedModules[moduleId].exports;
        var module = installedModules[moduleId] = {
            i: moduleId,
            l: !1,
            exports: {}
        };
        return modules[moduleId].call(module.exports, module, module.exports, __webpack_require__), 
        module.l = !0, module.exports;
    }
    var installedModules = {}, installedChunks = {
        manifest: 0
    }, scheduledModules = [];
    __webpack_require__.e = function(chunkId) {
        var promises = [], installedChunkData = installedChunks[chunkId];
        if (0 !== installedChunkData) if (installedChunkData) promises.push(installedChunkData[2]); else {
            var promise = new Promise(function(resolve, reject) {
                installedChunkData = installedChunks[chunkId] = [ resolve, reject ];
            });
            promises.push(installedChunkData[2] = promise);
            var head = document.getElementsByTagName(\\"head\\")[0], script = document.createElement(\\"script\\");
            script.charset = \\"utf-8\\", script.timeout = 12e4, __webpack_require__.nc && script.setAttribute(\\"nonce\\", __webpack_require__.nc), 
            script.src = __webpack_require__.p + \\"\\" + chunkId + \\".\\" + ({
                main: \\"main\\"
            }[chunkId] || chunkId) + \\".js\\";
            var timeout = setTimeout(function() {
                onScriptComplete({
                    type: \\"timeout\\",
                    target: script
                });
            }, 12e4);
            script.onerror = script.onload = onScriptComplete;
            function onScriptComplete(event) {
                script.onerror = script.onload = null, clearTimeout(timeout);
                var chunk = installedChunks[chunkId];
                if (0 !== chunk) {
                    if (chunk) {
                        var errorType = event && (\\"load\\" === event.type ? \\"missing\\" : event.type), realSrc = event && event.target && event.target.src, error = new Error(\\"Loading chunk \\" + chunkId + \\" failed.\\\\n(\\" + errorType + \\": \\" + realSrc + \\")\\");
                        error.type = errorType, error.request = realSrc, chunk[1](error);
                    }
                    installedChunks[chunkId] = void 0;
                }
            }
            head.appendChild(script);
        }
        return Promise.all(promises);
    }, __webpack_require__.m = modules, __webpack_require__.c = installedModules, __webpack_require__.d = function(exports, name, getter) {
        __webpack_require__.o(exports, name) || Object.defineProperty(exports, name, {
            configurable: !1,
            enumerable: !0,
            get: getter
        });
    }, __webpack_require__.r = function(exports) {
        Object.defineProperty(exports, \\"__esModule\\", {
            value: !0
        });
    }, __webpack_require__.n = function(module) {
        var getter = module && module.__esModule ? function() {
            return module.default;
        } : function() {
            return module;
        };
        return __webpack_require__.d(getter, \\"a\\", getter), getter;
    }, __webpack_require__.o = function(object, property) {
        return Object.prototype.hasOwnProperty.call(object, property);
    }, __webpack_require__.p = \\"\\", __webpack_require__.oe = function(err) {
        throw console.error(err), err;
    };
    var jsonpArray = window.webpackJsonp = window.webpackJsonp || [], parentJsonpFunction = jsonpArray.push.bind(jsonpArray);
    jsonpArray.push = webpackJsonpCallback, jsonpArray = jsonpArray.slice();
    for (var i = 0; i < jsonpArray.length; i++) webpackJsonpCallback(jsonpArray[i]);
}([]);"
`;

exports[`ecma 6: warnings 1`] = `Array []`;

exports[`ecma 7: errors 1`] = `Array []`;

exports[`ecma 7: main.js 1`] = `
"(window.webpackJsonp = window.webpackJsonp || []).push([ [ \\"main\\" ], {
    \\"./test/fixtures/ecma-7/entry.js\\": function(module, exports) {
        eval(\\"function pow(base, exponent) {\\\\n  return base ** exponent; // 9\\\\n}\\\\n\\\\nmodule.exports = pow;\\\\n\\\\n\\\\n//////////////////\\\\n// WEBPACK FOOTER\\\\n// ./test/fixtures/ecma-7/entry.js\\\\n// module id = ./test/fixtures/ecma-7/entry.js\\\\n// module chunks = main\\\\n\\\\n//# sourceURL=webpack:///./test/fixtures/ecma-7/entry.js?\\");
    }
}, [ [ \\"./test/fixtures/ecma-7/entry.js\\", \\"manifest\\", \\"main\\" ] ] ]);"
`;

exports[`ecma 7: manifest.js 1`] = `
"!function(modules) {
    function webpackJsonpCallback(data) {
        for (var moduleId, chunkId, result, chunkIds = data[0], moreModules = data[1], executeModules = data[2], i = 0, resolves = []; i < chunkIds.length; i++) chunkId = chunkIds[i], 
        installedChunks[chunkId] && resolves.push(installedChunks[chunkId][0]), installedChunks[chunkId] = 0;
        for (moduleId in moreModules) Object.prototype.hasOwnProperty.call(moreModules, moduleId) && (modules[moduleId] = moreModules[moduleId]);
        for (parentJsonpFunction && parentJsonpFunction(data); resolves.length; ) resolves.shift()();
        for (scheduledModules.push.apply(scheduledModules, executeModules || []), i = 0; i < scheduledModules.length; i++) {
            for (var scheduledModule = scheduledModules[i], fullfilled = !0, j = 1; j < scheduledModule.length; j++) {
                var depId = scheduledModule[j];
                0 !== installedChunks[depId] && (fullfilled = !1);
            }
            fullfilled && (scheduledModules.splice(i--, 1), result = __webpack_require__(__webpack_require__.s = scheduledModule[0]));
        }
        return result;
    }
    function __webpack_require__(moduleId) {
        if (installedModules[moduleId]) return installedModules[moduleId].exports;
        var module = installedModules[moduleId] = {
            i: moduleId,
            l: !1,
            exports: {}
        };
        return modules[moduleId].call(module.exports, module, module.exports, __webpack_require__), 
        module.l = !0, module.exports;
    }
    var installedModules = {}, installedChunks = {
        manifest: 0
    }, scheduledModules = [];
    __webpack_require__.e = function(chunkId) {
        var promises = [], installedChunkData = installedChunks[chunkId];
        if (0 !== installedChunkData) if (installedChunkData) promises.push(installedChunkData[2]); else {
            var promise = new Promise(function(resolve, reject) {
                installedChunkData = installedChunks[chunkId] = [ resolve, reject ];
            });
            promises.push(installedChunkData[2] = promise);
            var head = document.getElementsByTagName(\\"head\\")[0], script = document.createElement(\\"script\\");
            script.charset = \\"utf-8\\", script.timeout = 12e4, __webpack_require__.nc && script.setAttribute(\\"nonce\\", __webpack_require__.nc), 
            script.src = __webpack_require__.p + \\"\\" + chunkId + \\".\\" + ({
                main: \\"main\\"
            }[chunkId] || chunkId) + \\".js\\";
            var timeout = setTimeout(function() {
                onScriptComplete({
                    type: \\"timeout\\",
                    target: script
                });
            }, 12e4);
            script.onerror = script.onload = onScriptComplete;
            function onScriptComplete(event) {
                script.onerror = script.onload = null, clearTimeout(timeout);
                var chunk = installedChunks[chunkId];
                if (0 !== chunk) {
                    if (chunk) {
                        var errorType = event && (\\"load\\" === event.type ? \\"missing\\" : event.type), realSrc = event && event.target && event.target.src, error = new Error(\\"Loading chunk \\" + chunkId + \\" failed.\\\\n(\\" + errorType + \\": \\" + realSrc + \\")\\");
                        error.type = errorType, error.request = realSrc, chunk[1](error);
                    }
                    installedChunks[chunkId] = void 0;
                }
            }
            head.appendChild(script);
        }
        return Promise.all(promises);
    }, __webpack_require__.m = modules, __webpack_require__.c = installedModules, __webpack_require__.d = function(exports, name, getter) {
        __webpack_require__.o(exports, name) || Object.defineProperty(exports, name, {
            configurable: !1,
            enumerable: !0,
            get: getter
        });
    }, __webpack_require__.r = function(exports) {
        Object.defineProperty(exports, \\"__esModule\\", {
            value: !0
        });
    }, __webpack_require__.n = function(module) {
        var getter = module && module.__esModule ? function() {
            return module.default;
        } : function() {
            return module;
        };
        return __webpack_require__.d(getter, \\"a\\", getter), getter;
    }, __webpack_require__.o = function(object, property) {
        return Object.prototype.hasOwnProperty.call(object, property);
    }, __webpack_require__.p = \\"\\", __webpack_require__.oe = function(err) {
        throw console.error(err), err;
    };
    var jsonpArray = window.webpackJsonp = window.webpackJsonp || [], parentJsonpFunction = jsonpArray.push.bind(jsonpArray);
    jsonpArray.push = webpackJsonpCallback, jsonpArray = jsonpArray.slice();
    for (var i = 0; i < jsonpArray.length; i++) webpackJsonpCallback(jsonpArray[i]);
}([]);"
`;

exports[`ecma 7: warnings 1`] = `Array []`;

exports[`ecma 8: errors 1`] = `Array []`;

exports[`ecma 8: main.js 1`] = `
"(window.webpackJsonp = window.webpackJsonp || []).push([ [ \\"main\\" ], {
    \\"./test/fixtures/ecma-8/entry.js\\": function(module, exports) {
        eval(\\"async function fetchJson(url) {\\\\n  try {\\\\n    let request = await fetch(url);\\\\n    let text = await request.text();\\\\n    return JSON.parse(text);\\\\n  } catch (error) {\\\\n    console.log(\`ERROR: \${error.stack}\`);\\\\n  }\\\\n}\\\\n\\\\nmodule.exports = fetchJson;\\\\n\\\\n\\\\n//////////////////\\\\n// WEBPACK FOOTER\\\\n// ./test/fixtures/ecma-8/entry.js\\\\n// module id = ./test/fixtures/ecma-8/entry.js\\\\n// module chunks = main\\\\n\\\\n//# sourceURL=webpack:///./test/fixtures/ecma-8/entry.js?\\");
    }
}, [ [ \\"./test/fixtures/ecma-8/entry.js\\", \\"manifest\\", \\"main\\" ] ] ]);"
`;

exports[`ecma 8: manifest.js 1`] = `
"!function(modules) {
    function webpackJsonpCallback(data) {
        for (var moduleId, chunkId, result, chunkIds = data[0], moreModules = data[1], executeModules = data[2], i = 0, resolves = []; i < chunkIds.length; i++) chunkId = chunkIds[i], 
        installedChunks[chunkId] && resolves.push(installedChunks[chunkId][0]), installedChunks[chunkId] = 0;
        for (moduleId in moreModules) Object.prototype.hasOwnProperty.call(moreModules, moduleId) && (modules[moduleId] = moreModules[moduleId]);
        for (parentJsonpFunction && parentJsonpFunction(data); resolves.length; ) resolves.shift()();
        for (scheduledModules.push.apply(scheduledModules, executeModules || []), i = 0; i < scheduledModules.length; i++) {
            for (var scheduledModule = scheduledModules[i], fullfilled = !0, j = 1; j < scheduledModule.length; j++) {
                var depId = scheduledModule[j];
                0 !== installedChunks[depId] && (fullfilled = !1);
            }
            fullfilled && (scheduledModules.splice(i--, 1), result = __webpack_require__(__webpack_require__.s = scheduledModule[0]));
        }
        return result;
    }
    function __webpack_require__(moduleId) {
        if (installedModules[moduleId]) return installedModules[moduleId].exports;
        var module = installedModules[moduleId] = {
            i: moduleId,
            l: !1,
            exports: {}
        };
        return modules[moduleId].call(module.exports, module, module.exports, __webpack_require__), 
        module.l = !0, module.exports;
    }
    var installedModules = {}, installedChunks = {
        manifest: 0
    }, scheduledModules = [];
    __webpack_require__.e = function(chunkId) {
        var promises = [], installedChunkData = installedChunks[chunkId];
        if (0 !== installedChunkData) if (installedChunkData) promises.push(installedChunkData[2]); else {
            var promise = new Promise(function(resolve, reject) {
                installedChunkData = installedChunks[chunkId] = [ resolve, reject ];
            });
            promises.push(installedChunkData[2] = promise);
            var head = document.getElementsByTagName(\\"head\\")[0], script = document.createElement(\\"script\\");
            script.charset = \\"utf-8\\", script.timeout = 12e4, __webpack_require__.nc && script.setAttribute(\\"nonce\\", __webpack_require__.nc), 
            script.src = __webpack_require__.p + \\"\\" + chunkId + \\".\\" + ({
                main: \\"main\\"
            }[chunkId] || chunkId) + \\".js\\";
            var timeout = setTimeout(function() {
                onScriptComplete({
                    type: \\"timeout\\",
                    target: script
                });
            }, 12e4);
            script.onerror = script.onload = onScriptComplete;
            function onScriptComplete(event) {
                script.onerror = script.onload = null, clearTimeout(timeout);
                var chunk = installedChunks[chunkId];
                if (0 !== chunk) {
                    if (chunk) {
                        var errorType = event && (\\"load\\" === event.type ? \\"missing\\" : event.type), realSrc = event && event.target && event.target.src, error = new Error(\\"Loading chunk \\" + chunkId + \\" failed.\\\\n(\\" + errorType + \\": \\" + realSrc + \\")\\");
                        error.type = errorType, error.request = realSrc, chunk[1](error);
                    }
                    installedChunks[chunkId] = void 0;
                }
            }
            head.appendChild(script);
        }
        return Promise.all(promises);
    }, __webpack_require__.m = modules, __webpack_require__.c = installedModules, __webpack_require__.d = function(exports, name, getter) {
        __webpack_require__.o(exports, name) || Object.defineProperty(exports, name, {
            configurable: !1,
            enumerable: !0,
            get: getter
        });
    }, __webpack_require__.r = function(exports) {
        Object.defineProperty(exports, \\"__esModule\\", {
            value: !0
        });
    }, __webpack_require__.n = function(module) {
        var getter = module && module.__esModule ? function() {
            return module.default;
        } : function() {
            return module;
        };
        return __webpack_require__.d(getter, \\"a\\", getter), getter;
    }, __webpack_require__.o = function(object, property) {
        return Object.prototype.hasOwnProperty.call(object, property);
    }, __webpack_require__.p = \\"\\", __webpack_require__.oe = function(err) {
        throw console.error(err), err;
    };
    var jsonpArray = window.webpackJsonp = window.webpackJsonp || [], parentJsonpFunction = jsonpArray.push.bind(jsonpArray);
    jsonpArray.push = webpackJsonpCallback, jsonpArray = jsonpArray.slice();
    for (var i = 0; i < jsonpArray.length; i++) webpackJsonpCallback(jsonpArray[i]);
}([]);"
`;

exports[`ecma 8: warnings 1`] = `Array []`;

exports[`import-export: errors 1`] = `Array []`;

exports[`import-export: main.js 1`] = `
"(window.webpackJsonp = window.webpackJsonp || []).push([ [ \\"main\\" ], {
    \\"./test/fixtures/import-export/dep.js\\": function(module, __webpack_exports__, __webpack_require__) {
        \\"use strict\\";
        eval(\\"__webpack_require__.r(__webpack_exports__);\\\\n/* harmony export (binding) */ __webpack_require__.d(__webpack_exports__, \\\\\\"bar\\\\\\", function() { return bar; });\\\\nconst bar = 'bar';\\\\n/* harmony default export */ __webpack_exports__[\\\\\\"default\\\\\\"] = ('foo');\\\\n\\\\n\\\\n//////////////////\\\\n// WEBPACK FOOTER\\\\n// ./test/fixtures/import-export/dep.js\\\\n// module id = ./test/fixtures/import-export/dep.js\\\\n// module chunks = main\\\\n\\\\n//# sourceURL=webpack:///./test/fixtures/import-export/dep.js?\\");
    },
    \\"./test/fixtures/import-export/entry.js\\": function(module, __webpack_exports__, __webpack_require__) {
        \\"use strict\\";
        eval('__webpack_require__.r(__webpack_exports__);\\\\n/* harmony import */ var _dep__WEBPACK_IMPORTED_MODULE_0__ = __webpack_require__(/*! ./dep */\\"./test/fixtures/import-export/dep.js\\");\\\\n\\\\n\\\\nfunction Foo() {\\\\n  const b = _dep__WEBPACK_IMPORTED_MODULE_0__[\\"default\\"];\\\\n  const baz = \`baz\${Math.random()}\`;\\\\n  return () => {\\\\n    return {\\\\n      a: b + _dep__WEBPACK_IMPORTED_MODULE_0__[\\"bar\\"] + baz,\\\\n      b,\\\\n      baz,\\\\n    };\\\\n  };\\\\n}\\\\n\\\\n/* harmony default export */ __webpack_exports__[\\"default\\"] = (Foo);\\\\n\\\\n\\\\n//////////////////\\\\n// WEBPACK FOOTER\\\\n// ./test/fixtures/import-export/entry.js\\\\n// module id = ./test/fixtures/import-export/entry.js\\\\n// module chunks = main\\\\n\\\\n//# sourceURL=webpack:///./test/fixtures/import-export/entry.js?');
    }
}, [ [ \\"./test/fixtures/import-export/entry.js\\", \\"manifest\\", \\"main\\" ] ] ]);"
`;

exports[`import-export: manifest.js 1`] = `
"!function(modules) {
    function webpackJsonpCallback(data) {
        for (var moduleId, chunkId, result, chunkIds = data[0], moreModules = data[1], executeModules = data[2], i = 0, resolves = []; i < chunkIds.length; i++) chunkId = chunkIds[i], 
        installedChunks[chunkId] && resolves.push(installedChunks[chunkId][0]), installedChunks[chunkId] = 0;
        for (moduleId in moreModules) Object.prototype.hasOwnProperty.call(moreModules, moduleId) && (modules[moduleId] = moreModules[moduleId]);
        for (parentJsonpFunction && parentJsonpFunction(data); resolves.length; ) resolves.shift()();
        for (scheduledModules.push.apply(scheduledModules, executeModules || []), i = 0; i < scheduledModules.length; i++) {
            for (var scheduledModule = scheduledModules[i], fullfilled = !0, j = 1; j < scheduledModule.length; j++) {
                var depId = scheduledModule[j];
                0 !== installedChunks[depId] && (fullfilled = !1);
            }
            fullfilled && (scheduledModules.splice(i--, 1), result = __webpack_require__(__webpack_require__.s = scheduledModule[0]));
        }
        return result;
    }
    function __webpack_require__(moduleId) {
        if (installedModules[moduleId]) return installedModules[moduleId].exports;
        var module = installedModules[moduleId] = {
            i: moduleId,
            l: !1,
            exports: {}
        };
        return modules[moduleId].call(module.exports, module, module.exports, __webpack_require__), 
        module.l = !0, module.exports;
    }
    var installedModules = {}, installedChunks = {
        manifest: 0
    }, scheduledModules = [];
    __webpack_require__.e = function(chunkId) {
        var promises = [], installedChunkData = installedChunks[chunkId];
        if (0 !== installedChunkData) if (installedChunkData) promises.push(installedChunkData[2]); else {
            var promise = new Promise(function(resolve, reject) {
                installedChunkData = installedChunks[chunkId] = [ resolve, reject ];
            });
            promises.push(installedChunkData[2] = promise);
            var head = document.getElementsByTagName(\\"head\\")[0], script = document.createElement(\\"script\\");
            script.charset = \\"utf-8\\", script.timeout = 12e4, __webpack_require__.nc && script.setAttribute(\\"nonce\\", __webpack_require__.nc), 
            script.src = __webpack_require__.p + \\"\\" + chunkId + \\".\\" + ({
                main: \\"main\\"
            }[chunkId] || chunkId) + \\".js\\";
            var timeout = setTimeout(function() {
                onScriptComplete({
                    type: \\"timeout\\",
                    target: script
                });
            }, 12e4);
            script.onerror = script.onload = onScriptComplete;
            function onScriptComplete(event) {
                script.onerror = script.onload = null, clearTimeout(timeout);
                var chunk = installedChunks[chunkId];
                if (0 !== chunk) {
                    if (chunk) {
                        var errorType = event && (\\"load\\" === event.type ? \\"missing\\" : event.type), realSrc = event && event.target && event.target.src, error = new Error(\\"Loading chunk \\" + chunkId + \\" failed.\\\\n(\\" + errorType + \\": \\" + realSrc + \\")\\");
                        error.type = errorType, error.request = realSrc, chunk[1](error);
                    }
                    installedChunks[chunkId] = void 0;
                }
            }
            head.appendChild(script);
        }
        return Promise.all(promises);
    }, __webpack_require__.m = modules, __webpack_require__.c = installedModules, __webpack_require__.d = function(exports, name, getter) {
        __webpack_require__.o(exports, name) || Object.defineProperty(exports, name, {
            configurable: !1,
            enumerable: !0,
            get: getter
        });
    }, __webpack_require__.r = function(exports) {
        Object.defineProperty(exports, \\"__esModule\\", {
            value: !0
        });
    }, __webpack_require__.n = function(module) {
        var getter = module && module.__esModule ? function() {
            return module.default;
        } : function() {
            return module;
        };
        return __webpack_require__.d(getter, \\"a\\", getter), getter;
    }, __webpack_require__.o = function(object, property) {
        return Object.prototype.hasOwnProperty.call(object, property);
    }, __webpack_require__.p = \\"\\", __webpack_require__.oe = function(err) {
        throw console.error(err), err;
    };
    var jsonpArray = window.webpackJsonp = window.webpackJsonp || [], parentJsonpFunction = jsonpArray.push.bind(jsonpArray);
    jsonpArray.push = webpackJsonpCallback, jsonpArray = jsonpArray.slice();
    for (var i = 0; i < jsonpArray.length; i++) webpackJsonpCallback(jsonpArray[i]);
}([]);"
`;

exports[`import-export: warnings 1`] = `Array []`;
