// Jest Snapshot v1, https://goo.gl/fbAQLP

exports[`entry.04977961bbc088511e0f.js 1`] = `
"(window[\\"webpackJsonp\\"] = window[\\"webpackJsonp\\"] || []).push([[\\"entry\\"],{

/***/ \\"./test/fixtures/entry.js\\":
/*!********************************!*\\\\
  !*** ./test/fixtures/entry.js ***!
  \\\\********************************/
/*! no static exports found */
/***/ (function(module, exports) {

eval(\\"// foo\\\\n/* @preserve*/\\\\n// bar\\\\nconst a = 2 + 2;\\\\n\\\\nmodule.exports = function Foo() {\\\\n  const b = 2 + 2;\\\\n  console.log(b + 1 + 2);\\\\n};\\\\n\\\\n\\\\n//////////////////\\\\n// WEBPACK FOOTER\\\\n// ./test/fixtures/entry.js\\\\n// module id = ./test/fixtures/entry.js\\\\n// module chunks = entry\\\\n\\\\n//# sourceURL=webpack:///./test/fixtures/entry.js?\\");

/***/ })

},[[\\"./test/fixtures/entry.js\\",\\"manifest\\",\\"entry\\"]]]);"
`;

exports[`entry.04977961bbc088511e0f.js 2`] = `
"(window[\\"webpackJsonp\\"] = window[\\"webpackJsonp\\"] || []).push([[\\"entry\\"],{

/***/ \\"./test/fixtures/entry.js\\":
/*!********************************!*\\\\
  !*** ./test/fixtures/entry.js ***!
  \\\\********************************/
/*! no static exports found */
/***/ (function(module, exports) {

eval(\\"// foo\\\\n/* @preserve*/\\\\n// bar\\\\nconst a = 2 + 2;\\\\n\\\\nmodule.exports = function Foo() {\\\\n  const b = 2 + 2;\\\\n  console.log(b + 1 + 2);\\\\n};\\\\n\\\\n\\\\n//////////////////\\\\n// WEBPACK FOOTER\\\\n// ./test/fixtures/entry.js\\\\n// module id = ./test/fixtures/entry.js\\\\n// module chunks = entry\\\\n\\\\n//# sourceURL=webpack:///./test/fixtures/entry.js?\\");

/***/ })

},[[\\"./test/fixtures/entry.js\\",\\"manifest\\",\\"entry\\"]]]);"
`;

exports[`errors 1`] = `Array []`;

exports[`errors 2`] = `Array []`;

exports[`included1.e7911fdee5df7435ed3c.js 1`] = `"(window.webpackJsonp=window.webpackJsonp||[]).push([[\\"included1\\"],{\\"./test/fixtures/included1.js\\":function(module,exports){eval(\\"module.exports = function Bar1() {\\\\n  const b = 2 + 2;\\\\n  console.log(b + 1 + 2);\\\\n};\\\\n\\\\n\\\\n//////////////////\\\\n// WEBPACK FOOTER\\\\n// ./test/fixtures/included1.js\\\\n// module id = ./test/fixtures/included1.js\\\\n// module chunks = included1\\\\n\\\\n//# sourceURL=webpack:///./test/fixtures/included1.js?\\")}},[[\\"./test/fixtures/included1.js\\",\\"manifest\\",\\"included1\\"]]]);"`;

exports[`included1.e7911fdee5df7435ed3c.js 2`] = `"(window.webpackJsonp=window.webpackJsonp||[]).push([[\\"included1\\"],{\\"./test/fixtures/included1.js\\":function(module,exports){eval(\\"module.exports = function Bar1() {\\\\n  const b = 2 + 2;\\\\n  console.log(b + 1 + 2);\\\\n};\\\\n\\\\n\\\\n//////////////////\\\\n// WEBPACK FOOTER\\\\n// ./test/fixtures/included1.js\\\\n// module id = ./test/fixtures/included1.js\\\\n// module chunks = included1\\\\n\\\\n//# sourceURL=webpack:///./test/fixtures/included1.js?\\")}},[[\\"./test/fixtures/included1.js\\",\\"manifest\\",\\"included1\\"]]]);"`;

exports[`included2.61cbb485269dbed788f9.js 1`] = `
"(window[\\"webpackJsonp\\"] = window[\\"webpackJsonp\\"] || []).push([[\\"included2\\"],{

/***/ \\"./test/fixtures/included2.js\\":
/*!************************************!*\\\\
  !*** ./test/fixtures/included2.js ***!
  \\\\************************************/
/*! no static exports found */
/***/ (function(module, exports) {

eval(\\"module.exports = function Bar2() {\\\\n  const b = 2 + 2;\\\\n  console.log(b + 1 + 2);\\\\n};\\\\n\\\\n\\\\n//////////////////\\\\n// WEBPACK FOOTER\\\\n// ./test/fixtures/included2.js\\\\n// module id = ./test/fixtures/included2.js\\\\n// module chunks = included2\\\\n\\\\n//# sourceURL=webpack:///./test/fixtures/included2.js?\\");

/***/ })

},[[\\"./test/fixtures/included2.js\\",\\"manifest\\",\\"included2\\"]]]);"
`;

exports[`included2.61cbb485269dbed788f9.js 2`] = `"(window.webpackJsonp=window.webpackJsonp||[]).push([[\\"included2\\"],{\\"./test/fixtures/included2.js\\":function(module,exports){eval(\\"module.exports = function Bar2() {\\\\n  const b = 2 + 2;\\\\n  console.log(b + 1 + 2);\\\\n};\\\\n\\\\n\\\\n//////////////////\\\\n// WEBPACK FOOTER\\\\n// ./test/fixtures/included2.js\\\\n// module id = ./test/fixtures/included2.js\\\\n// module chunks = included2\\\\n\\\\n//# sourceURL=webpack:///./test/fixtures/included2.js?\\")}},[[\\"./test/fixtures/included2.js\\",\\"manifest\\",\\"included2\\"]]]);"`;

exports[`manifest.58bf4e12aeecf6cbaceb.js 1`] = `
"/******/ (function(modules) { // webpackBootstrap
/******/ 	// install a JSONP callback for chunk loading
/******/ 	function webpackJsonpCallback(data) {
/******/ 		var chunkIds = data[0], moreModules = data[1], executeModules = data[2];
/******/ 		// add \\"moreModules\\" to the modules object,
/******/ 		// then flag all \\"chunkIds\\" as loaded and fire callback
/******/ 		var moduleId, chunkId, i = 0, resolves = [], result;
/******/ 		for(;i < chunkIds.length; i++) {
/******/ 			chunkId = chunkIds[i];
/******/ 			if(installedChunks[chunkId]) {
/******/ 				resolves.push(installedChunks[chunkId][0]);
/******/ 			}
/******/ 			installedChunks[chunkId] = 0;
/******/ 		}
/******/ 		for(moduleId in moreModules) {
/******/ 			if(Object.prototype.hasOwnProperty.call(moreModules, moduleId)) {
/******/ 				modules[moduleId] = moreModules[moduleId];
/******/ 			}
/******/ 		}
/******/ 		if(parentJsonpFunction) parentJsonpFunction(data);
/******/ 		while(resolves.length) {
/******/ 			resolves.shift()();
/******/ 		}
/******/ 		scheduledModules.push.apply(scheduledModules, executeModules || []);
/******/
/******/ 		for(i = 0; i < scheduledModules.length; i++) {
/******/ 			var scheduledModule = scheduledModules[i];
/******/ 			var fullfilled = true;
/******/ 			for(var j = 1; j < scheduledModule.length; j++) {
/******/ 				var depId = scheduledModule[j];
/******/ 				if(installedChunks[depId] !== 0) fullfilled = false;
/******/ 			}
/******/ 			if(fullfilled) {
/******/ 				scheduledModules.splice(i--, 1);
/******/ 				result = __webpack_require__(__webpack_require__.s = scheduledModule[0]);
/******/ 			}
/******/ 		}
/******/ 		return result;
/******/ 	};
/******/
/******/ 	// The module cache
/******/ 	var installedModules = {};
/******/
/******/ 	// object to store loaded and loading chunks
/******/ 	var installedChunks = {
/******/ 		\\"manifest\\": 0
/******/ 	};
/******/
/******/ 	var scheduledModules = [];
/******/
/******/ 	// The require function
/******/ 	function __webpack_require__(moduleId) {
/******/
/******/ 		// Check if module is in cache
/******/ 		if(installedModules[moduleId]) {
/******/ 			return installedModules[moduleId].exports;
/******/ 		}
/******/ 		// Create a new module (and put it into the cache)
/******/ 		var module = installedModules[moduleId] = {
/******/ 			i: moduleId,
/******/ 			l: false,
/******/ 			exports: {}
/******/ 		};
/******/
/******/ 		// Execute the module function
/******/ 		modules[moduleId].call(module.exports, module, module.exports, __webpack_require__);
/******/
/******/ 		// Flag the module as loaded
/******/ 		module.l = true;
/******/
/******/ 		// Return the exports of the module
/******/ 		return module.exports;
/******/ 	}
/******/
/******/ 	// This file contains only the entry chunk.
/******/ 	// The chunk loading function for additional chunks
/******/ 	__webpack_require__.e = function requireEnsure(chunkId) {
/******/ 		var promises = [];
/******/
/******/
/******/ 		// JSONP chunk loading for javascript
/******/
/******/ 		var installedChunkData = installedChunks[chunkId];
/******/ 		if(installedChunkData !== 0) { // 0 means \\"already installed\\".
/******/
/******/ 			// a Promise means \\"currently loading\\".
/******/ 			if(installedChunkData) {
/******/ 				promises.push(installedChunkData[2]);
/******/ 			} else {
/******/ 				// setup Promise in chunk cache
/******/ 				var promise = new Promise(function(resolve, reject) {
/******/ 					installedChunkData = installedChunks[chunkId] = [resolve, reject];
/******/ 				});
/******/ 				promises.push(installedChunkData[2] = promise);
/******/
/******/ 				// start chunk loading
/******/ 				var head = document.getElementsByTagName('head')[0];
/******/ 				var script = document.createElement('script');
/******/ 				script.charset = 'utf-8';
/******/ 				script.timeout = 120000;
/******/
/******/ 				if (__webpack_require__.nc) {
/******/ 					script.setAttribute(\\"nonce\\", __webpack_require__.nc);
/******/ 				}
/******/ 				script.src = __webpack_require__.p + \\"\\" + chunkId + \\".\\" + ({\\"included2\\":\\"included2\\",\\"included1\\":\\"included1\\",\\"entry\\":\\"entry\\"}[chunkId]||chunkId) + \\".\\" + {\\"included2\\":\\"61cbb485269dbed788f9\\",\\"included1\\":\\"e7911fdee5df7435ed3c\\",\\"entry\\":\\"04977961bbc088511e0f\\"}[chunkId] + \\".js\\";
/******/ 				var timeout = setTimeout(function(){
/******/ 					onScriptComplete({ type: 'timeout', target: script });
/******/ 				}, 120000);
/******/ 				script.onerror = script.onload = onScriptComplete;
/******/ 				function onScriptComplete(event) {
/******/ 					// avoid mem leaks in IE.
/******/ 					script.onerror = script.onload = null;
/******/ 					clearTimeout(timeout);
/******/ 					var chunk = installedChunks[chunkId];
/******/ 					if(chunk !== 0) {
/******/ 						if(chunk) {
/******/ 							var errorType = event && (event.type === 'load' ? 'missing' : event.type);
/******/ 							var realSrc = event && event.target && event.target.src;
/******/ 							var error = new Error('Loading chunk ' + chunkId + ' failed.\\\\n(' + errorType + ': ' + realSrc + ')');
/******/ 							error.type = errorType;
/******/ 							error.request = realSrc;
/******/ 							chunk[1](error);
/******/ 						}
/******/ 						installedChunks[chunkId] = undefined;
/******/ 					}
/******/ 				};
/******/ 				head.appendChild(script);
/******/ 			}
/******/ 		}
/******/ 		return Promise.all(promises);
/******/ 	};
/******/
/******/ 	// expose the modules object (__webpack_modules__)
/******/ 	__webpack_require__.m = modules;
/******/
/******/ 	// expose the module cache
/******/ 	__webpack_require__.c = installedModules;
/******/
/******/ 	// define getter function for harmony exports
/******/ 	__webpack_require__.d = function(exports, name, getter) {
/******/ 		if(!__webpack_require__.o(exports, name)) {
/******/ 			Object.defineProperty(exports, name, {
/******/ 				configurable: false,
/******/ 				enumerable: true,
/******/ 				get: getter
/******/ 			});
/******/ 		}
/******/ 	};
/******/
/******/ 	// define __esModule on exports
/******/ 	__webpack_require__.r = function(exports) {
/******/ 		Object.defineProperty(exports, '__esModule', { value: true });
/******/ 	};
/******/
/******/ 	// getDefaultExport function for compatibility with non-harmony modules
/******/ 	__webpack_require__.n = function(module) {
/******/ 		var getter = module && module.__esModule ?
/******/ 			function getDefault() { return module['default']; } :
/******/ 			function getModuleExports() { return module; };
/******/ 		__webpack_require__.d(getter, 'a', getter);
/******/ 		return getter;
/******/ 	};
/******/
/******/ 	// Object.prototype.hasOwnProperty.call
/******/ 	__webpack_require__.o = function(object, property) { return Object.prototype.hasOwnProperty.call(object, property); };
/******/
/******/ 	// __webpack_public_path__
/******/ 	__webpack_require__.p = \\"\\";
/******/
/******/ 	// on error function for async loading
/******/ 	__webpack_require__.oe = function(err) { console.error(err); throw err; };
/******/
/******/ 	var jsonpArray = window[\\"webpackJsonp\\"] = window[\\"webpackJsonp\\"] || [];
/******/ 	var parentJsonpFunction = jsonpArray.push.bind(jsonpArray);
/******/ 	jsonpArray.push = webpackJsonpCallback;
/******/ 	jsonpArray = jsonpArray.slice();
/******/ 	for(var i = 0; i < jsonpArray.length; i++) webpackJsonpCallback(jsonpArray[i]);
/******/ })
/************************************************************************/
/******/ ([]);"
`;

exports[`manifest.58bf4e12aeecf6cbaceb.js 2`] = `
"/******/ (function(modules) { // webpackBootstrap
/******/ 	// install a JSONP callback for chunk loading
/******/ 	function webpackJsonpCallback(data) {
/******/ 		var chunkIds = data[0], moreModules = data[1], executeModules = data[2];
/******/ 		// add \\"moreModules\\" to the modules object,
/******/ 		// then flag all \\"chunkIds\\" as loaded and fire callback
/******/ 		var moduleId, chunkId, i = 0, resolves = [], result;
/******/ 		for(;i < chunkIds.length; i++) {
/******/ 			chunkId = chunkIds[i];
/******/ 			if(installedChunks[chunkId]) {
/******/ 				resolves.push(installedChunks[chunkId][0]);
/******/ 			}
/******/ 			installedChunks[chunkId] = 0;
/******/ 		}
/******/ 		for(moduleId in moreModules) {
/******/ 			if(Object.prototype.hasOwnProperty.call(moreModules, moduleId)) {
/******/ 				modules[moduleId] = moreModules[moduleId];
/******/ 			}
/******/ 		}
/******/ 		if(parentJsonpFunction) parentJsonpFunction(data);
/******/ 		while(resolves.length) {
/******/ 			resolves.shift()();
/******/ 		}
/******/ 		scheduledModules.push.apply(scheduledModules, executeModules || []);
/******/
/******/ 		for(i = 0; i < scheduledModules.length; i++) {
/******/ 			var scheduledModule = scheduledModules[i];
/******/ 			var fullfilled = true;
/******/ 			for(var j = 1; j < scheduledModule.length; j++) {
/******/ 				var depId = scheduledModule[j];
/******/ 				if(installedChunks[depId] !== 0) fullfilled = false;
/******/ 			}
/******/ 			if(fullfilled) {
/******/ 				scheduledModules.splice(i--, 1);
/******/ 				result = __webpack_require__(__webpack_require__.s = scheduledModule[0]);
/******/ 			}
/******/ 		}
/******/ 		return result;
/******/ 	};
/******/
/******/ 	// The module cache
/******/ 	var installedModules = {};
/******/
/******/ 	// object to store loaded and loading chunks
/******/ 	var installedChunks = {
/******/ 		\\"manifest\\": 0
/******/ 	};
/******/
/******/ 	var scheduledModules = [];
/******/
/******/ 	// The require function
/******/ 	function __webpack_require__(moduleId) {
/******/
/******/ 		// Check if module is in cache
/******/ 		if(installedModules[moduleId]) {
/******/ 			return installedModules[moduleId].exports;
/******/ 		}
/******/ 		// Create a new module (and put it into the cache)
/******/ 		var module = installedModules[moduleId] = {
/******/ 			i: moduleId,
/******/ 			l: false,
/******/ 			exports: {}
/******/ 		};
/******/
/******/ 		// Execute the module function
/******/ 		modules[moduleId].call(module.exports, module, module.exports, __webpack_require__);
/******/
/******/ 		// Flag the module as loaded
/******/ 		module.l = true;
/******/
/******/ 		// Return the exports of the module
/******/ 		return module.exports;
/******/ 	}
/******/
/******/ 	// This file contains only the entry chunk.
/******/ 	// The chunk loading function for additional chunks
/******/ 	__webpack_require__.e = function requireEnsure(chunkId) {
/******/ 		var promises = [];
/******/
/******/
/******/ 		// JSONP chunk loading for javascript
/******/
/******/ 		var installedChunkData = installedChunks[chunkId];
/******/ 		if(installedChunkData !== 0) { // 0 means \\"already installed\\".
/******/
/******/ 			// a Promise means \\"currently loading\\".
/******/ 			if(installedChunkData) {
/******/ 				promises.push(installedChunkData[2]);
/******/ 			} else {
/******/ 				// setup Promise in chunk cache
/******/ 				var promise = new Promise(function(resolve, reject) {
/******/ 					installedChunkData = installedChunks[chunkId] = [resolve, reject];
/******/ 				});
/******/ 				promises.push(installedChunkData[2] = promise);
/******/
/******/ 				// start chunk loading
/******/ 				var head = document.getElementsByTagName('head')[0];
/******/ 				var script = document.createElement('script');
/******/ 				script.charset = 'utf-8';
/******/ 				script.timeout = 120000;
/******/
/******/ 				if (__webpack_require__.nc) {
/******/ 					script.setAttribute(\\"nonce\\", __webpack_require__.nc);
/******/ 				}
/******/ 				script.src = __webpack_require__.p + \\"\\" + chunkId + \\".\\" + ({\\"included2\\":\\"included2\\",\\"included1\\":\\"included1\\",\\"entry\\":\\"entry\\"}[chunkId]||chunkId) + \\".\\" + {\\"included2\\":\\"61cbb485269dbed788f9\\",\\"included1\\":\\"e7911fdee5df7435ed3c\\",\\"entry\\":\\"04977961bbc088511e0f\\"}[chunkId] + \\".js\\";
/******/ 				var timeout = setTimeout(function(){
/******/ 					onScriptComplete({ type: 'timeout', target: script });
/******/ 				}, 120000);
/******/ 				script.onerror = script.onload = onScriptComplete;
/******/ 				function onScriptComplete(event) {
/******/ 					// avoid mem leaks in IE.
/******/ 					script.onerror = script.onload = null;
/******/ 					clearTimeout(timeout);
/******/ 					var chunk = installedChunks[chunkId];
/******/ 					if(chunk !== 0) {
/******/ 						if(chunk) {
/******/ 							var errorType = event && (event.type === 'load' ? 'missing' : event.type);
/******/ 							var realSrc = event && event.target && event.target.src;
/******/ 							var error = new Error('Loading chunk ' + chunkId + ' failed.\\\\n(' + errorType + ': ' + realSrc + ')');
/******/ 							error.type = errorType;
/******/ 							error.request = realSrc;
/******/ 							chunk[1](error);
/******/ 						}
/******/ 						installedChunks[chunkId] = undefined;
/******/ 					}
/******/ 				};
/******/ 				head.appendChild(script);
/******/ 			}
/******/ 		}
/******/ 		return Promise.all(promises);
/******/ 	};
/******/
/******/ 	// expose the modules object (__webpack_modules__)
/******/ 	__webpack_require__.m = modules;
/******/
/******/ 	// expose the module cache
/******/ 	__webpack_require__.c = installedModules;
/******/
/******/ 	// define getter function for harmony exports
/******/ 	__webpack_require__.d = function(exports, name, getter) {
/******/ 		if(!__webpack_require__.o(exports, name)) {
/******/ 			Object.defineProperty(exports, name, {
/******/ 				configurable: false,
/******/ 				enumerable: true,
/******/ 				get: getter
/******/ 			});
/******/ 		}
/******/ 	};
/******/
/******/ 	// define __esModule on exports
/******/ 	__webpack_require__.r = function(exports) {
/******/ 		Object.defineProperty(exports, '__esModule', { value: true });
/******/ 	};
/******/
/******/ 	// getDefaultExport function for compatibility with non-harmony modules
/******/ 	__webpack_require__.n = function(module) {
/******/ 		var getter = module && module.__esModule ?
/******/ 			function getDefault() { return module['default']; } :
/******/ 			function getModuleExports() { return module; };
/******/ 		__webpack_require__.d(getter, 'a', getter);
/******/ 		return getter;
/******/ 	};
/******/
/******/ 	// Object.prototype.hasOwnProperty.call
/******/ 	__webpack_require__.o = function(object, property) { return Object.prototype.hasOwnProperty.call(object, property); };
/******/
/******/ 	// __webpack_public_path__
/******/ 	__webpack_require__.p = \\"\\";
/******/
/******/ 	// on error function for async loading
/******/ 	__webpack_require__.oe = function(err) { console.error(err); throw err; };
/******/
/******/ 	var jsonpArray = window[\\"webpackJsonp\\"] = window[\\"webpackJsonp\\"] || [];
/******/ 	var parentJsonpFunction = jsonpArray.push.bind(jsonpArray);
/******/ 	jsonpArray.push = webpackJsonpCallback;
/******/ 	jsonpArray = jsonpArray.slice();
/******/ 	for(var i = 0; i < jsonpArray.length; i++) webpackJsonpCallback(jsonpArray[i]);
/******/ })
/************************************************************************/
/******/ ([]);"
`;

exports[`warnings 1`] = `Array []`;

exports[`warnings 2`] = `Array []`;
