// Jest Snapshot v1, https://goo.gl/fbAQLP

exports[`when applied with \`include\` option matches snapshot for a single \`include\` value: entry.a3533847fa24ef98733c.js 1`] = `
"webpackJsonp([2],{

/***/ 2:
/***/ (function(module, exports) {

// foo
/* @preserve*/
// bar
const a = 2 + 2;

module.exports = function Foo() {
  const b = 2 + 2;
  console.log(b + 1 + 2);
};


/***/ })

},[2]);"
`;

exports[`when applied with \`include\` option matches snapshot for a single \`include\` value: errors 1`] = `Array []`;

exports[`when applied with \`include\` option matches snapshot for a single \`include\` value: included1.3c000166b4174c9cb9a0.js 1`] = `"webpackJsonp([1],[function(o,n){o.exports=function(){console.log(7)}}],[0]);"`;

exports[`when applied with \`include\` option matches snapshot for a single \`include\` value: included2.110cfb201ee67fa7a412.js 1`] = `
"webpackJsonp([0],[
/* 0 */,
/* 1 */
/***/ (function(module, exports) {

module.exports = function Bar2() {
  const b = 2 + 2;
  console.log(b + 1 + 2);
};


/***/ })
],[1]);"
`;

exports[`when applied with \`include\` option matches snapshot for a single \`include\` value: manifest.d37b2b873f771997c745.js 1`] = `
"/******/ (function(modules) { // webpackBootstrap
/******/ 	// install a JSONP callback for chunk loading
/******/ 	var parentJsonpFunction = window[\\"webpackJsonp\\"];
/******/ 	window[\\"webpackJsonp\\"] = function webpackJsonpCallback(chunkIds, moreModules, executeModules) {
/******/ 		// add \\"moreModules\\" to the modules object,
/******/ 		// then flag all \\"chunkIds\\" as loaded and fire callback
/******/ 		var moduleId, chunkId, i = 0, resolves = [], result;
/******/ 		for(;i < chunkIds.length; i++) {
/******/ 			chunkId = chunkIds[i];
/******/ 			if(installedChunks[chunkId]) {
/******/ 				resolves.push(installedChunks[chunkId][0]);
/******/ 			}
/******/ 			installedChunks[chunkId] = 0;
/******/ 		}
/******/ 		for(moduleId in moreModules) {
/******/ 			if(Object.prototype.hasOwnProperty.call(moreModules, moduleId)) {
/******/ 				modules[moduleId] = moreModules[moduleId];
/******/ 			}
/******/ 		}
/******/ 		if(parentJsonpFunction) parentJsonpFunction(chunkIds, moreModules, executeModules);
/******/ 		while(resolves.length) {
/******/ 			resolves.shift()();
/******/ 		}
/******/ 		if(executeModules) {
/******/ 			for(i=0; i < executeModules.length; i++) {
/******/ 				result = __webpack_require__(__webpack_require__.s = executeModules[i]);
/******/ 			}
/******/ 		}
/******/ 		return result;
/******/ 	};
/******/
/******/ 	// The module cache
/******/ 	var installedModules = {};
/******/
/******/ 	// objects to store loaded and loading chunks
/******/ 	var installedChunks = {
/******/ 		3: 0
/******/ 	};
/******/
/******/ 	// The require function
/******/ 	function __webpack_require__(moduleId) {
/******/
/******/ 		// Check if module is in cache
/******/ 		if(installedModules[moduleId]) {
/******/ 			return installedModules[moduleId].exports;
/******/ 		}
/******/ 		// Create a new module (and put it into the cache)
/******/ 		var module = installedModules[moduleId] = {
/******/ 			i: moduleId,
/******/ 			l: false,
/******/ 			exports: {}
/******/ 		};
/******/
/******/ 		// Execute the module function
/******/ 		modules[moduleId].call(module.exports, module, module.exports, __webpack_require__);
/******/
/******/ 		// Flag the module as loaded
/******/ 		module.l = true;
/******/
/******/ 		// Return the exports of the module
/******/ 		return module.exports;
/******/ 	}
/******/
/******/
/******/ 	// expose the modules object (__webpack_modules__)
/******/ 	__webpack_require__.m = modules;
/******/
/******/ 	// expose the module cache
/******/ 	__webpack_require__.c = installedModules;
/******/
/******/ 	// define getter function for harmony exports
/******/ 	__webpack_require__.d = function(exports, name, getter) {
/******/ 		if(!__webpack_require__.o(exports, name)) {
/******/ 			Object.defineProperty(exports, name, {
/******/ 				configurable: false,
/******/ 				enumerable: true,
/******/ 				get: getter
/******/ 			});
/******/ 		}
/******/ 	};
/******/
/******/ 	// getDefaultExport function for compatibility with non-harmony modules
/******/ 	__webpack_require__.n = function(module) {
/******/ 		var getter = module && module.__esModule ?
/******/ 			function getDefault() { return module['default']; } :
/******/ 			function getModuleExports() { return module; };
/******/ 		__webpack_require__.d(getter, 'a', getter);
/******/ 		return getter;
/******/ 	};
/******/
/******/ 	// Object.prototype.hasOwnProperty.call
/******/ 	__webpack_require__.o = function(object, property) { return Object.prototype.hasOwnProperty.call(object, property); };
/******/
/******/ 	// __webpack_public_path__
/******/ 	__webpack_require__.p = \\"\\";
/******/
/******/ 	// on error function for async loading
/******/ 	__webpack_require__.oe = function(err) { console.error(err); throw err; };
/******/ })
/************************************************************************/
/******/ ([]);"
`;

exports[`when applied with \`include\` option matches snapshot for a single \`include\` value: warnings 1`] = `Array []`;

exports[`when applied with \`include\` option matches snapshot for multiple \`include\` values: entry.a3533847fa24ef98733c.js 1`] = `
"webpackJsonp([2],{

/***/ 2:
/***/ (function(module, exports) {

// foo
/* @preserve*/
// bar
const a = 2 + 2;

module.exports = function Foo() {
  const b = 2 + 2;
  console.log(b + 1 + 2);
};


/***/ })

},[2]);"
`;

exports[`when applied with \`include\` option matches snapshot for multiple \`include\` values: errors 1`] = `Array []`;

exports[`when applied with \`include\` option matches snapshot for multiple \`include\` values: included1.3c000166b4174c9cb9a0.js 1`] = `"webpackJsonp([1],[function(o,n){o.exports=function(){console.log(7)}}],[0]);"`;

exports[`when applied with \`include\` option matches snapshot for multiple \`include\` values: included2.110cfb201ee67fa7a412.js 1`] = `"webpackJsonp([0],[,function(o,n){o.exports=function(){console.log(7)}}],[1]);"`;

exports[`when applied with \`include\` option matches snapshot for multiple \`include\` values: manifest.d37b2b873f771997c745.js 1`] = `
"/******/ (function(modules) { // webpackBootstrap
/******/ 	// install a JSONP callback for chunk loading
/******/ 	var parentJsonpFunction = window[\\"webpackJsonp\\"];
/******/ 	window[\\"webpackJsonp\\"] = function webpackJsonpCallback(chunkIds, moreModules, executeModules) {
/******/ 		// add \\"moreModules\\" to the modules object,
/******/ 		// then flag all \\"chunkIds\\" as loaded and fire callback
/******/ 		var moduleId, chunkId, i = 0, resolves = [], result;
/******/ 		for(;i < chunkIds.length; i++) {
/******/ 			chunkId = chunkIds[i];
/******/ 			if(installedChunks[chunkId]) {
/******/ 				resolves.push(installedChunks[chunkId][0]);
/******/ 			}
/******/ 			installedChunks[chunkId] = 0;
/******/ 		}
/******/ 		for(moduleId in moreModules) {
/******/ 			if(Object.prototype.hasOwnProperty.call(moreModules, moduleId)) {
/******/ 				modules[moduleId] = moreModules[moduleId];
/******/ 			}
/******/ 		}
/******/ 		if(parentJsonpFunction) parentJsonpFunction(chunkIds, moreModules, executeModules);
/******/ 		while(resolves.length) {
/******/ 			resolves.shift()();
/******/ 		}
/******/ 		if(executeModules) {
/******/ 			for(i=0; i < executeModules.length; i++) {
/******/ 				result = __webpack_require__(__webpack_require__.s = executeModules[i]);
/******/ 			}
/******/ 		}
/******/ 		return result;
/******/ 	};
/******/
/******/ 	// The module cache
/******/ 	var installedModules = {};
/******/
/******/ 	// objects to store loaded and loading chunks
/******/ 	var installedChunks = {
/******/ 		3: 0
/******/ 	};
/******/
/******/ 	// The require function
/******/ 	function __webpack_require__(moduleId) {
/******/
/******/ 		// Check if module is in cache
/******/ 		if(installedModules[moduleId]) {
/******/ 			return installedModules[moduleId].exports;
/******/ 		}
/******/ 		// Create a new module (and put it into the cache)
/******/ 		var module = installedModules[moduleId] = {
/******/ 			i: moduleId,
/******/ 			l: false,
/******/ 			exports: {}
/******/ 		};
/******/
/******/ 		// Execute the module function
/******/ 		modules[moduleId].call(module.exports, module, module.exports, __webpack_require__);
/******/
/******/ 		// Flag the module as loaded
/******/ 		module.l = true;
/******/
/******/ 		// Return the exports of the module
/******/ 		return module.exports;
/******/ 	}
/******/
/******/
/******/ 	// expose the modules object (__webpack_modules__)
/******/ 	__webpack_require__.m = modules;
/******/
/******/ 	// expose the module cache
/******/ 	__webpack_require__.c = installedModules;
/******/
/******/ 	// define getter function for harmony exports
/******/ 	__webpack_require__.d = function(exports, name, getter) {
/******/ 		if(!__webpack_require__.o(exports, name)) {
/******/ 			Object.defineProperty(exports, name, {
/******/ 				configurable: false,
/******/ 				enumerable: true,
/******/ 				get: getter
/******/ 			});
/******/ 		}
/******/ 	};
/******/
/******/ 	// getDefaultExport function for compatibility with non-harmony modules
/******/ 	__webpack_require__.n = function(module) {
/******/ 		var getter = module && module.__esModule ?
/******/ 			function getDefault() { return module['default']; } :
/******/ 			function getModuleExports() { return module; };
/******/ 		__webpack_require__.d(getter, 'a', getter);
/******/ 		return getter;
/******/ 	};
/******/
/******/ 	// Object.prototype.hasOwnProperty.call
/******/ 	__webpack_require__.o = function(object, property) { return Object.prototype.hasOwnProperty.call(object, property); };
/******/
/******/ 	// __webpack_public_path__
/******/ 	__webpack_require__.p = \\"\\";
/******/
/******/ 	// on error function for async loading
/******/ 	__webpack_require__.oe = function(err) { console.error(err); throw err; };
/******/ })
/************************************************************************/
/******/ ([]);"
`;

exports[`when applied with \`include\` option matches snapshot for multiple \`include\` values: warnings 1`] = `Array []`;
