// Jest Snapshot v1, https://goo.gl/fbAQLP

exports[`when applied with minify option matches snapshot for \`terser\` minifier and \`sourceMap: true\`: errors 1`] = `Array []`;

exports[`when applied with minify option matches snapshot for \`terser\` minifier and \`sourceMap: true\`: main.js 1`] = `
Object {
  "map": Object {
    "file": "x",
    "mappings": "+CAAAA,OAAAC,eAAAC,EAAA,cAAAC,OAAA,IAcAD,EAAA,cAbAE,YAAAC,EAAAC,GACAC,KAAAF,IACAE,KAAAD,IAGAF,gBAAAI,EAAAC,GACA,MAAAC,EAAAF,EAAAH,EAAAI,EAAAJ,EACAM,EAAAH,EAAAF,EAAAG,EAAAH,EAEA,OAAAM,KAAAC,MAAAH,EAAAC",
    "names": Array [
      "Object",
      "defineProperty",
      "__webpack_exports__",
      "value",
      "[object Object]",
      "x",
      "y",
      "this",
      "a",
      "b",
      "dx",
      "dy",
      "Math",
      "hypot",
    ],
    "sources": Array [
      "test/fixtures/minify/es6.js",
    ],
    "sourcesContent": Array [
      "class Point {
  constructor(x, y) {
    this.x = x;
    this.y = y;
  }

  static distance(a, b) {
    const dx = a.x - b.x;
    const dy = a.y - b.y;

    return Math.hypot(dx, dy);
  }
}

export default Point;
",
    ],
    "version": 3,
  },
  "source": "webpackJsonp([0],[function(t,e,s){\\"use strict\\";Object.defineProperty(e,\\"__esModule\\",{value:!0});e.default=class{constructor(t,e){this.x=t,this.y=e}static distance(t,e){const s=t.x-e.x,c=t.y-e.y;return Math.hypot(s,c)}}}],[0]);",
}
`;

exports[`when applied with minify option matches snapshot for \`terser\` minifier and \`sourceMap: true\`: manifest.js 1`] = `
Object {
  "map": Object {
    "file": "x",
    "mappings": "aACA,IAAAA,EAAAC,OAAA,aACAA,OAAA,sBAAAC,EAAAC,EAAAC,GAIA,IADA,IAAAC,EAAAC,EAAAC,EAAAC,EAAA,EAAAC,EAAA,GACQD,EAAAN,EAAAQ,OAAoBF,IAC5BF,EAAAJ,EAAAM,GACAG,EAAAL,IACAG,EAAAG,KAAAD,EAAAL,GAAA,IAEAK,EAAAL,GAAA,EAEA,IAAAD,KAAAF,EACAU,OAAAC,UAAAC,eAAAC,KAAAb,EAAAE,KACAY,EAAAZ,GAAAF,EAAAE,IAIA,IADAL,KAAAE,EAAAC,EAAAC,GACAK,EAAAC,QACAD,EAAAS,OAAAT,GAEA,GAAAL,EACA,IAAAI,EAAA,EAAYA,EAAAJ,EAAAM,OAA2BF,IACvCD,EAAAY,IAAAC,EAAAhB,EAAAI,IAGA,OAAAD,GAIA,IAAAc,EAAA,GAGAV,EAAA,CACAW,EAAA,GAIA,SAAAH,EAAAd,GAGA,GAAAgB,EAAAhB,GACA,OAAAgB,EAAAhB,GAAAkB,QAGA,IAAAC,EAAAH,EAAAhB,GAAA,CACAG,EAAAH,EACAoB,GAAA,EACAF,QAAA,IAUA,OANAN,EAAAZ,GAAAW,KAAAQ,EAAAD,QAAAC,IAAAD,QAAAJ,GAGAK,EAAAC,GAAA,EAGAD,EAAAD,QAKAJ,EAAAO,EAAAT,EAGAE,EAAAQ,EAAAN,EAGAF,EAAAS,EAAA,SAAAL,EAAAM,EAAAC,GACAX,EAAAY,EAAAR,EAAAM,IACAhB,OAAAmB,eAAAT,EAAAM,EAAA,CACAI,cAAA,EACAC,YAAA,EACAC,IAAAL,KAMAX,EAAAiB,EAAA,SAAAZ,GACA,IAAAM,EAAAN,KAAAa,WACA,WAA2B,OAAAb,EAAA,SAC3B,WAAiC,OAAAA,GAEjC,OADAL,EAAAS,EAAAE,EAAA,IAAAA,GACAA,GAIAX,EAAAY,EAAA,SAAAO,EAAAC,GAAsD,OAAA1B,OAAAC,UAAAC,eAAAC,KAAAsB,EAAAC,IAGtDpB,EAAAqB,EAAA,GAGArB,EAAAsB,GAAA,SAAAC,GAA8D,MAApBC,QAAAC,MAAAF,GAAoBA",
    "names": Array [
      "parentJsonpFunction",
      "window",
      "chunkIds",
      "moreModules",
      "executeModules",
      "moduleId",
      "chunkId",
      "result",
      "i",
      "resolves",
      "length",
      "installedChunks",
      "push",
      "Object",
      "prototype",
      "hasOwnProperty",
      "call",
      "modules",
      "shift",
      "__webpack_require__",
      "s",
      "installedModules",
      "1",
      "exports",
      "module",
      "l",
      "m",
      "c",
      "d",
      "name",
      "getter",
      "o",
      "defineProperty",
      "configurable",
      "enumerable",
      "get",
      "n",
      "__esModule",
      "object",
      "property",
      "p",
      "oe",
      "err",
      "console",
      "error",
    ],
    "sources": Array [
      "webpack/bootstrap 3a73c860b0d2c6572303",
    ],
    "sourcesContent": Array [
      " 	// install a JSONP callback for chunk loading
 	var parentJsonpFunction = window[\\"webpackJsonp\\"];
 	window[\\"webpackJsonp\\"] = function webpackJsonpCallback(chunkIds, moreModules, executeModules) {
 		// add \\"moreModules\\" to the modules object,
 		// then flag all \\"chunkIds\\" as loaded and fire callback
 		var moduleId, chunkId, i = 0, resolves = [], result;
 		for(;i < chunkIds.length; i++) {
 			chunkId = chunkIds[i];
 			if(installedChunks[chunkId]) {
 				resolves.push(installedChunks[chunkId][0]);
 			}
 			installedChunks[chunkId] = 0;
 		}
 		for(moduleId in moreModules) {
 			if(Object.prototype.hasOwnProperty.call(moreModules, moduleId)) {
 				modules[moduleId] = moreModules[moduleId];
 			}
 		}
 		if(parentJsonpFunction) parentJsonpFunction(chunkIds, moreModules, executeModules);
 		while(resolves.length) {
 			resolves.shift()();
 		}
 		if(executeModules) {
 			for(i=0; i < executeModules.length; i++) {
 				result = __webpack_require__(__webpack_require__.s = executeModules[i]);
 			}
 		}
 		return result;
 	};

 	// The module cache
 	var installedModules = {};

 	// objects to store loaded and loading chunks
 	var installedChunks = {
 		1: 0
 	};

 	// The require function
 	function __webpack_require__(moduleId) {

 		// Check if module is in cache
 		if(installedModules[moduleId]) {
 			return installedModules[moduleId].exports;
 		}
 		// Create a new module (and put it into the cache)
 		var module = installedModules[moduleId] = {
 			i: moduleId,
 			l: false,
 			exports: {}
 		};

 		// Execute the module function
 		modules[moduleId].call(module.exports, module, module.exports, __webpack_require__);

 		// Flag the module as loaded
 		module.l = true;

 		// Return the exports of the module
 		return module.exports;
 	}


 	// expose the modules object (__webpack_modules__)
 	__webpack_require__.m = modules;

 	// expose the module cache
 	__webpack_require__.c = installedModules;

 	// define getter function for harmony exports
 	__webpack_require__.d = function(exports, name, getter) {
 		if(!__webpack_require__.o(exports, name)) {
 			Object.defineProperty(exports, name, {
 				configurable: false,
 				enumerable: true,
 				get: getter
 			});
 		}
 	};

 	// getDefaultExport function for compatibility with non-harmony modules
 	__webpack_require__.n = function(module) {
 		var getter = module && module.__esModule ?
 			function getDefault() { return module['default']; } :
 			function getModuleExports() { return module; };
 		__webpack_require__.d(getter, 'a', getter);
 		return getter;
 	};

 	// Object.prototype.hasOwnProperty.call
 	__webpack_require__.o = function(object, property) { return Object.prototype.hasOwnProperty.call(object, property); };

 	// __webpack_public_path__
 	__webpack_require__.p = \\"\\";

 	// on error function for async loading
 	__webpack_require__.oe = function(err) { console.error(err); throw err; };
",
    ],
    "version": 3,
  },
  "source": "!function(r){var n=window.webpackJsonp;window.webpackJsonp=function(e,u,c){for(var f,i,p,a=0,l=[];a<e.length;a++)i=e[a],o[i]&&l.push(o[i][0]),o[i]=0;for(f in u)Object.prototype.hasOwnProperty.call(u,f)&&(r[f]=u[f]);for(n&&n(e,u,c);l.length;)l.shift()();if(c)for(a=0;a<c.length;a++)p=t(t.s=c[a]);return p};var e={},o={1:0};function t(n){if(e[n])return e[n].exports;var o=e[n]={i:n,l:!1,exports:{}};return r[n].call(o.exports,o,o.exports,t),o.l=!0,o.exports}t.m=r,t.c=e,t.d=function(r,n,e){t.o(r,n)||Object.defineProperty(r,n,{configurable:!1,enumerable:!0,get:e})},t.n=function(r){var n=r&&r.__esModule?function(){return r.default}:function(){return r};return t.d(n,\\"a\\",n),n},t.o=function(r,n){return Object.prototype.hasOwnProperty.call(r,n)},t.p=\\"\\",t.oe=function(r){throw console.error(r),r}}([]);",
}
`;

exports[`when applied with minify option matches snapshot for \`terser\` minifier and \`sourceMap: true\`: warnings 1`] = `Array []`;

exports[`when applied with minify option matches snapshot for \`terser\` minifier: errors 1`] = `Array []`;

exports[`when applied with minify option matches snapshot for \`terser\` minifier: main.js 1`] = `"webpackJsonp([0],[function(t,e,s){\\"use strict\\";Object.defineProperty(e,\\"__esModule\\",{value:!0});e.default=class{constructor(t,e){this.x=t,this.y=e}static distance(t,e){const s=t.x-e.x,c=t.y-e.y;return Math.hypot(s,c)}}}],[0]);"`;

exports[`when applied with minify option matches snapshot for \`terser\` minifier: manifest.js 1`] = `"!function(r){var n=window.webpackJsonp;window.webpackJsonp=function(e,u,c){for(var f,i,p,a=0,l=[];a<e.length;a++)i=e[a],o[i]&&l.push(o[i][0]),o[i]=0;for(f in u)Object.prototype.hasOwnProperty.call(u,f)&&(r[f]=u[f]);for(n&&n(e,u,c);l.length;)l.shift()();if(c)for(a=0;a<c.length;a++)p=t(t.s=c[a]);return p};var e={},o={1:0};function t(n){if(e[n])return e[n].exports;var o=e[n]={i:n,l:!1,exports:{}};return r[n].call(o.exports,o,o.exports,t),o.l=!0,o.exports}t.m=r,t.c=e,t.d=function(r,n,e){t.o(r,n)||Object.defineProperty(r,n,{configurable:!1,enumerable:!0,get:e})},t.n=function(r){var n=r&&r.__esModule?function(){return r.default}:function(){return r};return t.d(n,\\"a\\",n),n},t.o=function(r,n){return Object.prototype.hasOwnProperty.call(r,n)},t.p=\\"\\",t.oe=function(r){throw console.error(r),r}}([]);"`;

exports[`when applied with minify option matches snapshot for \`terser\` minifier: warnings 1`] = `Array []`;

exports[`when applied with minify option matches snapshot for \`uglify-es\` minifier: errors 1`] = `Array []`;

exports[`when applied with minify option matches snapshot for \`uglify-es\` minifier: main.js 1`] = `"webpackJsonp([0],[function(t,e,s){\\"use strict\\";Object.defineProperty(e,\\"__esModule\\",{value:!0});e.default=class{constructor(t,e){this.x=t,this.y=e}static distance(t,e){const s=t.x-e.x,c=t.y-e.y;return Math.hypot(s,c)}}}],[0]);"`;

exports[`when applied with minify option matches snapshot for \`uglify-es\` minifier: manifest.js 1`] = `"!function(r){var n=window.webpackJsonp;window.webpackJsonp=function(e,u,c){for(var f,i,p,a=0,l=[];a<e.length;a++)i=e[a],o[i]&&l.push(o[i][0]),o[i]=0;for(f in u)Object.prototype.hasOwnProperty.call(u,f)&&(r[f]=u[f]);for(n&&n(e,u,c);l.length;)l.shift()();if(c)for(a=0;a<c.length;a++)p=t(t.s=c[a]);return p};var e={},o={1:0};function t(n){if(e[n])return e[n].exports;var o=e[n]={i:n,l:!1,exports:{}};return r[n].call(o.exports,o,o.exports,t),o.l=!0,o.exports}t.m=r,t.c=e,t.d=function(r,n,e){t.o(r,n)||Object.defineProperty(r,n,{configurable:!1,enumerable:!0,get:e})},t.n=function(r){var n=r&&r.__esModule?function(){return r.default}:function(){return r};return t.d(n,\\"a\\",n),n},t.o=function(r,n){return Object.prototype.hasOwnProperty.call(r,n)},t.p=\\"\\",t.oe=function(r){throw console.error(r),r}}([]);"`;

exports[`when applied with minify option matches snapshot for \`uglify-es\` minifier: warnings 1`] = `Array []`;

exports[`when applied with minify option matches snapshot for \`uglify-js\` minifier: errors 1`] = `Array []`;

exports[`when applied with minify option matches snapshot for \`uglify-js\` minifier: main.js 1`] = `"webpackJsonp([0],[function(e,n){e.exports=function(){var baz=document.getElementById(\\"root\\").innerHTML;document.getElementById(\\"demo\\").innerHTML=\\"Paragraph changed.\\"+baz}}],[0]);"`;

exports[`when applied with minify option matches snapshot for \`uglify-js\` minifier: manifest.js 1`] = `"!function(i){var p=window.webpackJsonp;window.webpackJsonp=function(r,n,e){for(var o,t,u,c=0,f=[];c<r.length;c++)t=r[c],a[t]&&f.push(a[t][0]),a[t]=0;for(o in n)Object.prototype.hasOwnProperty.call(n,o)&&(i[o]=n[o]);for(p&&p(r,n,e);f.length;)f.shift()();if(e)for(c=0;c<e.length;c++)u=l(l.s=e[c]);return u};var e={},a={1:0};function l(r){if(e[r])return e[r].exports;var n=e[r]={i:r,l:!1,exports:{}};return i[r].call(n.exports,n,n.exports,l),n.l=!0,n.exports}l.m=i,l.c=e,l.d=function(r,n,e){l.o(r,n)||Object.defineProperty(r,n,{configurable:!1,enumerable:!0,get:e})},l.n=function(r){var n=r&&r.__esModule?function(){return r.default}:function(){return r};return l.d(n,\\"a\\",n),n},l.o=function(r,n){return Object.prototype.hasOwnProperty.call(r,n)},l.p=\\"\\",l.oe=function(r){throw console.error(r),r}}([]);"`;

exports[`when applied with minify option matches snapshot for \`uglify-js\` minifier: warnings 1`] = `Array []`;
