// Jest Snapshot v1, https://goo.gl/fbAQLP

exports[`when applied with \`parallel\` option matches snapshot for \`2\` value (number): errors 1`] = `Array []`;

exports[`when applied with \`parallel\` option matches snapshot for \`2\` value (number): four.a1b99df7b4e7bc3b7f2b.js 1`] = `"!function(n){var r={};function o(e){if(r[e])return r[e].exports;var t=r[e]={i:e,l:!1,exports:{}};return n[e].call(t.exports,t,t.exports,o),t.l=!0,t.exports}o.m=n,o.c=r,o.d=function(e,t,n){o.o(e,t)||Object.defineProperty(e,t,{enumerable:!0,get:n})},o.r=function(e){\\"undefined\\"!=typeof Symbol&&Symbol.toStringTag&&Object.defineProperty(e,Symbol.toStringTag,{value:\\"Module\\"}),Object.defineProperty(e,\\"__esModule\\",{value:!0})},o.t=function(t,e){if(1&e&&(t=o(t)),8&e)return t;if(4&e&&\\"object\\"==typeof t&&t&&t.__esModule)return t;var n=Object.create(null);if(o.r(n),Object.defineProperty(n,\\"default\\",{enumerable:!0,value:t}),2&e&&\\"string\\"!=typeof t)for(var r in t)o.d(n,r,function(e){return t[e]}.bind(null,r));return n},o.n=function(e){var t=e&&e.__esModule?function(){return e.default}:function(){return e};return o.d(t,\\"a\\",t),t},o.o=function(e,t){return Object.prototype.hasOwnProperty.call(e,t)},o.p=\\"\\",o(o.s=0)}([function(e,t){e.exports=function(){console.log(7)}}]);"`;

exports[`when applied with \`parallel\` option matches snapshot for \`2\` value (number): one.a26e940242267aeedd4c.js 1`] = `"!function(n){var r={};function o(e){if(r[e])return r[e].exports;var t=r[e]={i:e,l:!1,exports:{}};return n[e].call(t.exports,t,t.exports,o),t.l=!0,t.exports}o.m=n,o.c=r,o.d=function(e,t,n){o.o(e,t)||Object.defineProperty(e,t,{enumerable:!0,get:n})},o.r=function(e){\\"undefined\\"!=typeof Symbol&&Symbol.toStringTag&&Object.defineProperty(e,Symbol.toStringTag,{value:\\"Module\\"}),Object.defineProperty(e,\\"__esModule\\",{value:!0})},o.t=function(t,e){if(1&e&&(t=o(t)),8&e)return t;if(4&e&&\\"object\\"==typeof t&&t&&t.__esModule)return t;var n=Object.create(null);if(o.r(n),Object.defineProperty(n,\\"default\\",{enumerable:!0,value:t}),2&e&&\\"string\\"!=typeof t)for(var r in t)o.d(n,r,function(e){return t[e]}.bind(null,r));return n},o.n=function(e){var t=e&&e.__esModule?function(){return e.default}:function(){return e};return o.d(t,\\"a\\",t),t},o.o=function(e,t){return Object.prototype.hasOwnProperty.call(e,t)},o.p=\\"\\",o(o.s=0)}([function(e,t){e.exports=function(){console.log(7)}}]);"`;

exports[`when applied with \`parallel\` option matches snapshot for \`2\` value (number): three.2ef808c017a1e227bbf9.js 1`] = `"!function(n){var r={};function o(e){if(r[e])return r[e].exports;var t=r[e]={i:e,l:!1,exports:{}};return n[e].call(t.exports,t,t.exports,o),t.l=!0,t.exports}o.m=n,o.c=r,o.d=function(e,t,n){o.o(e,t)||Object.defineProperty(e,t,{enumerable:!0,get:n})},o.r=function(e){\\"undefined\\"!=typeof Symbol&&Symbol.toStringTag&&Object.defineProperty(e,Symbol.toStringTag,{value:\\"Module\\"}),Object.defineProperty(e,\\"__esModule\\",{value:!0})},o.t=function(t,e){if(1&e&&(t=o(t)),8&e)return t;if(4&e&&\\"object\\"==typeof t&&t&&t.__esModule)return t;var n=Object.create(null);if(o.r(n),Object.defineProperty(n,\\"default\\",{enumerable:!0,value:t}),2&e&&\\"string\\"!=typeof t)for(var r in t)o.d(n,r,function(e){return t[e]}.bind(null,r));return n},o.n=function(e){var t=e&&e.__esModule?function(){return e.default}:function(){return e};return o.d(t,\\"a\\",t),t},o.o=function(e,t){return Object.prototype.hasOwnProperty.call(e,t)},o.p=\\"\\",o(o.s=0)}([function(e,t){e.exports=function(){console.log(7)}}]);"`;

exports[`when applied with \`parallel\` option matches snapshot for \`2\` value (number): two.8a5df1545e7752a9cd0d.js 1`] = `"!function(n){var r={};function o(e){if(r[e])return r[e].exports;var t=r[e]={i:e,l:!1,exports:{}};return n[e].call(t.exports,t,t.exports,o),t.l=!0,t.exports}o.m=n,o.c=r,o.d=function(e,t,n){o.o(e,t)||Object.defineProperty(e,t,{enumerable:!0,get:n})},o.r=function(e){\\"undefined\\"!=typeof Symbol&&Symbol.toStringTag&&Object.defineProperty(e,Symbol.toStringTag,{value:\\"Module\\"}),Object.defineProperty(e,\\"__esModule\\",{value:!0})},o.t=function(t,e){if(1&e&&(t=o(t)),8&e)return t;if(4&e&&\\"object\\"==typeof t&&t&&t.__esModule)return t;var n=Object.create(null);if(o.r(n),Object.defineProperty(n,\\"default\\",{enumerable:!0,value:t}),2&e&&\\"string\\"!=typeof t)for(var r in t)o.d(n,r,function(e){return t[e]}.bind(null,r));return n},o.n=function(e){var t=e&&e.__esModule?function(){return e.default}:function(){return e};return o.d(t,\\"a\\",t),t},o.o=function(e,t){return Object.prototype.hasOwnProperty.call(e,t)},o.p=\\"\\",o(o.s=0)}([function(e,t){e.exports=function(){console.log(7)}}]);"`;

exports[`when applied with \`parallel\` option matches snapshot for \`2\` value (number): warnings 1`] = `Array []`;

exports[`when applied with \`parallel\` option matches snapshot for \`false\` value: errors 1`] = `Array []`;

exports[`when applied with \`parallel\` option matches snapshot for \`false\` value: four.a1b99df7b4e7bc3b7f2b.js 1`] = `"!function(n){var r={};function o(e){if(r[e])return r[e].exports;var t=r[e]={i:e,l:!1,exports:{}};return n[e].call(t.exports,t,t.exports,o),t.l=!0,t.exports}o.m=n,o.c=r,o.d=function(e,t,n){o.o(e,t)||Object.defineProperty(e,t,{enumerable:!0,get:n})},o.r=function(e){\\"undefined\\"!=typeof Symbol&&Symbol.toStringTag&&Object.defineProperty(e,Symbol.toStringTag,{value:\\"Module\\"}),Object.defineProperty(e,\\"__esModule\\",{value:!0})},o.t=function(t,e){if(1&e&&(t=o(t)),8&e)return t;if(4&e&&\\"object\\"==typeof t&&t&&t.__esModule)return t;var n=Object.create(null);if(o.r(n),Object.defineProperty(n,\\"default\\",{enumerable:!0,value:t}),2&e&&\\"string\\"!=typeof t)for(var r in t)o.d(n,r,function(e){return t[e]}.bind(null,r));return n},o.n=function(e){var t=e&&e.__esModule?function(){return e.default}:function(){return e};return o.d(t,\\"a\\",t),t},o.o=function(e,t){return Object.prototype.hasOwnProperty.call(e,t)},o.p=\\"\\",o(o.s=0)}([function(e,t){e.exports=function(){console.log(7)}}]);"`;

exports[`when applied with \`parallel\` option matches snapshot for \`false\` value: one.a26e940242267aeedd4c.js 1`] = `"!function(n){var r={};function o(e){if(r[e])return r[e].exports;var t=r[e]={i:e,l:!1,exports:{}};return n[e].call(t.exports,t,t.exports,o),t.l=!0,t.exports}o.m=n,o.c=r,o.d=function(e,t,n){o.o(e,t)||Object.defineProperty(e,t,{enumerable:!0,get:n})},o.r=function(e){\\"undefined\\"!=typeof Symbol&&Symbol.toStringTag&&Object.defineProperty(e,Symbol.toStringTag,{value:\\"Module\\"}),Object.defineProperty(e,\\"__esModule\\",{value:!0})},o.t=function(t,e){if(1&e&&(t=o(t)),8&e)return t;if(4&e&&\\"object\\"==typeof t&&t&&t.__esModule)return t;var n=Object.create(null);if(o.r(n),Object.defineProperty(n,\\"default\\",{enumerable:!0,value:t}),2&e&&\\"string\\"!=typeof t)for(var r in t)o.d(n,r,function(e){return t[e]}.bind(null,r));return n},o.n=function(e){var t=e&&e.__esModule?function(){return e.default}:function(){return e};return o.d(t,\\"a\\",t),t},o.o=function(e,t){return Object.prototype.hasOwnProperty.call(e,t)},o.p=\\"\\",o(o.s=0)}([function(e,t){e.exports=function(){console.log(7)}}]);"`;

exports[`when applied with \`parallel\` option matches snapshot for \`false\` value: three.2ef808c017a1e227bbf9.js 1`] = `"!function(n){var r={};function o(e){if(r[e])return r[e].exports;var t=r[e]={i:e,l:!1,exports:{}};return n[e].call(t.exports,t,t.exports,o),t.l=!0,t.exports}o.m=n,o.c=r,o.d=function(e,t,n){o.o(e,t)||Object.defineProperty(e,t,{enumerable:!0,get:n})},o.r=function(e){\\"undefined\\"!=typeof Symbol&&Symbol.toStringTag&&Object.defineProperty(e,Symbol.toStringTag,{value:\\"Module\\"}),Object.defineProperty(e,\\"__esModule\\",{value:!0})},o.t=function(t,e){if(1&e&&(t=o(t)),8&e)return t;if(4&e&&\\"object\\"==typeof t&&t&&t.__esModule)return t;var n=Object.create(null);if(o.r(n),Object.defineProperty(n,\\"default\\",{enumerable:!0,value:t}),2&e&&\\"string\\"!=typeof t)for(var r in t)o.d(n,r,function(e){return t[e]}.bind(null,r));return n},o.n=function(e){var t=e&&e.__esModule?function(){return e.default}:function(){return e};return o.d(t,\\"a\\",t),t},o.o=function(e,t){return Object.prototype.hasOwnProperty.call(e,t)},o.p=\\"\\",o(o.s=0)}([function(e,t){e.exports=function(){console.log(7)}}]);"`;

exports[`when applied with \`parallel\` option matches snapshot for \`false\` value: two.8a5df1545e7752a9cd0d.js 1`] = `"!function(n){var r={};function o(e){if(r[e])return r[e].exports;var t=r[e]={i:e,l:!1,exports:{}};return n[e].call(t.exports,t,t.exports,o),t.l=!0,t.exports}o.m=n,o.c=r,o.d=function(e,t,n){o.o(e,t)||Object.defineProperty(e,t,{enumerable:!0,get:n})},o.r=function(e){\\"undefined\\"!=typeof Symbol&&Symbol.toStringTag&&Object.defineProperty(e,Symbol.toStringTag,{value:\\"Module\\"}),Object.defineProperty(e,\\"__esModule\\",{value:!0})},o.t=function(t,e){if(1&e&&(t=o(t)),8&e)return t;if(4&e&&\\"object\\"==typeof t&&t&&t.__esModule)return t;var n=Object.create(null);if(o.r(n),Object.defineProperty(n,\\"default\\",{enumerable:!0,value:t}),2&e&&\\"string\\"!=typeof t)for(var r in t)o.d(n,r,function(e){return t[e]}.bind(null,r));return n},o.n=function(e){var t=e&&e.__esModule?function(){return e.default}:function(){return e};return o.d(t,\\"a\\",t),t},o.o=function(e,t){return Object.prototype.hasOwnProperty.call(e,t)},o.p=\\"\\",o(o.s=0)}([function(e,t){e.exports=function(){console.log(7)}}]);"`;

exports[`when applied with \`parallel\` option matches snapshot for \`false\` value: warnings 1`] = `Array []`;

exports[`when applied with \`parallel\` option matches snapshot for \`true\` value: errors 1`] = `Array []`;

exports[`when applied with \`parallel\` option matches snapshot for \`true\` value: four.a1b99df7b4e7bc3b7f2b.js 1`] = `"!function(n){var r={};function o(e){if(r[e])return r[e].exports;var t=r[e]={i:e,l:!1,exports:{}};return n[e].call(t.exports,t,t.exports,o),t.l=!0,t.exports}o.m=n,o.c=r,o.d=function(e,t,n){o.o(e,t)||Object.defineProperty(e,t,{enumerable:!0,get:n})},o.r=function(e){\\"undefined\\"!=typeof Symbol&&Symbol.toStringTag&&Object.defineProperty(e,Symbol.toStringTag,{value:\\"Module\\"}),Object.defineProperty(e,\\"__esModule\\",{value:!0})},o.t=function(t,e){if(1&e&&(t=o(t)),8&e)return t;if(4&e&&\\"object\\"==typeof t&&t&&t.__esModule)return t;var n=Object.create(null);if(o.r(n),Object.defineProperty(n,\\"default\\",{enumerable:!0,value:t}),2&e&&\\"string\\"!=typeof t)for(var r in t)o.d(n,r,function(e){return t[e]}.bind(null,r));return n},o.n=function(e){var t=e&&e.__esModule?function(){return e.default}:function(){return e};return o.d(t,\\"a\\",t),t},o.o=function(e,t){return Object.prototype.hasOwnProperty.call(e,t)},o.p=\\"\\",o(o.s=0)}([function(e,t){e.exports=function(){console.log(7)}}]);"`;

exports[`when applied with \`parallel\` option matches snapshot for \`true\` value: one.a26e940242267aeedd4c.js 1`] = `"!function(n){var r={};function o(e){if(r[e])return r[e].exports;var t=r[e]={i:e,l:!1,exports:{}};return n[e].call(t.exports,t,t.exports,o),t.l=!0,t.exports}o.m=n,o.c=r,o.d=function(e,t,n){o.o(e,t)||Object.defineProperty(e,t,{enumerable:!0,get:n})},o.r=function(e){\\"undefined\\"!=typeof Symbol&&Symbol.toStringTag&&Object.defineProperty(e,Symbol.toStringTag,{value:\\"Module\\"}),Object.defineProperty(e,\\"__esModule\\",{value:!0})},o.t=function(t,e){if(1&e&&(t=o(t)),8&e)return t;if(4&e&&\\"object\\"==typeof t&&t&&t.__esModule)return t;var n=Object.create(null);if(o.r(n),Object.defineProperty(n,\\"default\\",{enumerable:!0,value:t}),2&e&&\\"string\\"!=typeof t)for(var r in t)o.d(n,r,function(e){return t[e]}.bind(null,r));return n},o.n=function(e){var t=e&&e.__esModule?function(){return e.default}:function(){return e};return o.d(t,\\"a\\",t),t},o.o=function(e,t){return Object.prototype.hasOwnProperty.call(e,t)},o.p=\\"\\",o(o.s=0)}([function(e,t){e.exports=function(){console.log(7)}}]);"`;

exports[`when applied with \`parallel\` option matches snapshot for \`true\` value: three.2ef808c017a1e227bbf9.js 1`] = `"!function(n){var r={};function o(e){if(r[e])return r[e].exports;var t=r[e]={i:e,l:!1,exports:{}};return n[e].call(t.exports,t,t.exports,o),t.l=!0,t.exports}o.m=n,o.c=r,o.d=function(e,t,n){o.o(e,t)||Object.defineProperty(e,t,{enumerable:!0,get:n})},o.r=function(e){\\"undefined\\"!=typeof Symbol&&Symbol.toStringTag&&Object.defineProperty(e,Symbol.toStringTag,{value:\\"Module\\"}),Object.defineProperty(e,\\"__esModule\\",{value:!0})},o.t=function(t,e){if(1&e&&(t=o(t)),8&e)return t;if(4&e&&\\"object\\"==typeof t&&t&&t.__esModule)return t;var n=Object.create(null);if(o.r(n),Object.defineProperty(n,\\"default\\",{enumerable:!0,value:t}),2&e&&\\"string\\"!=typeof t)for(var r in t)o.d(n,r,function(e){return t[e]}.bind(null,r));return n},o.n=function(e){var t=e&&e.__esModule?function(){return e.default}:function(){return e};return o.d(t,\\"a\\",t),t},o.o=function(e,t){return Object.prototype.hasOwnProperty.call(e,t)},o.p=\\"\\",o(o.s=0)}([function(e,t){e.exports=function(){console.log(7)}}]);"`;

exports[`when applied with \`parallel\` option matches snapshot for \`true\` value: two.8a5df1545e7752a9cd0d.js 1`] = `"!function(n){var r={};function o(e){if(r[e])return r[e].exports;var t=r[e]={i:e,l:!1,exports:{}};return n[e].call(t.exports,t,t.exports,o),t.l=!0,t.exports}o.m=n,o.c=r,o.d=function(e,t,n){o.o(e,t)||Object.defineProperty(e,t,{enumerable:!0,get:n})},o.r=function(e){\\"undefined\\"!=typeof Symbol&&Symbol.toStringTag&&Object.defineProperty(e,Symbol.toStringTag,{value:\\"Module\\"}),Object.defineProperty(e,\\"__esModule\\",{value:!0})},o.t=function(t,e){if(1&e&&(t=o(t)),8&e)return t;if(4&e&&\\"object\\"==typeof t&&t&&t.__esModule)return t;var n=Object.create(null);if(o.r(n),Object.defineProperty(n,\\"default\\",{enumerable:!0,value:t}),2&e&&\\"string\\"!=typeof t)for(var r in t)o.d(n,r,function(e){return t[e]}.bind(null,r));return n},o.n=function(e){var t=e&&e.__esModule?function(){return e.default}:function(){return e};return o.d(t,\\"a\\",t),t},o.o=function(e,t){return Object.prototype.hasOwnProperty.call(e,t)},o.p=\\"\\",o(o.s=0)}([function(e,t){e.exports=function(){console.log(7)}}]);"`;

exports[`when applied with \`parallel\` option matches snapshot for \`true\` value: warnings 1`] = `Array []`;
