// Jest Snapshot v1, https://goo.gl/fbAQLP

exports[`when options.sourceMap matches snapshot for a single \`false\` value (\`devtool\` is \`false\`): errors 1`] = `Array []`;

exports[`when options.sourceMap matches snapshot for a single \`false\` value (\`devtool\` is \`false\`): main.0c220ec66316af2c1b24.js 1`] = `"webpackJsonp([0],[function(o,n){o.exports=function(){console.log(7)}}],[0]);"`;

exports[`when options.sourceMap matches snapshot for a single \`false\` value (\`devtool\` is \`false\`): manifest.d6857f782c13a99b5917.js 1`] = `"!function(r){var n=window.webpackJsonp;window.webpackJsonp=function(e,u,c){for(var f,i,p,a=0,l=[];a<e.length;a++)i=e[a],o[i]&&l.push(o[i][0]),o[i]=0;for(f in u)Object.prototype.hasOwnProperty.call(u,f)&&(r[f]=u[f]);for(n&&n(e,u,c);l.length;)l.shift()();if(c)for(a=0;a<c.length;a++)p=t(t.s=c[a]);return p};var e={},o={1:0};function t(n){if(e[n])return e[n].exports;var o=e[n]={i:n,l:!1,exports:{}};return r[n].call(o.exports,o,o.exports,t),o.l=!0,o.exports}t.m=r,t.c=e,t.d=function(r,n,e){t.o(r,n)||Object.defineProperty(r,n,{configurable:!1,enumerable:!0,get:e})},t.n=function(r){var n=r&&r.__esModule?function(){return r.default}:function(){return r};return t.d(n,\\"a\\",n),n},t.o=function(r,n){return Object.prototype.hasOwnProperty.call(r,n)},t.p=\\"\\",t.oe=function(r){throw console.error(r),r}}([]);"`;

exports[`when options.sourceMap matches snapshot for a single \`false\` value (\`devtool\` is \`false\`): warnings 1`] = `Array []`;

exports[`when options.sourceMap matches snapshot for a single \`false\` value (\`devtool\` is \`source-map\`): errors 1`] = `Array []`;

exports[`when options.sourceMap matches snapshot for a single \`false\` value (\`devtool\` is \`source-map\`): main.0c220ec66316af2c1b24.js 1`] = `"webpackJsonp([0],[function(o,n){o.exports=function(){console.log(7)}}],[0]);"`;

exports[`when options.sourceMap matches snapshot for a single \`false\` value (\`devtool\` is \`source-map\`): manifest.d6857f782c13a99b5917.js 1`] = `"!function(r){var n=window.webpackJsonp;window.webpackJsonp=function(e,u,c){for(var f,i,p,a=0,l=[];a<e.length;a++)i=e[a],o[i]&&l.push(o[i][0]),o[i]=0;for(f in u)Object.prototype.hasOwnProperty.call(u,f)&&(r[f]=u[f]);for(n&&n(e,u,c);l.length;)l.shift()();if(c)for(a=0;a<c.length;a++)p=t(t.s=c[a]);return p};var e={},o={1:0};function t(n){if(e[n])return e[n].exports;var o=e[n]={i:n,l:!1,exports:{}};return r[n].call(o.exports,o,o.exports,t),o.l=!0,o.exports}t.m=r,t.c=e,t.d=function(r,n,e){t.o(r,n)||Object.defineProperty(r,n,{configurable:!1,enumerable:!0,get:e})},t.n=function(r){var n=r&&r.__esModule?function(){return r.default}:function(){return r};return t.d(n,\\"a\\",n),n},t.o=function(r,n){return Object.prototype.hasOwnProperty.call(r,n)},t.p=\\"\\",t.oe=function(r){throw console.error(r),r}}([]);"`;

exports[`when options.sourceMap matches snapshot for a single \`false\` value (\`devtool\` is \`source-map\`): warnings 1`] = `Array []`;

exports[`when options.sourceMap matches snapshot for a single \`true\` value (\`devtool\` is \`false\`): errors 1`] = `Array []`;

exports[`when options.sourceMap matches snapshot for a single \`true\` value (\`devtool\` is \`false\`): main.0c220ec66316af2c1b24.js 1`] = `"webpackJsonp([0],[function(o,n){o.exports=function(){console.log(7)}}],[0]);"`;

exports[`when options.sourceMap matches snapshot for a single \`true\` value (\`devtool\` is \`false\`): manifest.d6857f782c13a99b5917.js 1`] = `"!function(r){var n=window.webpackJsonp;window.webpackJsonp=function(e,u,c){for(var f,i,p,a=0,l=[];a<e.length;a++)i=e[a],o[i]&&l.push(o[i][0]),o[i]=0;for(f in u)Object.prototype.hasOwnProperty.call(u,f)&&(r[f]=u[f]);for(n&&n(e,u,c);l.length;)l.shift()();if(c)for(a=0;a<c.length;a++)p=t(t.s=c[a]);return p};var e={},o={1:0};function t(n){if(e[n])return e[n].exports;var o=e[n]={i:n,l:!1,exports:{}};return r[n].call(o.exports,o,o.exports,t),o.l=!0,o.exports}t.m=r,t.c=e,t.d=function(r,n,e){t.o(r,n)||Object.defineProperty(r,n,{configurable:!1,enumerable:!0,get:e})},t.n=function(r){var n=r&&r.__esModule?function(){return r.default}:function(){return r};return t.d(n,\\"a\\",n),n},t.o=function(r,n){return Object.prototype.hasOwnProperty.call(r,n)},t.p=\\"\\",t.oe=function(r){throw console.error(r),r}}([]);"`;

exports[`when options.sourceMap matches snapshot for a single \`true\` value (\`devtool\` is \`false\`): warnings 1`] = `Array []`;

exports[`when options.sourceMap matches snapshot for a single \`true\` value (\`devtool\` is \`source-map\`): errors 1`] = `Array []`;

exports[`when options.sourceMap matches snapshot for a single \`true\` value (\`devtool\` is \`source-map\`): main.0c220ec66316af2c1b24.js 1`] = `
"webpackJsonp([0],[function(o,n){o.exports=function(){console.log(7)}}],[0]);
//# sourceMappingURL=main.0c220ec66316af2c1b24.js.map"
`;

exports[`when options.sourceMap matches snapshot for a single \`true\` value (\`devtool\` is \`source-map\`): main.0c220ec66316af2c1b24.js.map 1`] = `"{\\"version\\":3,\\"sources\\":[\\"webpack:///./test/fixtures/entry.js\\"],\\"names\\":[\\"module\\",\\"exports\\",\\"console\\",\\"log\\",\\"b\\"],\\"mappings\\":\\"gCAKAA,EAAAC,QAAA,WAEAC,QAAAC,IAAAC\\",\\"file\\":\\"main.0c220ec66316af2c1b24.js\\",\\"sourcesContent\\":[\\"// foo\\\\n/* @preserve*/\\\\n// bar\\\\nconst a = 2 + 2;\\\\n\\\\nmodule.exports = function Foo() {\\\\n  const b = 2 + 2;\\\\n  console.log(b + 1 + 2);\\\\n};\\\\n\\\\n\\\\n\\\\n//////////////////\\\\n// WEBPACK FOOTER\\\\n// ./test/fixtures/entry.js\\\\n// module id = 0\\\\n// module chunks = 0\\"],\\"sourceRoot\\":\\"\\"}"`;

exports[`when options.sourceMap matches snapshot for a single \`true\` value (\`devtool\` is \`source-map\`): manifest.d6857f782c13a99b5917.js 1`] = `
"!function(r){var n=window.webpackJsonp;window.webpackJsonp=function(e,u,c){for(var f,i,p,a=0,l=[];a<e.length;a++)i=e[a],o[i]&&l.push(o[i][0]),o[i]=0;for(f in u)Object.prototype.hasOwnProperty.call(u,f)&&(r[f]=u[f]);for(n&&n(e,u,c);l.length;)l.shift()();if(c)for(a=0;a<c.length;a++)p=t(t.s=c[a]);return p};var e={},o={1:0};function t(n){if(e[n])return e[n].exports;var o=e[n]={i:n,l:!1,exports:{}};return r[n].call(o.exports,o,o.exports,t),o.l=!0,o.exports}t.m=r,t.c=e,t.d=function(r,n,e){t.o(r,n)||Object.defineProperty(r,n,{configurable:!1,enumerable:!0,get:e})},t.n=function(r){var n=r&&r.__esModule?function(){return r.default}:function(){return r};return t.d(n,\\"a\\",n),n},t.o=function(r,n){return Object.prototype.hasOwnProperty.call(r,n)},t.p=\\"\\",t.oe=function(r){throw console.error(r),r}}([]);
//# sourceMappingURL=manifest.d6857f782c13a99b5917.js.map"
`;

exports[`when options.sourceMap matches snapshot for a single \`true\` value (\`devtool\` is \`source-map\`): manifest.d6857f782c13a99b5917.js.map 1`] = `"{\\"version\\":3,\\"sources\\":[\\"webpack:///webpack/bootstrap 88fec89b06900e3e594c\\"],\\"names\\":[\\"parentJsonpFunction\\",\\"window\\",\\"chunkIds\\",\\"moreModules\\",\\"executeModules\\",\\"moduleId\\",\\"chunkId\\",\\"result\\",\\"i\\",\\"resolves\\",\\"length\\",\\"installedChunks\\",\\"push\\",\\"Object\\",\\"prototype\\",\\"hasOwnProperty\\",\\"call\\",\\"modules\\",\\"shift\\",\\"__webpack_require__\\",\\"s\\",\\"installedModules\\",\\"1\\",\\"exports\\",\\"module\\",\\"l\\",\\"m\\",\\"c\\",\\"d\\",\\"name\\",\\"getter\\",\\"o\\",\\"defineProperty\\",\\"configurable\\",\\"enumerable\\",\\"get\\",\\"n\\",\\"__esModule\\",\\"object\\",\\"property\\",\\"p\\",\\"oe\\",\\"err\\",\\"console\\",\\"error\\"],\\"mappings\\":\\"aACA,IAAAA,EAAAC,OAAA,aACAA,OAAA,sBAAAC,EAAAC,EAAAC,GAIA,IADA,IAAAC,EAAAC,EAAAC,EAAAC,EAAA,EAAAC,KACQD,EAAAN,EAAAQ,OAAoBF,IAC5BF,EAAAJ,EAAAM,GACAG,EAAAL,IACAG,EAAAG,KAAAD,EAAAL,GAAA,IAEAK,EAAAL,GAAA,EAEA,IAAAD,KAAAF,EACAU,OAAAC,UAAAC,eAAAC,KAAAb,EAAAE,KACAY,EAAAZ,GAAAF,EAAAE,IAIA,IADAL,KAAAE,EAAAC,EAAAC,GACAK,EAAAC,QACAD,EAAAS,OAAAT,GAEA,GAAAL,EACA,IAAAI,EAAA,EAAYA,EAAAJ,EAAAM,OAA2BF,IACvCD,EAAAY,IAAAC,EAAAhB,EAAAI,IAGA,OAAAD,GAIA,IAAAc,KAGAV,GACAW,EAAA,GAIA,SAAAH,EAAAd,GAGA,GAAAgB,EAAAhB,GACA,OAAAgB,EAAAhB,GAAAkB,QAGA,IAAAC,EAAAH,EAAAhB,IACAG,EAAAH,EACAoB,GAAA,EACAF,YAUA,OANAN,EAAAZ,GAAAW,KAAAQ,EAAAD,QAAAC,IAAAD,QAAAJ,GAGAK,EAAAC,GAAA,EAGAD,EAAAD,QAKAJ,EAAAO,EAAAT,EAGAE,EAAAQ,EAAAN,EAGAF,EAAAS,EAAA,SAAAL,EAAAM,EAAAC,GACAX,EAAAY,EAAAR,EAAAM,IACAhB,OAAAmB,eAAAT,EAAAM,GACAI,cAAA,EACAC,YAAA,EACAC,IAAAL,KAMAX,EAAAiB,EAAA,SAAAZ,GACA,IAAAM,EAAAN,KAAAa,WACA,WAA2B,OAAAb,EAAA,SAC3B,WAAiC,OAAAA,GAEjC,OADAL,EAAAS,EAAAE,EAAA,IAAAA,GACAA,GAIAX,EAAAY,EAAA,SAAAO,EAAAC,GAAsD,OAAA1B,OAAAC,UAAAC,eAAAC,KAAAsB,EAAAC,IAGtDpB,EAAAqB,EAAA,GAGArB,EAAAsB,GAAA,SAAAC,GAA8D,MAApBC,QAAAC,MAAAF,GAAoBA\\",\\"file\\":\\"manifest.d6857f782c13a99b5917.js\\",\\"sourcesContent\\":[\\" \\\\t// install a JSONP callback for chunk loading\\\\n \\\\tvar parentJsonpFunction = window[\\\\\\"webpackJsonp\\\\\\"];\\\\n \\\\twindow[\\\\\\"webpackJsonp\\\\\\"] = function webpackJsonpCallback(chunkIds, moreModules, executeModules) {\\\\n \\\\t\\\\t// add \\\\\\"moreModules\\\\\\" to the modules object,\\\\n \\\\t\\\\t// then flag all \\\\\\"chunkIds\\\\\\" as loaded and fire callback\\\\n \\\\t\\\\tvar moduleId, chunkId, i = 0, resolves = [], result;\\\\n \\\\t\\\\tfor(;i < chunkIds.length; i++) {\\\\n \\\\t\\\\t\\\\tchunkId = chunkIds[i];\\\\n \\\\t\\\\t\\\\tif(installedChunks[chunkId]) {\\\\n \\\\t\\\\t\\\\t\\\\tresolves.push(installedChunks[chunkId][0]);\\\\n \\\\t\\\\t\\\\t}\\\\n \\\\t\\\\t\\\\tinstalledChunks[chunkId] = 0;\\\\n \\\\t\\\\t}\\\\n \\\\t\\\\tfor(moduleId in moreModules) {\\\\n \\\\t\\\\t\\\\tif(Object.prototype.hasOwnProperty.call(moreModules, moduleId)) {\\\\n \\\\t\\\\t\\\\t\\\\tmodules[moduleId] = moreModules[moduleId];\\\\n \\\\t\\\\t\\\\t}\\\\n \\\\t\\\\t}\\\\n \\\\t\\\\tif(parentJsonpFunction) parentJsonpFunction(chunkIds, moreModules, executeModules);\\\\n \\\\t\\\\twhile(resolves.length) {\\\\n \\\\t\\\\t\\\\tresolves.shift()();\\\\n \\\\t\\\\t}\\\\n \\\\t\\\\tif(executeModules) {\\\\n \\\\t\\\\t\\\\tfor(i=0; i < executeModules.length; i++) {\\\\n \\\\t\\\\t\\\\t\\\\tresult = __webpack_require__(__webpack_require__.s = executeModules[i]);\\\\n \\\\t\\\\t\\\\t}\\\\n \\\\t\\\\t}\\\\n \\\\t\\\\treturn result;\\\\n \\\\t};\\\\n\\\\n \\\\t// The module cache\\\\n \\\\tvar installedModules = {};\\\\n\\\\n \\\\t// objects to store loaded and loading chunks\\\\n \\\\tvar installedChunks = {\\\\n \\\\t\\\\t1: 0\\\\n \\\\t};\\\\n\\\\n \\\\t// The require function\\\\n \\\\tfunction __webpack_require__(moduleId) {\\\\n\\\\n \\\\t\\\\t// Check if module is in cache\\\\n \\\\t\\\\tif(installedModules[moduleId]) {\\\\n \\\\t\\\\t\\\\treturn installedModules[moduleId].exports;\\\\n \\\\t\\\\t}\\\\n \\\\t\\\\t// Create a new module (and put it into the cache)\\\\n \\\\t\\\\tvar module = installedModules[moduleId] = {\\\\n \\\\t\\\\t\\\\ti: moduleId,\\\\n \\\\t\\\\t\\\\tl: false,\\\\n \\\\t\\\\t\\\\texports: {}\\\\n \\\\t\\\\t};\\\\n\\\\n \\\\t\\\\t// Execute the module function\\\\n \\\\t\\\\tmodules[moduleId].call(module.exports, module, module.exports, __webpack_require__);\\\\n\\\\n \\\\t\\\\t// Flag the module as loaded\\\\n \\\\t\\\\tmodule.l = true;\\\\n\\\\n \\\\t\\\\t// Return the exports of the module\\\\n \\\\t\\\\treturn module.exports;\\\\n \\\\t}\\\\n\\\\n\\\\n \\\\t// expose the modules object (__webpack_modules__)\\\\n \\\\t__webpack_require__.m = modules;\\\\n\\\\n \\\\t// expose the module cache\\\\n \\\\t__webpack_require__.c = installedModules;\\\\n\\\\n \\\\t// define getter function for harmony exports\\\\n \\\\t__webpack_require__.d = function(exports, name, getter) {\\\\n \\\\t\\\\tif(!__webpack_require__.o(exports, name)) {\\\\n \\\\t\\\\t\\\\tObject.defineProperty(exports, name, {\\\\n \\\\t\\\\t\\\\t\\\\tconfigurable: false,\\\\n \\\\t\\\\t\\\\t\\\\tenumerable: true,\\\\n \\\\t\\\\t\\\\t\\\\tget: getter\\\\n \\\\t\\\\t\\\\t});\\\\n \\\\t\\\\t}\\\\n \\\\t};\\\\n\\\\n \\\\t// getDefaultExport function for compatibility with non-harmony modules\\\\n \\\\t__webpack_require__.n = function(module) {\\\\n \\\\t\\\\tvar getter = module && module.__esModule ?\\\\n \\\\t\\\\t\\\\tfunction getDefault() { return module['default']; } :\\\\n \\\\t\\\\t\\\\tfunction getModuleExports() { return module; };\\\\n \\\\t\\\\t__webpack_require__.d(getter, 'a', getter);\\\\n \\\\t\\\\treturn getter;\\\\n \\\\t};\\\\n\\\\n \\\\t// Object.prototype.hasOwnProperty.call\\\\n \\\\t__webpack_require__.o = function(object, property) { return Object.prototype.hasOwnProperty.call(object, property); };\\\\n\\\\n \\\\t// __webpack_public_path__\\\\n \\\\t__webpack_require__.p = \\\\\\"\\\\\\";\\\\n\\\\n \\\\t// on error function for async loading\\\\n \\\\t__webpack_require__.oe = function(err) { console.error(err); throw err; };\\\\n\\\\n\\\\n\\\\n// WEBPACK FOOTER //\\\\n// webpack/bootstrap 88fec89b06900e3e594c\\"],\\"sourceRoot\\":\\"\\"}"`;

exports[`when options.sourceMap matches snapshot for a single \`true\` value (\`devtool\` is \`source-map\`): warnings 1`] = `Array []`;
