// Jest Snapshot v1, https://goo.gl/fbAQLP

exports[`when options.sourceMap true and options.parallel true matches snapshot: source and parallel: asset main.0c220ec66316af2c1b24.js 1`] = `"webpackJsonp([0],[function(o,n){o.exports=function(){console.log(7)}}],[0]);"`;

exports[`when options.sourceMap true and options.parallel true matches snapshot: source and parallel: asset manifest.6afe1bc6685e9ab36c1c.js 1`] = `"!function(e){function n(r){if(t[r])return t[r].exports;var o=t[r]={i:r,l:!1,exports:{}};return e[r].call(o.exports,o,o.exports,n),o.l=!0,o.exports}var r=window.webpackJsonp;window.webpackJsonp=function(t,c,a){for(var i,u,f,l=0,s=[];l<t.length;l++)u=t[l],o[u]&&s.push(o[u][0]),o[u]=0;for(i in c)Object.prototype.hasOwnProperty.call(c,i)&&(e[i]=c[i]);for(r&&r(t,c,a);s.length;)s.shift()();if(a)for(l=0;l<a.length;l++)f=n(n.s=a[l]);return f};var t={},o={1:0};n.e=function(e){function r(){i.onerror=i.onload=null,clearTimeout(u);var n=o[e];0!==n&&(n&&n[1](new Error(\\"Loading chunk \\"+e+\\" failed.\\")),o[e]=void 0)}var t=o[e];if(0===t)return new Promise(function(e){e()});if(t)return t[2];var c=new Promise(function(n,r){t=o[e]=[n,r]});t[2]=c;var a=document.getElementsByTagName(\\"head\\")[0],i=document.createElement(\\"script\\");i.type=\\"text/javascript\\",i.charset=\\"utf-8\\",i.async=!0,i.timeout=12e4,n.nc&&i.setAttribute(\\"nonce\\",n.nc),i.src=n.p+\\"\\"+e+\\".\\"+({0:\\"main\\"}[e]||e)+\\".\\"+{0:\\"0c220ec66316af2c1b24\\"}[e]+\\".js\\";var u=setTimeout(r,12e4);return i.onerror=i.onload=r,a.appendChild(i),c},n.m=e,n.c=t,n.d=function(e,r,t){n.o(e,r)||Object.defineProperty(e,r,{configurable:!1,enumerable:!0,get:t})},n.n=function(e){var r=e&&e.__esModule?function(){return e.default}:function(){return e};return n.d(r,\\"a\\",r),r},n.o=function(e,n){return Object.prototype.hasOwnProperty.call(e,n)},n.p=\\"\\",n.oe=function(e){throw console.error(e),e}}([]);"`;

exports[`when options.sourceMap true and options.parallel true matches snapshot: source map and parallel: asset main.0c220ec66316af2c1b24.js 1`] = `
Object {
  "file": "x",
  "mappings": "gCAKAA,EAAAC,QAAA,WAEAC,QAAAC,IAAAC",
  "names": Array [
    "module",
    "exports",
    "console",
    "log",
    "b",
  ],
  "sources": Array [],
  "sourcesContent": Array [
    "// foo
/* @preserve*/
// bar
const a = 2 + 2;

module.exports = function Foo() {
  const b = 2 + 2;
  console.log(b + 1 + 2);
};
",
  ],
  "version": 3,
}
`;

exports[`when options.sourceMap true and options.parallel true matches snapshot: source map and parallel: asset manifest.6afe1bc6685e9ab36c1c.js 1`] = `
Object {
  "file": "x",
  "mappings": "aAuCA,SAAAA,EAAAC,GAGA,GAAAC,EAAAD,GACA,OAAAC,EAAAD,GAAAE,QAGA,IAAAC,EAAAF,EAAAD,IACAI,EAAAJ,EACAK,GAAA,EACAH,YAUA,OANAI,EAAAN,GAAAO,KAAAJ,EAAAD,QAAAC,IAAAD,QAAAH,GAGAI,EAAAE,GAAA,EAGAF,EAAAD,QA1DA,IAAAM,EAAAC,OAAA,aACAA,OAAA,sBAAAC,EAAAC,EAAAC,GAIA,IADA,IAAAZ,EAAAa,EAAAC,EAAAV,EAAA,EAAAW,KACQX,EAAAM,EAAAM,OAAoBZ,IAC5BS,EAAAH,EAAAN,GACAa,EAAAJ,IACAE,EAAAG,KAAAD,EAAAJ,GAAA,IAEAI,EAAAJ,GAAA,EAEA,IAAAb,KAAAW,EACAQ,OAAAC,UAAAC,eAAAd,KAAAI,EAAAX,KACAM,EAAAN,GAAAW,EAAAX,IAIA,IADAQ,KAAAE,EAAAC,EAAAC,GACAG,EAAAC,QACAD,EAAAO,OAAAP,GAEA,GAAAH,EACA,IAAAR,EAAA,EAAYA,EAAAQ,EAAAI,OAA2BZ,IACvCU,EAAAf,IAAAwB,EAAAX,EAAAR,IAGA,OAAAU,GAIA,IAAAb,KAGAgB,GACAO,EAAA,GA6BAzB,EAAA0B,EAAA,SAAAZ,GA+BA,SAAAa,IAEAC,EAAAC,QAAAD,EAAAE,OAAA,KACAC,aAAAC,GACA,IAAAC,EAAAf,EAAAJ,GACA,IAAAmB,IACAA,GACAA,EAAA,OAAAC,MAAA,iBAAApB,EAAA,aAEAI,EAAAJ,QAAAqB,GAvCA,IAAAC,EAAAlB,EAAAJ,GACA,OAAAsB,EACA,WAAAC,QAAA,SAAAC,GAA0CA,MAI1C,GAAAF,EACA,OAAAA,EAAA,GAIA,IAAAG,EAAA,IAAAF,QAAA,SAAAC,EAAAE,GACAJ,EAAAlB,EAAAJ,IAAAwB,EAAAE,KAEAJ,EAAA,GAAAG,EAGA,IAAAE,EAAAC,SAAAC,qBAAA,WACAf,EAAAc,SAAAE,cAAA,UACAhB,EAAAiB,KAAA,kBACAjB,EAAAkB,QAAA,QACAlB,EAAAmB,OAAA,EACAnB,EAAAI,QAAA,KAEAhC,EAAAgD,IACApB,EAAAqB,aAAA,QAAAjD,EAAAgD,IAEApB,EAAAsB,IAAAlD,EAAAmD,EAAA,GAAArC,EAAA,MAA+DsC,EAAA,QAAWtC,OAAA,KAA6BsC,EAAA,wBAA2BtC,GAAA,MAClI,IAAAkB,EAAAqB,WAAA1B,EAAA,MAgBA,OAfAC,EAAAC,QAAAD,EAAAE,OAAAH,EAaAc,EAAAa,YAAA1B,GAEAW,GAIAvC,EAAAuD,EAAAhD,EAGAP,EAAAwD,EAAAtD,EAGAF,EAAAyD,EAAA,SAAAtD,EAAAuD,EAAAC,GACA3D,EAAA4D,EAAAzD,EAAAuD,IACAtC,OAAAyC,eAAA1D,EAAAuD,GACAI,cAAA,EACAC,YAAA,EACAC,IAAAL,KAMA3D,EAAAiE,EAAA,SAAA7D,GACA,IAAAuD,EAAAvD,KAAA8D,WACA,WAA2B,OAAA9D,EAAA,SAC3B,WAAiC,OAAAA,GAEjC,OADAJ,EAAAyD,EAAAE,EAAA,IAAAA,GACAA,GAIA3D,EAAA4D,EAAA,SAAAO,EAAAC,GAAsD,OAAAhD,OAAAC,UAAAC,eAAAd,KAAA2D,EAAAC,IAGtDpE,EAAAmD,EAAA,GAGAnD,EAAAqE,GAAA,SAAAC,GAA8D,MAApBC,QAAAC,MAAAF,GAAoBA",
  "names": Array [
    "__webpack_require__",
    "moduleId",
    "installedModules",
    "exports",
    "module",
    "i",
    "l",
    "modules",
    "call",
    "parentJsonpFunction",
    "window",
    "chunkIds",
    "moreModules",
    "executeModules",
    "chunkId",
    "result",
    "resolves",
    "length",
    "installedChunks",
    "push",
    "Object",
    "prototype",
    "hasOwnProperty",
    "shift",
    "s",
    "1",
    "e",
    "onScriptComplete",
    "script",
    "onerror",
    "onload",
    "clearTimeout",
    "timeout",
    "chunk",
    "Error",
    "undefined",
    "installedChunkData",
    "Promise",
    "resolve",
    "promise",
    "reject",
    "head",
    "document",
    "getElementsByTagName",
    "createElement",
    "type",
    "charset",
    "async",
    "nc",
    "setAttribute",
    "src",
    "p",
    "0",
    "setTimeout",
    "appendChild",
    "m",
    "c",
    "d",
    "name",
    "getter",
    "o",
    "defineProperty",
    "configurable",
    "enumerable",
    "get",
    "n",
    "__esModule",
    "object",
    "property",
    "oe",
    "err",
    "console",
    "error",
  ],
  "sources": Array [],
  "sourcesContent": Array [
    " 	// install a JSONP callback for chunk loading
 	var parentJsonpFunction = window[\\"webpackJsonp\\"];
 	window[\\"webpackJsonp\\"] = function webpackJsonpCallback(chunkIds, moreModules, executeModules) {
 		// add \\"moreModules\\" to the modules object,
 		// then flag all \\"chunkIds\\" as loaded and fire callback
 		var moduleId, chunkId, i = 0, resolves = [], result;
 		for(;i < chunkIds.length; i++) {
 			chunkId = chunkIds[i];
 			if(installedChunks[chunkId]) {
 				resolves.push(installedChunks[chunkId][0]);
 			}
 			installedChunks[chunkId] = 0;
 		}
 		for(moduleId in moreModules) {
 			if(Object.prototype.hasOwnProperty.call(moreModules, moduleId)) {
 				modules[moduleId] = moreModules[moduleId];
 			}
 		}
 		if(parentJsonpFunction) parentJsonpFunction(chunkIds, moreModules, executeModules);
 		while(resolves.length) {
 			resolves.shift()();
 		}
 		if(executeModules) {
 			for(i=0; i < executeModules.length; i++) {
 				result = __webpack_require__(__webpack_require__.s = executeModules[i]);
 			}
 		}
 		return result;
 	};

 	// The module cache
 	var installedModules = {};

 	// objects to store loaded and loading chunks
 	var installedChunks = {
 		1: 0
 	};

 	// The require function
 	function __webpack_require__(moduleId) {

 		// Check if module is in cache
 		if(installedModules[moduleId]) {
 			return installedModules[moduleId].exports;
 		}
 		// Create a new module (and put it into the cache)
 		var module = installedModules[moduleId] = {
 			i: moduleId,
 			l: false,
 			exports: {}
 		};

 		// Execute the module function
 		modules[moduleId].call(module.exports, module, module.exports, __webpack_require__);

 		// Flag the module as loaded
 		module.l = true;

 		// Return the exports of the module
 		return module.exports;
 	}

 	// This file contains only the entry chunk.
 	// The chunk loading function for additional chunks
 	__webpack_require__.e = function requireEnsure(chunkId) {
 		var installedChunkData = installedChunks[chunkId];
 		if(installedChunkData === 0) {
 			return new Promise(function(resolve) { resolve(); });
 		}

 		// a Promise means \\"currently loading\\".
 		if(installedChunkData) {
 			return installedChunkData[2];
 		}

 		// setup Promise in chunk cache
 		var promise = new Promise(function(resolve, reject) {
 			installedChunkData = installedChunks[chunkId] = [resolve, reject];
 		});
 		installedChunkData[2] = promise;

 		// start chunk loading
 		var head = document.getElementsByTagName('head')[0];
 		var script = document.createElement('script');
 		script.type = 'text/javascript';
 		script.charset = 'utf-8';
 		script.async = true;
 		script.timeout = 120000;

 		if (__webpack_require__.nc) {
 			script.setAttribute(\\"nonce\\", __webpack_require__.nc);
 		}
 		script.src = __webpack_require__.p + \\"\\" + chunkId + \\".\\" + ({\\"0\\":\\"main\\"}[chunkId]||chunkId) + \\".\\" + {\\"0\\":\\"0c220ec66316af2c1b24\\"}[chunkId] + \\".js\\";
 		var timeout = setTimeout(onScriptComplete, 120000);
 		script.onerror = script.onload = onScriptComplete;
 		function onScriptComplete() {
 			// avoid mem leaks in IE.
 			script.onerror = script.onload = null;
 			clearTimeout(timeout);
 			var chunk = installedChunks[chunkId];
 			if(chunk !== 0) {
 				if(chunk) {
 					chunk[1](new Error('Loading chunk ' + chunkId + ' failed.'));
 				}
 				installedChunks[chunkId] = undefined;
 			}
 		};
 		head.appendChild(script);

 		return promise;
 	};

 	// expose the modules object (__webpack_modules__)
 	__webpack_require__.m = modules;

 	// expose the module cache
 	__webpack_require__.c = installedModules;

 	// define getter function for harmony exports
 	__webpack_require__.d = function(exports, name, getter) {
 		if(!__webpack_require__.o(exports, name)) {
 			Object.defineProperty(exports, name, {
 				configurable: false,
 				enumerable: true,
 				get: getter
 			});
 		}
 	};

 	// getDefaultExport function for compatibility with non-harmony modules
 	__webpack_require__.n = function(module) {
 		var getter = module && module.__esModule ?
 			function getDefault() { return module['default']; } :
 			function getModuleExports() { return module; };
 		__webpack_require__.d(getter, 'a', getter);
 		return getter;
 	};

 	// Object.prototype.hasOwnProperty.call
 	__webpack_require__.o = function(object, property) { return Object.prototype.hasOwnProperty.call(object, property); };

 	// __webpack_public_path__
 	__webpack_require__.p = \\"\\";

 	// on error function for async loading
 	__webpack_require__.oe = function(err) { console.error(err); throw err; };
",
  ],
  "version": 3,
}
`;

exports[`when options.sourceMap true and options.parallel true matches snapshot: source map and parallel: errors 1`] = `Array []`;

exports[`when options.sourceMap true and options.parallel true matches snapshot: source map and parallel: warnings 1`] = `Array []`;

exports[`when options.sourceMap true matches snapshot: source map: asset main.0c220ec66316af2c1b24.js 1`] = `
Object {
  "file": "x",
  "mappings": "gCAKAA,EAAAC,QAAA,WAEAC,QAAAC,IAAAC",
  "names": Array [
    "module",
    "exports",
    "console",
    "log",
    "b",
  ],
  "sources": Array [],
  "sourcesContent": Array [
    "// foo
/* @preserve*/
// bar
const a = 2 + 2;

module.exports = function Foo() {
  const b = 2 + 2;
  console.log(b + 1 + 2);
};
",
  ],
  "version": 3,
}
`;

exports[`when options.sourceMap true matches snapshot: source map: asset manifest.6afe1bc6685e9ab36c1c.js 1`] = `
Object {
  "file": "x",
  "mappings": "aAuCA,SAAAA,EAAAC,GAGA,GAAAC,EAAAD,GACA,OAAAC,EAAAD,GAAAE,QAGA,IAAAC,EAAAF,EAAAD,IACAI,EAAAJ,EACAK,GAAA,EACAH,YAUA,OANAI,EAAAN,GAAAO,KAAAJ,EAAAD,QAAAC,IAAAD,QAAAH,GAGAI,EAAAE,GAAA,EAGAF,EAAAD,QA1DA,IAAAM,EAAAC,OAAA,aACAA,OAAA,sBAAAC,EAAAC,EAAAC,GAIA,IADA,IAAAZ,EAAAa,EAAAC,EAAAV,EAAA,EAAAW,KACQX,EAAAM,EAAAM,OAAoBZ,IAC5BS,EAAAH,EAAAN,GACAa,EAAAJ,IACAE,EAAAG,KAAAD,EAAAJ,GAAA,IAEAI,EAAAJ,GAAA,EAEA,IAAAb,KAAAW,EACAQ,OAAAC,UAAAC,eAAAd,KAAAI,EAAAX,KACAM,EAAAN,GAAAW,EAAAX,IAIA,IADAQ,KAAAE,EAAAC,EAAAC,GACAG,EAAAC,QACAD,EAAAO,OAAAP,GAEA,GAAAH,EACA,IAAAR,EAAA,EAAYA,EAAAQ,EAAAI,OAA2BZ,IACvCU,EAAAf,IAAAwB,EAAAX,EAAAR,IAGA,OAAAU,GAIA,IAAAb,KAGAgB,GACAO,EAAA,GA6BAzB,EAAA0B,EAAA,SAAAZ,GA+BA,SAAAa,IAEAC,EAAAC,QAAAD,EAAAE,OAAA,KACAC,aAAAC,GACA,IAAAC,EAAAf,EAAAJ,GACA,IAAAmB,IACAA,GACAA,EAAA,OAAAC,MAAA,iBAAApB,EAAA,aAEAI,EAAAJ,QAAAqB,GAvCA,IAAAC,EAAAlB,EAAAJ,GACA,OAAAsB,EACA,WAAAC,QAAA,SAAAC,GAA0CA,MAI1C,GAAAF,EACA,OAAAA,EAAA,GAIA,IAAAG,EAAA,IAAAF,QAAA,SAAAC,EAAAE,GACAJ,EAAAlB,EAAAJ,IAAAwB,EAAAE,KAEAJ,EAAA,GAAAG,EAGA,IAAAE,EAAAC,SAAAC,qBAAA,WACAf,EAAAc,SAAAE,cAAA,UACAhB,EAAAiB,KAAA,kBACAjB,EAAAkB,QAAA,QACAlB,EAAAmB,OAAA,EACAnB,EAAAI,QAAA,KAEAhC,EAAAgD,IACApB,EAAAqB,aAAA,QAAAjD,EAAAgD,IAEApB,EAAAsB,IAAAlD,EAAAmD,EAAA,GAAArC,EAAA,MAA+DsC,EAAA,QAAWtC,OAAA,KAA6BsC,EAAA,wBAA2BtC,GAAA,MAClI,IAAAkB,EAAAqB,WAAA1B,EAAA,MAgBA,OAfAC,EAAAC,QAAAD,EAAAE,OAAAH,EAaAc,EAAAa,YAAA1B,GAEAW,GAIAvC,EAAAuD,EAAAhD,EAGAP,EAAAwD,EAAAtD,EAGAF,EAAAyD,EAAA,SAAAtD,EAAAuD,EAAAC,GACA3D,EAAA4D,EAAAzD,EAAAuD,IACAtC,OAAAyC,eAAA1D,EAAAuD,GACAI,cAAA,EACAC,YAAA,EACAC,IAAAL,KAMA3D,EAAAiE,EAAA,SAAA7D,GACA,IAAAuD,EAAAvD,KAAA8D,WACA,WAA2B,OAAA9D,EAAA,SAC3B,WAAiC,OAAAA,GAEjC,OADAJ,EAAAyD,EAAAE,EAAA,IAAAA,GACAA,GAIA3D,EAAA4D,EAAA,SAAAO,EAAAC,GAAsD,OAAAhD,OAAAC,UAAAC,eAAAd,KAAA2D,EAAAC,IAGtDpE,EAAAmD,EAAA,GAGAnD,EAAAqE,GAAA,SAAAC,GAA8D,MAApBC,QAAAC,MAAAF,GAAoBA",
  "names": Array [
    "__webpack_require__",
    "moduleId",
    "installedModules",
    "exports",
    "module",
    "i",
    "l",
    "modules",
    "call",
    "parentJsonpFunction",
    "window",
    "chunkIds",
    "moreModules",
    "executeModules",
    "chunkId",
    "result",
    "resolves",
    "length",
    "installedChunks",
    "push",
    "Object",
    "prototype",
    "hasOwnProperty",
    "shift",
    "s",
    "1",
    "e",
    "onScriptComplete",
    "script",
    "onerror",
    "onload",
    "clearTimeout",
    "timeout",
    "chunk",
    "Error",
    "undefined",
    "installedChunkData",
    "Promise",
    "resolve",
    "promise",
    "reject",
    "head",
    "document",
    "getElementsByTagName",
    "createElement",
    "type",
    "charset",
    "async",
    "nc",
    "setAttribute",
    "src",
    "p",
    "0",
    "setTimeout",
    "appendChild",
    "m",
    "c",
    "d",
    "name",
    "getter",
    "o",
    "defineProperty",
    "configurable",
    "enumerable",
    "get",
    "n",
    "__esModule",
    "object",
    "property",
    "oe",
    "err",
    "console",
    "error",
  ],
  "sources": Array [],
  "sourcesContent": Array [
    " 	// install a JSONP callback for chunk loading
 	var parentJsonpFunction = window[\\"webpackJsonp\\"];
 	window[\\"webpackJsonp\\"] = function webpackJsonpCallback(chunkIds, moreModules, executeModules) {
 		// add \\"moreModules\\" to the modules object,
 		// then flag all \\"chunkIds\\" as loaded and fire callback
 		var moduleId, chunkId, i = 0, resolves = [], result;
 		for(;i < chunkIds.length; i++) {
 			chunkId = chunkIds[i];
 			if(installedChunks[chunkId]) {
 				resolves.push(installedChunks[chunkId][0]);
 			}
 			installedChunks[chunkId] = 0;
 		}
 		for(moduleId in moreModules) {
 			if(Object.prototype.hasOwnProperty.call(moreModules, moduleId)) {
 				modules[moduleId] = moreModules[moduleId];
 			}
 		}
 		if(parentJsonpFunction) parentJsonpFunction(chunkIds, moreModules, executeModules);
 		while(resolves.length) {
 			resolves.shift()();
 		}
 		if(executeModules) {
 			for(i=0; i < executeModules.length; i++) {
 				result = __webpack_require__(__webpack_require__.s = executeModules[i]);
 			}
 		}
 		return result;
 	};

 	// The module cache
 	var installedModules = {};

 	// objects to store loaded and loading chunks
 	var installedChunks = {
 		1: 0
 	};

 	// The require function
 	function __webpack_require__(moduleId) {

 		// Check if module is in cache
 		if(installedModules[moduleId]) {
 			return installedModules[moduleId].exports;
 		}
 		// Create a new module (and put it into the cache)
 		var module = installedModules[moduleId] = {
 			i: moduleId,
 			l: false,
 			exports: {}
 		};

 		// Execute the module function
 		modules[moduleId].call(module.exports, module, module.exports, __webpack_require__);

 		// Flag the module as loaded
 		module.l = true;

 		// Return the exports of the module
 		return module.exports;
 	}

 	// This file contains only the entry chunk.
 	// The chunk loading function for additional chunks
 	__webpack_require__.e = function requireEnsure(chunkId) {
 		var installedChunkData = installedChunks[chunkId];
 		if(installedChunkData === 0) {
 			return new Promise(function(resolve) { resolve(); });
 		}

 		// a Promise means \\"currently loading\\".
 		if(installedChunkData) {
 			return installedChunkData[2];
 		}

 		// setup Promise in chunk cache
 		var promise = new Promise(function(resolve, reject) {
 			installedChunkData = installedChunks[chunkId] = [resolve, reject];
 		});
 		installedChunkData[2] = promise;

 		// start chunk loading
 		var head = document.getElementsByTagName('head')[0];
 		var script = document.createElement('script');
 		script.type = 'text/javascript';
 		script.charset = 'utf-8';
 		script.async = true;
 		script.timeout = 120000;

 		if (__webpack_require__.nc) {
 			script.setAttribute(\\"nonce\\", __webpack_require__.nc);
 		}
 		script.src = __webpack_require__.p + \\"\\" + chunkId + \\".\\" + ({\\"0\\":\\"main\\"}[chunkId]||chunkId) + \\".\\" + {\\"0\\":\\"0c220ec66316af2c1b24\\"}[chunkId] + \\".js\\";
 		var timeout = setTimeout(onScriptComplete, 120000);
 		script.onerror = script.onload = onScriptComplete;
 		function onScriptComplete() {
 			// avoid mem leaks in IE.
 			script.onerror = script.onload = null;
 			clearTimeout(timeout);
 			var chunk = installedChunks[chunkId];
 			if(chunk !== 0) {
 				if(chunk) {
 					chunk[1](new Error('Loading chunk ' + chunkId + ' failed.'));
 				}
 				installedChunks[chunkId] = undefined;
 			}
 		};
 		head.appendChild(script);

 		return promise;
 	};

 	// expose the modules object (__webpack_modules__)
 	__webpack_require__.m = modules;

 	// expose the module cache
 	__webpack_require__.c = installedModules;

 	// define getter function for harmony exports
 	__webpack_require__.d = function(exports, name, getter) {
 		if(!__webpack_require__.o(exports, name)) {
 			Object.defineProperty(exports, name, {
 				configurable: false,
 				enumerable: true,
 				get: getter
 			});
 		}
 	};

 	// getDefaultExport function for compatibility with non-harmony modules
 	__webpack_require__.n = function(module) {
 		var getter = module && module.__esModule ?
 			function getDefault() { return module['default']; } :
 			function getModuleExports() { return module; };
 		__webpack_require__.d(getter, 'a', getter);
 		return getter;
 	};

 	// Object.prototype.hasOwnProperty.call
 	__webpack_require__.o = function(object, property) { return Object.prototype.hasOwnProperty.call(object, property); };

 	// __webpack_public_path__
 	__webpack_require__.p = \\"\\";

 	// on error function for async loading
 	__webpack_require__.oe = function(err) { console.error(err); throw err; };
",
  ],
  "version": 3,
}
`;

exports[`when options.sourceMap true matches snapshot: source map: errors 1`] = `Array []`;

exports[`when options.sourceMap true matches snapshot: source map: warnings 1`] = `Array []`;

exports[`when options.sourceMap true matches snapshot: source: asset main.0c220ec66316af2c1b24.js 1`] = `"webpackJsonp([0],[function(o,n){o.exports=function(){console.log(7)}}],[0]);"`;

exports[`when options.sourceMap true matches snapshot: source: asset manifest.6afe1bc6685e9ab36c1c.js 1`] = `"!function(e){function n(r){if(t[r])return t[r].exports;var o=t[r]={i:r,l:!1,exports:{}};return e[r].call(o.exports,o,o.exports,n),o.l=!0,o.exports}var r=window.webpackJsonp;window.webpackJsonp=function(t,c,a){for(var i,u,f,l=0,s=[];l<t.length;l++)u=t[l],o[u]&&s.push(o[u][0]),o[u]=0;for(i in c)Object.prototype.hasOwnProperty.call(c,i)&&(e[i]=c[i]);for(r&&r(t,c,a);s.length;)s.shift()();if(a)for(l=0;l<a.length;l++)f=n(n.s=a[l]);return f};var t={},o={1:0};n.e=function(e){function r(){i.onerror=i.onload=null,clearTimeout(u);var n=o[e];0!==n&&(n&&n[1](new Error(\\"Loading chunk \\"+e+\\" failed.\\")),o[e]=void 0)}var t=o[e];if(0===t)return new Promise(function(e){e()});if(t)return t[2];var c=new Promise(function(n,r){t=o[e]=[n,r]});t[2]=c;var a=document.getElementsByTagName(\\"head\\")[0],i=document.createElement(\\"script\\");i.type=\\"text/javascript\\",i.charset=\\"utf-8\\",i.async=!0,i.timeout=12e4,n.nc&&i.setAttribute(\\"nonce\\",n.nc),i.src=n.p+\\"\\"+e+\\".\\"+({0:\\"main\\"}[e]||e)+\\".\\"+{0:\\"0c220ec66316af2c1b24\\"}[e]+\\".js\\";var u=setTimeout(r,12e4);return i.onerror=i.onload=r,a.appendChild(i),c},n.m=e,n.c=t,n.d=function(e,r,t){n.o(e,r)||Object.defineProperty(e,r,{configurable:!1,enumerable:!0,get:t})},n.n=function(e){var r=e&&e.__esModule?function(){return e.default}:function(){return e};return n.d(r,\\"a\\",r),r},n.o=function(e,n){return Object.prototype.hasOwnProperty.call(e,n)},n.p=\\"\\",n.oe=function(e){throw console.error(e),e}}([]);"`;
