// Jest Snapshot v1, https://goo.gl/fbAQLP

exports[`when applied with test option matches snapshot for a multiple test values: 0.0.js?ver=6294434024e08d3418c3 1`] = `
"webpackJsonp([0],{

/***/ 5:
/***/ (function(module, __webpack_exports__, __webpack_require__) {

\\"use strict\\";
Object.defineProperty(__webpack_exports__, \\"__esModule\\", { value: true });
/* harmony default export */ __webpack_exports__[\\"default\\"] = (\\"async-dep\\");


/***/ })

});"
`;

exports[`when applied with test option matches snapshot for a multiple test values: AsyncImportExport.js?var=6294434024e08d3418c3 1`] = `"webpackJsonp([4],{4:function(e,o,n){\\"use strict\\";Object.defineProperty(o,\\"__esModule\\",{value:!0}),n.e(0).then(n.bind(null,5)).then(()=>{console.log(\\"Good\\")}),o.default=\\"Awesome\\"}},[4]);"`;

exports[`when applied with test option matches snapshot for a multiple test values: errors 1`] = `Array []`;

exports[`when applied with test option matches snapshot for a multiple test values: importExport.js?var=6294434024e08d3418c3 1`] = `
"webpackJsonp([1],[
/* 0 */,
/* 1 */,
/* 2 */
/***/ (function(module, __webpack_exports__, __webpack_require__) {

\\"use strict\\";
Object.defineProperty(__webpack_exports__, \\"__esModule\\", { value: true });
/* harmony import */ var __WEBPACK_IMPORTED_MODULE_0__dep__ = __webpack_require__(3);


function Foo() {
  const b = __WEBPACK_IMPORTED_MODULE_0__dep__[\\"b\\" /* default */];
  const baz = \`baz\${Math.random()}\`;
  return () => {
    return {
      a: b + __WEBPACK_IMPORTED_MODULE_0__dep__[\\"a\\" /* bar */] + baz,
      b,
      baz,
    };
  };
}

/* harmony default export */ __webpack_exports__[\\"default\\"] = (Foo);


/***/ }),
/* 3 */
/***/ (function(module, __webpack_exports__, __webpack_require__) {

\\"use strict\\";
const bar = 'bar';
/* harmony export (immutable) */ __webpack_exports__[\\"a\\"] = bar;

/* harmony default export */ __webpack_exports__[\\"b\\"] = ('foo');


/***/ })
],[2]);"
`;

exports[`when applied with test option matches snapshot for a multiple test values: js.js?var=6294434024e08d3418c3 1`] = `"webpackJsonp([3],[function(o,n){o.exports=function(){console.log(7)}}],[0]);"`;

exports[`when applied with test option matches snapshot for a multiple test values: manifest.js?var=6294434024e08d3418c3 1`] = `
"/******/ (function(modules) { // webpackBootstrap
/******/ 	// install a JSONP callback for chunk loading
/******/ 	var parentJsonpFunction = window[\\"webpackJsonp\\"];
/******/ 	window[\\"webpackJsonp\\"] = function webpackJsonpCallback(chunkIds, moreModules, executeModules) {
/******/ 		// add \\"moreModules\\" to the modules object,
/******/ 		// then flag all \\"chunkIds\\" as loaded and fire callback
/******/ 		var moduleId, chunkId, i = 0, resolves = [], result;
/******/ 		for(;i < chunkIds.length; i++) {
/******/ 			chunkId = chunkIds[i];
/******/ 			if(installedChunks[chunkId]) {
/******/ 				resolves.push(installedChunks[chunkId][0]);
/******/ 			}
/******/ 			installedChunks[chunkId] = 0;
/******/ 		}
/******/ 		for(moduleId in moreModules) {
/******/ 			if(Object.prototype.hasOwnProperty.call(moreModules, moduleId)) {
/******/ 				modules[moduleId] = moreModules[moduleId];
/******/ 			}
/******/ 		}
/******/ 		if(parentJsonpFunction) parentJsonpFunction(chunkIds, moreModules, executeModules);
/******/ 		while(resolves.length) {
/******/ 			resolves.shift()();
/******/ 		}
/******/ 		if(executeModules) {
/******/ 			for(i=0; i < executeModules.length; i++) {
/******/ 				result = __webpack_require__(__webpack_require__.s = executeModules[i]);
/******/ 			}
/******/ 		}
/******/ 		return result;
/******/ 	};
/******/
/******/ 	// The module cache
/******/ 	var installedModules = {};
/******/
/******/ 	// objects to store loaded and loading chunks
/******/ 	var installedChunks = {
/******/ 		5: 0
/******/ 	};
/******/
/******/ 	// The require function
/******/ 	function __webpack_require__(moduleId) {
/******/
/******/ 		// Check if module is in cache
/******/ 		if(installedModules[moduleId]) {
/******/ 			return installedModules[moduleId].exports;
/******/ 		}
/******/ 		// Create a new module (and put it into the cache)
/******/ 		var module = installedModules[moduleId] = {
/******/ 			i: moduleId,
/******/ 			l: false,
/******/ 			exports: {}
/******/ 		};
/******/
/******/ 		// Execute the module function
/******/ 		modules[moduleId].call(module.exports, module, module.exports, __webpack_require__);
/******/
/******/ 		// Flag the module as loaded
/******/ 		module.l = true;
/******/
/******/ 		// Return the exports of the module
/******/ 		return module.exports;
/******/ 	}
/******/
/******/ 	// This file contains only the entry chunk.
/******/ 	// The chunk loading function for additional chunks
/******/ 	__webpack_require__.e = function requireEnsure(chunkId) {
/******/ 		var installedChunkData = installedChunks[chunkId];
/******/ 		if(installedChunkData === 0) {
/******/ 			return new Promise(function(resolve) { resolve(); });
/******/ 		}
/******/
/******/ 		// a Promise means \\"currently loading\\".
/******/ 		if(installedChunkData) {
/******/ 			return installedChunkData[2];
/******/ 		}
/******/
/******/ 		// setup Promise in chunk cache
/******/ 		var promise = new Promise(function(resolve, reject) {
/******/ 			installedChunkData = installedChunks[chunkId] = [resolve, reject];
/******/ 		});
/******/ 		installedChunkData[2] = promise;
/******/
/******/ 		// start chunk loading
/******/ 		var head = document.getElementsByTagName('head')[0];
/******/ 		var script = document.createElement('script');
/******/ 		script.type = \\"text/javascript\\";
/******/ 		script.charset = 'utf-8';
/******/ 		script.async = true;
/******/ 		script.timeout = 120000;
/******/
/******/ 		if (__webpack_require__.nc) {
/******/ 			script.setAttribute(\\"nonce\\", __webpack_require__.nc);
/******/ 		}
/******/ 		script.src = __webpack_require__.p + \\"\\" + chunkId + \\".\\" + ({}[chunkId]||chunkId) + \\".js?ver=\\" + \\"6294434024e08d3418c3\\" + \\"\\";
/******/ 		var timeout = setTimeout(onScriptComplete, 120000);
/******/ 		script.onerror = script.onload = onScriptComplete;
/******/ 		function onScriptComplete() {
/******/ 			// avoid mem leaks in IE.
/******/ 			script.onerror = script.onload = null;
/******/ 			clearTimeout(timeout);
/******/ 			var chunk = installedChunks[chunkId];
/******/ 			if(chunk !== 0) {
/******/ 				if(chunk) {
/******/ 					chunk[1](new Error('Loading chunk ' + chunkId + ' failed.'));
/******/ 				}
/******/ 				installedChunks[chunkId] = undefined;
/******/ 			}
/******/ 		};
/******/ 		head.appendChild(script);
/******/
/******/ 		return promise;
/******/ 	};
/******/
/******/ 	// expose the modules object (__webpack_modules__)
/******/ 	__webpack_require__.m = modules;
/******/
/******/ 	// expose the module cache
/******/ 	__webpack_require__.c = installedModules;
/******/
/******/ 	// define getter function for harmony exports
/******/ 	__webpack_require__.d = function(exports, name, getter) {
/******/ 		if(!__webpack_require__.o(exports, name)) {
/******/ 			Object.defineProperty(exports, name, {
/******/ 				configurable: false,
/******/ 				enumerable: true,
/******/ 				get: getter
/******/ 			});
/******/ 		}
/******/ 	};
/******/
/******/ 	// getDefaultExport function for compatibility with non-harmony modules
/******/ 	__webpack_require__.n = function(module) {
/******/ 		var getter = module && module.__esModule ?
/******/ 			function getDefault() { return module['default']; } :
/******/ 			function getModuleExports() { return module; };
/******/ 		__webpack_require__.d(getter, 'a', getter);
/******/ 		return getter;
/******/ 	};
/******/
/******/ 	// Object.prototype.hasOwnProperty.call
/******/ 	__webpack_require__.o = function(object, property) { return Object.prototype.hasOwnProperty.call(object, property); };
/******/
/******/ 	// __webpack_public_path__
/******/ 	__webpack_require__.p = \\"\\";
/******/
/******/ 	// on error function for async loading
/******/ 	__webpack_require__.oe = function(err) { console.error(err); throw err; };
/******/ })
/************************************************************************/
/******/ ([]);"
`;

exports[`when applied with test option matches snapshot for a multiple test values: mjs.js?var=6294434024e08d3418c3 1`] = `"webpackJsonp([2],[,function(o,n){o.exports=function(){console.log(7)}}],[1]);"`;

exports[`when applied with test option matches snapshot for a multiple test values: warnings 1`] = `Array []`;

exports[`when applied with test option matches snapshot for a single test value: 0.0.js?ver=6294434024e08d3418c3 1`] = `
"webpackJsonp([0],{

/***/ 5:
/***/ (function(module, __webpack_exports__, __webpack_require__) {

\\"use strict\\";
Object.defineProperty(__webpack_exports__, \\"__esModule\\", { value: true });
/* harmony default export */ __webpack_exports__[\\"default\\"] = (\\"async-dep\\");


/***/ })

});"
`;

exports[`when applied with test option matches snapshot for a single test value: AsyncImportExport.js?var=6294434024e08d3418c3 1`] = `
"webpackJsonp([4],{

/***/ 4:
/***/ (function(module, __webpack_exports__, __webpack_require__) {

\\"use strict\\";
Object.defineProperty(__webpack_exports__, \\"__esModule\\", { value: true });
__webpack_require__.e/* import() */(0).then(__webpack_require__.bind(null, 5)).then(() => {
  console.log('Good')
});

/* harmony default export */ __webpack_exports__[\\"default\\"] = (\\"Awesome\\");


/***/ })

},[4]);"
`;

exports[`when applied with test option matches snapshot for a single test value: errors 1`] = `Array []`;

exports[`when applied with test option matches snapshot for a single test value: importExport.js?var=6294434024e08d3418c3 1`] = `
"webpackJsonp([1],[
/* 0 */,
/* 1 */,
/* 2 */
/***/ (function(module, __webpack_exports__, __webpack_require__) {

\\"use strict\\";
Object.defineProperty(__webpack_exports__, \\"__esModule\\", { value: true });
/* harmony import */ var __WEBPACK_IMPORTED_MODULE_0__dep__ = __webpack_require__(3);


function Foo() {
  const b = __WEBPACK_IMPORTED_MODULE_0__dep__[\\"b\\" /* default */];
  const baz = \`baz\${Math.random()}\`;
  return () => {
    return {
      a: b + __WEBPACK_IMPORTED_MODULE_0__dep__[\\"a\\" /* bar */] + baz,
      b,
      baz,
    };
  };
}

/* harmony default export */ __webpack_exports__[\\"default\\"] = (Foo);


/***/ }),
/* 3 */
/***/ (function(module, __webpack_exports__, __webpack_require__) {

\\"use strict\\";
const bar = 'bar';
/* harmony export (immutable) */ __webpack_exports__[\\"a\\"] = bar;

/* harmony default export */ __webpack_exports__[\\"b\\"] = ('foo');


/***/ })
],[2]);"
`;

exports[`when applied with test option matches snapshot for a single test value: js.js?var=6294434024e08d3418c3 1`] = `"webpackJsonp([3],[function(o,n){o.exports=function(){console.log(7)}}],[0]);"`;

exports[`when applied with test option matches snapshot for a single test value: manifest.js?var=6294434024e08d3418c3 1`] = `
"/******/ (function(modules) { // webpackBootstrap
/******/ 	// install a JSONP callback for chunk loading
/******/ 	var parentJsonpFunction = window[\\"webpackJsonp\\"];
/******/ 	window[\\"webpackJsonp\\"] = function webpackJsonpCallback(chunkIds, moreModules, executeModules) {
/******/ 		// add \\"moreModules\\" to the modules object,
/******/ 		// then flag all \\"chunkIds\\" as loaded and fire callback
/******/ 		var moduleId, chunkId, i = 0, resolves = [], result;
/******/ 		for(;i < chunkIds.length; i++) {
/******/ 			chunkId = chunkIds[i];
/******/ 			if(installedChunks[chunkId]) {
/******/ 				resolves.push(installedChunks[chunkId][0]);
/******/ 			}
/******/ 			installedChunks[chunkId] = 0;
/******/ 		}
/******/ 		for(moduleId in moreModules) {
/******/ 			if(Object.prototype.hasOwnProperty.call(moreModules, moduleId)) {
/******/ 				modules[moduleId] = moreModules[moduleId];
/******/ 			}
/******/ 		}
/******/ 		if(parentJsonpFunction) parentJsonpFunction(chunkIds, moreModules, executeModules);
/******/ 		while(resolves.length) {
/******/ 			resolves.shift()();
/******/ 		}
/******/ 		if(executeModules) {
/******/ 			for(i=0; i < executeModules.length; i++) {
/******/ 				result = __webpack_require__(__webpack_require__.s = executeModules[i]);
/******/ 			}
/******/ 		}
/******/ 		return result;
/******/ 	};
/******/
/******/ 	// The module cache
/******/ 	var installedModules = {};
/******/
/******/ 	// objects to store loaded and loading chunks
/******/ 	var installedChunks = {
/******/ 		5: 0
/******/ 	};
/******/
/******/ 	// The require function
/******/ 	function __webpack_require__(moduleId) {
/******/
/******/ 		// Check if module is in cache
/******/ 		if(installedModules[moduleId]) {
/******/ 			return installedModules[moduleId].exports;
/******/ 		}
/******/ 		// Create a new module (and put it into the cache)
/******/ 		var module = installedModules[moduleId] = {
/******/ 			i: moduleId,
/******/ 			l: false,
/******/ 			exports: {}
/******/ 		};
/******/
/******/ 		// Execute the module function
/******/ 		modules[moduleId].call(module.exports, module, module.exports, __webpack_require__);
/******/
/******/ 		// Flag the module as loaded
/******/ 		module.l = true;
/******/
/******/ 		// Return the exports of the module
/******/ 		return module.exports;
/******/ 	}
/******/
/******/ 	// This file contains only the entry chunk.
/******/ 	// The chunk loading function for additional chunks
/******/ 	__webpack_require__.e = function requireEnsure(chunkId) {
/******/ 		var installedChunkData = installedChunks[chunkId];
/******/ 		if(installedChunkData === 0) {
/******/ 			return new Promise(function(resolve) { resolve(); });
/******/ 		}
/******/
/******/ 		// a Promise means \\"currently loading\\".
/******/ 		if(installedChunkData) {
/******/ 			return installedChunkData[2];
/******/ 		}
/******/
/******/ 		// setup Promise in chunk cache
/******/ 		var promise = new Promise(function(resolve, reject) {
/******/ 			installedChunkData = installedChunks[chunkId] = [resolve, reject];
/******/ 		});
/******/ 		installedChunkData[2] = promise;
/******/
/******/ 		// start chunk loading
/******/ 		var head = document.getElementsByTagName('head')[0];
/******/ 		var script = document.createElement('script');
/******/ 		script.type = \\"text/javascript\\";
/******/ 		script.charset = 'utf-8';
/******/ 		script.async = true;
/******/ 		script.timeout = 120000;
/******/
/******/ 		if (__webpack_require__.nc) {
/******/ 			script.setAttribute(\\"nonce\\", __webpack_require__.nc);
/******/ 		}
/******/ 		script.src = __webpack_require__.p + \\"\\" + chunkId + \\".\\" + ({}[chunkId]||chunkId) + \\".js?ver=\\" + \\"6294434024e08d3418c3\\" + \\"\\";
/******/ 		var timeout = setTimeout(onScriptComplete, 120000);
/******/ 		script.onerror = script.onload = onScriptComplete;
/******/ 		function onScriptComplete() {
/******/ 			// avoid mem leaks in IE.
/******/ 			script.onerror = script.onload = null;
/******/ 			clearTimeout(timeout);
/******/ 			var chunk = installedChunks[chunkId];
/******/ 			if(chunk !== 0) {
/******/ 				if(chunk) {
/******/ 					chunk[1](new Error('Loading chunk ' + chunkId + ' failed.'));
/******/ 				}
/******/ 				installedChunks[chunkId] = undefined;
/******/ 			}
/******/ 		};
/******/ 		head.appendChild(script);
/******/
/******/ 		return promise;
/******/ 	};
/******/
/******/ 	// expose the modules object (__webpack_modules__)
/******/ 	__webpack_require__.m = modules;
/******/
/******/ 	// expose the module cache
/******/ 	__webpack_require__.c = installedModules;
/******/
/******/ 	// define getter function for harmony exports
/******/ 	__webpack_require__.d = function(exports, name, getter) {
/******/ 		if(!__webpack_require__.o(exports, name)) {
/******/ 			Object.defineProperty(exports, name, {
/******/ 				configurable: false,
/******/ 				enumerable: true,
/******/ 				get: getter
/******/ 			});
/******/ 		}
/******/ 	};
/******/
/******/ 	// getDefaultExport function for compatibility with non-harmony modules
/******/ 	__webpack_require__.n = function(module) {
/******/ 		var getter = module && module.__esModule ?
/******/ 			function getDefault() { return module['default']; } :
/******/ 			function getModuleExports() { return module; };
/******/ 		__webpack_require__.d(getter, 'a', getter);
/******/ 		return getter;
/******/ 	};
/******/
/******/ 	// Object.prototype.hasOwnProperty.call
/******/ 	__webpack_require__.o = function(object, property) { return Object.prototype.hasOwnProperty.call(object, property); };
/******/
/******/ 	// __webpack_public_path__
/******/ 	__webpack_require__.p = \\"\\";
/******/
/******/ 	// on error function for async loading
/******/ 	__webpack_require__.oe = function(err) { console.error(err); throw err; };
/******/ })
/************************************************************************/
/******/ ([]);"
`;

exports[`when applied with test option matches snapshot for a single test value: mjs.js?var=6294434024e08d3418c3 1`] = `"webpackJsonp([2],[,function(o,n){o.exports=function(){console.log(7)}}],[1]);"`;

exports[`when applied with test option matches snapshot for a single test value: warnings 1`] = `Array []`;

exports[`when applied with test option matches snapshot with empty value: 0.0.js?ver=6294434024e08d3418c3 1`] = `"webpackJsonp([0],{5:function(e,t,c){\\"use strict\\";Object.defineProperty(t,\\"__esModule\\",{value:!0}),t.default=\\"async-dep\\"}});"`;

exports[`when applied with test option matches snapshot with empty value: AsyncImportExport.js?var=6294434024e08d3418c3 1`] = `"webpackJsonp([4],{4:function(e,o,n){\\"use strict\\";Object.defineProperty(o,\\"__esModule\\",{value:!0}),n.e(0).then(n.bind(null,5)).then(()=>{console.log(\\"Good\\")}),o.default=\\"Awesome\\"}},[4]);"`;

exports[`when applied with test option matches snapshot with empty value: errors 1`] = `Array []`;

exports[`when applied with test option matches snapshot with empty value: importExport.js?var=6294434024e08d3418c3 1`] = `"webpackJsonp([1],[,,function(t,a,e){\\"use strict\\";Object.defineProperty(a,\\"__esModule\\",{value:!0});var n=e(3);a.default=function(){const t=n.b,a=\`baz\${Math.random()}\`;return()=>({a:t+n.a+a,b:t,baz:a})}},function(t,a,e){\\"use strict\\";a.a=\\"bar\\",a.b=\\"foo\\"}],[2]);"`;

exports[`when applied with test option matches snapshot with empty value: js.js?var=6294434024e08d3418c3 1`] = `"webpackJsonp([3],[function(o,n){o.exports=function(){console.log(7)}}],[0]);"`;

exports[`when applied with test option matches snapshot with empty value: manifest.js?var=6294434024e08d3418c3 1`] = `"!function(e){var r=window.webpackJsonp;window.webpackJsonp=function(n,c,u){for(var i,a,f,l=0,s=[];l<n.length;l++)a=n[l],t[a]&&s.push(t[a][0]),t[a]=0;for(i in c)Object.prototype.hasOwnProperty.call(c,i)&&(e[i]=c[i]);for(r&&r(n,c,u);s.length;)s.shift()();if(u)for(l=0;l<u.length;l++)f=o(o.s=u[l]);return f};var n={},t={5:0};function o(r){if(n[r])return n[r].exports;var t=n[r]={i:r,l:!1,exports:{}};return e[r].call(t.exports,t,t.exports,o),t.l=!0,t.exports}o.e=function(e){var r=t[e];if(0===r)return new Promise(function(e){e()});if(r)return r[2];var n=new Promise(function(n,o){r=t[e]=[n,o]});r[2]=n;var c=document.getElementsByTagName(\\"head\\")[0],u=document.createElement(\\"script\\");u.type=\\"text/javascript\\",u.charset=\\"utf-8\\",u.async=!0,u.timeout=12e4,o.nc&&u.setAttribute(\\"nonce\\",o.nc),u.src=o.p+\\"\\"+e+\\".\\"+({}[e]||e)+\\".js?ver=6294434024e08d3418c3\\";var i=setTimeout(a,12e4);function a(){u.onerror=u.onload=null,clearTimeout(i);var r=t[e];0!==r&&(r&&r[1](new Error(\\"Loading chunk \\"+e+\\" failed.\\")),t[e]=void 0)}return u.onerror=u.onload=a,c.appendChild(u),n},o.m=e,o.c=n,o.d=function(e,r,n){o.o(e,r)||Object.defineProperty(e,r,{configurable:!1,enumerable:!0,get:n})},o.n=function(e){var r=e&&e.__esModule?function(){return e.default}:function(){return e};return o.d(r,\\"a\\",r),r},o.o=function(e,r){return Object.prototype.hasOwnProperty.call(e,r)},o.p=\\"\\",o.oe=function(e){throw console.error(e),e}}([]);"`;

exports[`when applied with test option matches snapshot with empty value: mjs.js?var=6294434024e08d3418c3 1`] = `"webpackJsonp([2],[,function(o,n){o.exports=function(){console.log(7)}}],[1]);"`;

exports[`when applied with test option matches snapshot with empty value: warnings 1`] = `Array []`;
