// Jest Snapshot v1, https://goo.gl/fbAQLP

exports[`when applied with \`uglifyOptions\` options matches snapshot for \`compress\` option (boolean \`false\` value): errors 1`] = `Array []`;

exports[`when applied with \`uglifyOptions\` options matches snapshot for \`compress\` option (boolean \`false\` value): main.279404eb2bbd4ee943b2.js 1`] = `
"(function(r){var n={};function o(e){if(n[e]){return n[e].exports}var t=n[e]={i:e,l:false,exports:{}};r[e].call(t.exports,t,t.exports,o);t.l=true;return t.exports}o.m=r;o.c=n;o.d=function(e,t,r){if(!o.o(e,t)){Object.defineProperty(e,t,{enumerable:true,get:r})}};o.r=function(e){if(typeof Symbol!==\\"undefined\\"&&Symbol.toStringTag){Object.defineProperty(e,Symbol.toStringTag,{value:\\"Module\\"})}Object.defineProperty(e,\\"__esModule\\",{value:true})};o.t=function(t,e){if(e&1)t=o(t);if(e&8)return t;if(e&4&&typeof t===\\"object\\"&&t&&t.__esModule)return t;var r=Object.create(null);o.r(r);Object.defineProperty(r,\\"default\\",{enumerable:true,value:t});if(e&2&&typeof t!=\\"string\\")for(var n in t)o.d(r,n,function(e){return t[e]}.bind(null,n));return r};o.n=function(t){var e=t&&t.__esModule?function e(){return t[\\"default\\"]}:function e(){return t};o.d(e,\\"a\\",e);return e};o.o=function(e,t){return Object.prototype.hasOwnProperty.call(e,t)};o.p=\\"\\";return o(o.s=0)})([function(e,t){
/* @preserve*/
var r=2+2;e.exports=function e(){var t=2+2;console.log(t+1+2)}}]);"
`;

exports[`when applied with \`uglifyOptions\` options matches snapshot for \`compress\` option (boolean \`false\` value): warnings 1`] = `Array []`;

exports[`when applied with \`uglifyOptions\` options matches snapshot for \`compress\` option (boolean \`true\` value): errors 1`] = `Array []`;

exports[`when applied with \`uglifyOptions\` options matches snapshot for \`compress\` option (boolean \`true\` value): main.320ec99257e9976a24a3.js 1`] = `"!function(n){var r={};function o(e){if(r[e])return r[e].exports;var t=r[e]={i:e,l:!1,exports:{}};return n[e].call(t.exports,t,t.exports,o),t.l=!0,t.exports}o.m=n,o.c=r,o.d=function(e,t,n){o.o(e,t)||Object.defineProperty(e,t,{enumerable:!0,get:n})},o.r=function(e){\\"undefined\\"!=typeof Symbol&&Symbol.toStringTag&&Object.defineProperty(e,Symbol.toStringTag,{value:\\"Module\\"}),Object.defineProperty(e,\\"__esModule\\",{value:!0})},o.t=function(t,e){if(1&e&&(t=o(t)),8&e)return t;if(4&e&&\\"object\\"==typeof t&&t&&t.__esModule)return t;var n=Object.create(null);if(o.r(n),Object.defineProperty(n,\\"default\\",{enumerable:!0,value:t}),2&e&&\\"string\\"!=typeof t)for(var r in t)o.d(n,r,function(e){return t[e]}.bind(null,r));return n},o.n=function(e){var t=e&&e.__esModule?function(){return e.default}:function(){return e};return o.d(t,\\"a\\",t),t},o.o=function(e,t){return Object.prototype.hasOwnProperty.call(e,t)},o.p=\\"\\",o(o.s=0)}([function(e,t){e.exports=function(){console.log(7)}}]);"`;

exports[`when applied with \`uglifyOptions\` options matches snapshot for \`compress\` option (boolean \`true\` value): warnings 1`] = `Array []`;

exports[`when applied with \`uglifyOptions\` options matches snapshot for \`compress\` option (object value): errors 1`] = `Array []`;

exports[`when applied with \`uglifyOptions\` options matches snapshot for \`compress\` option (object value): main.c0a32ad9f930c5559b3b.js 1`] = `"!function(n){var r={};function o(e){if(r[e])return r[e].exports;var t=r[e]={i:e,l:!1,exports:{}};return n[e].call(t.exports,t,t.exports,o),t.l=!0,t.exports}o.m=n,o.c=r,o.d=function(e,t,n){o.o(e,t)||Object.defineProperty(e,t,{enumerable:!0,get:n})},o.r=function(e){\\"undefined\\"!=typeof Symbol&&Symbol.toStringTag&&Object.defineProperty(e,Symbol.toStringTag,{value:\\"Module\\"}),Object.defineProperty(e,\\"__esModule\\",{value:!0})},o.t=function(t,e){if(1&e&&(t=o(t)),8&e)return t;if(4&e&&\\"object\\"==typeof t&&t&&t.__esModule)return t;var n=Object.create(null);if(o.r(n),Object.defineProperty(n,\\"default\\",{enumerable:!0,value:t}),2&e&&\\"string\\"!=typeof t)for(var r in t)o.d(n,r,function(e){return t[e]}.bind(null,r));return n},o.n=function(e){var t=e&&e.__esModule?function(){return e.default}:function(){return e};return o.d(t,\\"a\\",t),t},o.o=function(e,t){return Object.prototype.hasOwnProperty.call(e,t)},o.p=\\"\\",o(o.s=0)}([function(e,t){e.exports=function(){console.log(7)}}]);"`;

exports[`when applied with \`uglifyOptions\` options matches snapshot for \`compress\` option (object value): warnings 1`] = `Array []`;

exports[`when applied with \`uglifyOptions\` options matches snapshot for \`ie8\` option (boolean \`false\` value): errors 1`] = `Array []`;

exports[`when applied with \`uglifyOptions\` options matches snapshot for \`ie8\` option (boolean \`false\` value): main.3b909d946e15ce31a9c7.js 1`] = `"!function(n){var r={};function o(e){if(r[e])return r[e].exports;var t=r[e]={i:e,l:!1,exports:{}};return n[e].call(t.exports,t,t.exports,o),t.l=!0,t.exports}o.m=n,o.c=r,o.d=function(e,t,n){o.o(e,t)||Object.defineProperty(e,t,{enumerable:!0,get:n})},o.r=function(e){\\"undefined\\"!=typeof Symbol&&Symbol.toStringTag&&Object.defineProperty(e,Symbol.toStringTag,{value:\\"Module\\"}),Object.defineProperty(e,\\"__esModule\\",{value:!0})},o.t=function(t,e){if(1&e&&(t=o(t)),8&e)return t;if(4&e&&\\"object\\"==typeof t&&t&&t.__esModule)return t;var n=Object.create(null);if(o.r(n),Object.defineProperty(n,\\"default\\",{enumerable:!0,value:t}),2&e&&\\"string\\"!=typeof t)for(var r in t)o.d(n,r,function(e){return t[e]}.bind(null,r));return n},o.n=function(e){var t=e&&e.__esModule?function(){return e.default}:function(){return e};return o.d(t,\\"a\\",t),t},o.o=function(e,t){return Object.prototype.hasOwnProperty.call(e,t)},o.p=\\"\\",o(o.s=0)}([function(e,t){e.exports=function(){console.log(7)}}]);"`;

exports[`when applied with \`uglifyOptions\` options matches snapshot for \`ie8\` option (boolean \`false\` value): warnings 1`] = `Array []`;

exports[`when applied with \`uglifyOptions\` options matches snapshot for \`ie8\` option (boolean \`true\` value): errors 1`] = `Array []`;

exports[`when applied with \`uglifyOptions\` options matches snapshot for \`ie8\` option (boolean \`true\` value): main.9c66783f27695f3ef35e.js 1`] = `"!function(n){var r={};function o(e){if(r[e])return r[e].exports;var t=r[e]={i:e,l:!1,exports:{}};return n[e].call(t.exports,t,t.exports,o),t.l=!0,t.exports}o.m=n,o.c=r,o.d=function(e,t,n){o.o(e,t)||Object.defineProperty(e,t,{enumerable:!0,get:n})},o.r=function(e){\\"undefined\\"!=typeof Symbol&&Symbol.toStringTag&&Object.defineProperty(e,Symbol.toStringTag,{value:\\"Module\\"}),Object.defineProperty(e,\\"__esModule\\",{value:!0})},o.t=function(t,e){if(1&e&&(t=o(t)),8&e)return t;if(4&e&&\\"object\\"==typeof t&&t&&t.__esModule)return t;var n=Object.create(null);if(o.r(n),Object.defineProperty(n,\\"default\\",{enumerable:!0,value:t}),2&e&&\\"string\\"!=typeof t)for(var r in t)o.d(n,r,function(e){return t[e]}.bind(null,r));return n},o.n=function(e){var t=e&&e.__esModule?function(){return e[\\"default\\"]}:function(){return e};return o.d(t,\\"a\\",t),t},o.o=function(e,t){return Object.prototype.hasOwnProperty.call(e,t)},o.p=\\"\\",o(o.s=0)}([function(e,t){e.exports=function(){console.log(7)}}]);"`;

exports[`when applied with \`uglifyOptions\` options matches snapshot for \`ie8\` option (boolean \`true\` value): warnings 1`] = `Array []`;

exports[`when applied with \`uglifyOptions\` options matches snapshot for \`keep_fnames\` option (boolean \`false\` value): errors 1`] = `Array []`;

exports[`when applied with \`uglifyOptions\` options matches snapshot for \`keep_fnames\` option (boolean \`false\` value): main.dc7055e3ea9aca3ab41a.js 1`] = `"!function(n){var r={};function o(e){if(r[e])return r[e].exports;var t=r[e]={i:e,l:!1,exports:{}};return n[e].call(t.exports,t,t.exports,o),t.l=!0,t.exports}o.m=n,o.c=r,o.d=function(e,t,n){o.o(e,t)||Object.defineProperty(e,t,{enumerable:!0,get:n})},o.r=function(e){\\"undefined\\"!=typeof Symbol&&Symbol.toStringTag&&Object.defineProperty(e,Symbol.toStringTag,{value:\\"Module\\"}),Object.defineProperty(e,\\"__esModule\\",{value:!0})},o.t=function(t,e){if(1&e&&(t=o(t)),8&e)return t;if(4&e&&\\"object\\"==typeof t&&t&&t.__esModule)return t;var n=Object.create(null);if(o.r(n),Object.defineProperty(n,\\"default\\",{enumerable:!0,value:t}),2&e&&\\"string\\"!=typeof t)for(var r in t)o.d(n,r,function(e){return t[e]}.bind(null,r));return n},o.n=function(e){var t=e&&e.__esModule?function(){return e.default}:function(){return e};return o.d(t,\\"a\\",t),t},o.o=function(e,t){return Object.prototype.hasOwnProperty.call(e,t)},o.p=\\"\\",o(o.s=0)}([function(e,t){e.exports=function(){console.log(7)}}]);"`;

exports[`when applied with \`uglifyOptions\` options matches snapshot for \`keep_fnames\` option (boolean \`false\` value): warnings 1`] = `Array []`;

exports[`when applied with \`uglifyOptions\` options matches snapshot for \`keep_fnames\` option (boolean \`true\` value): errors 1`] = `Array []`;

exports[`when applied with \`uglifyOptions\` options matches snapshot for \`keep_fnames\` option (boolean \`true\` value): main.1c65b6ecad9777f19fa2.js 1`] = `"!function(r){var t={};function __webpack_require__(e){if(t[e])return t[e].exports;var _=t[e]={i:e,l:!1,exports:{}};return r[e].call(_.exports,_,_.exports,__webpack_require__),_.l=!0,_.exports}__webpack_require__.m=r,__webpack_require__.c=t,__webpack_require__.d=function(e,_,r){__webpack_require__.o(e,_)||Object.defineProperty(e,_,{enumerable:!0,get:r})},__webpack_require__.r=function(e){\\"undefined\\"!=typeof Symbol&&Symbol.toStringTag&&Object.defineProperty(e,Symbol.toStringTag,{value:\\"Module\\"}),Object.defineProperty(e,\\"__esModule\\",{value:!0})},__webpack_require__.t=function(_,e){if(1&e&&(_=__webpack_require__(_)),8&e)return _;if(4&e&&\\"object\\"==typeof _&&_&&_.__esModule)return _;var r=Object.create(null);if(__webpack_require__.r(r),Object.defineProperty(r,\\"default\\",{enumerable:!0,value:_}),2&e&&\\"string\\"!=typeof _)for(var t in _)__webpack_require__.d(r,t,function(e){return _[e]}.bind(null,t));return r},__webpack_require__.n=function(e){var _=e&&e.__esModule?function getDefault(){return e.default}:function getModuleExports(){return e};return __webpack_require__.d(_,\\"a\\",_),_},__webpack_require__.o=function(e,_){return Object.prototype.hasOwnProperty.call(e,_)},__webpack_require__.p=\\"\\",__webpack_require__(__webpack_require__.s=0)}([function(e,_){e.exports=function Foo(){console.log(7)}}]);"`;

exports[`when applied with \`uglifyOptions\` options matches snapshot for \`keep_fnames\` option (boolean \`true\` value): warnings 1`] = `Array []`;

exports[`when applied with \`uglifyOptions\` options matches snapshot for \`mangle\` option (boolean \`false\` value): errors 1`] = `Array []`;

exports[`when applied with \`uglifyOptions\` options matches snapshot for \`mangle\` option (boolean \`false\` value): main.93d7d3e461906f76d34d.js 1`] = `"!function(modules){var installedModules={};function __webpack_require__(moduleId){if(installedModules[moduleId])return installedModules[moduleId].exports;var module=installedModules[moduleId]={i:moduleId,l:!1,exports:{}};return modules[moduleId].call(module.exports,module,module.exports,__webpack_require__),module.l=!0,module.exports}__webpack_require__.m=modules,__webpack_require__.c=installedModules,__webpack_require__.d=function(exports,name,getter){__webpack_require__.o(exports,name)||Object.defineProperty(exports,name,{enumerable:!0,get:getter})},__webpack_require__.r=function(exports){\\"undefined\\"!=typeof Symbol&&Symbol.toStringTag&&Object.defineProperty(exports,Symbol.toStringTag,{value:\\"Module\\"}),Object.defineProperty(exports,\\"__esModule\\",{value:!0})},__webpack_require__.t=function(value,mode){if(1&mode&&(value=__webpack_require__(value)),8&mode)return value;if(4&mode&&\\"object\\"==typeof value&&value&&value.__esModule)return value;var ns=Object.create(null);if(__webpack_require__.r(ns),Object.defineProperty(ns,\\"default\\",{enumerable:!0,value:value}),2&mode&&\\"string\\"!=typeof value)for(var key in value)__webpack_require__.d(ns,key,function(key){return value[key]}.bind(null,key));return ns},__webpack_require__.n=function(module){var getter=module&&module.__esModule?function(){return module.default}:function(){return module};return __webpack_require__.d(getter,\\"a\\",getter),getter},__webpack_require__.o=function(object,property){return Object.prototype.hasOwnProperty.call(object,property)},__webpack_require__.p=\\"\\",__webpack_require__(__webpack_require__.s=0)}([function(module,exports){module.exports=function(){console.log(7)}}]);"`;

exports[`when applied with \`uglifyOptions\` options matches snapshot for \`mangle\` option (boolean \`false\` value): warnings 1`] = `Array []`;

exports[`when applied with \`uglifyOptions\` options matches snapshot for \`mangle\` option (boolean \`true\` value): errors 1`] = `Array []`;

exports[`when applied with \`uglifyOptions\` options matches snapshot for \`mangle\` option (boolean \`true\` value): main.b566ef9b2b02ec7fc81d.js 1`] = `"!function(n){var r={};function o(e){if(r[e])return r[e].exports;var t=r[e]={i:e,l:!1,exports:{}};return n[e].call(t.exports,t,t.exports,o),t.l=!0,t.exports}o.m=n,o.c=r,o.d=function(e,t,n){o.o(e,t)||Object.defineProperty(e,t,{enumerable:!0,get:n})},o.r=function(e){\\"undefined\\"!=typeof Symbol&&Symbol.toStringTag&&Object.defineProperty(e,Symbol.toStringTag,{value:\\"Module\\"}),Object.defineProperty(e,\\"__esModule\\",{value:!0})},o.t=function(t,e){if(1&e&&(t=o(t)),8&e)return t;if(4&e&&\\"object\\"==typeof t&&t&&t.__esModule)return t;var n=Object.create(null);if(o.r(n),Object.defineProperty(n,\\"default\\",{enumerable:!0,value:t}),2&e&&\\"string\\"!=typeof t)for(var r in t)o.d(n,r,function(e){return t[e]}.bind(null,r));return n},o.n=function(e){var t=e&&e.__esModule?function(){return e.default}:function(){return e};return o.d(t,\\"a\\",t),t},o.o=function(e,t){return Object.prototype.hasOwnProperty.call(e,t)},o.p=\\"\\",o(o.s=0)}([function(e,t){e.exports=function(){console.log(7)}}]);"`;

exports[`when applied with \`uglifyOptions\` options matches snapshot for \`mangle\` option (boolean \`true\` value): warnings 1`] = `Array []`;

exports[`when applied with \`uglifyOptions\` options matches snapshot for \`mangle\` option (object value): errors 1`] = `Array []`;

exports[`when applied with \`uglifyOptions\` options matches snapshot for \`mangle\` option (object value): main.477c185ca48aa16387a1.js 1`] = `"!function(n){var r={};function o(e){if(r[e])return r[e].exports;var t=r[e]={i:e,l:!1,exports:{}};return n[e].call(t.exports,t,t.exports,o),t.l=!0,t.exports}o.m=n,o.c=r,o.d=function(e,t,n){o.o(e,t)||Object.defineProperty(e,t,{enumerable:!0,get:n})},o.r=function(e){\\"undefined\\"!=typeof Symbol&&Symbol.toStringTag&&Object.defineProperty(e,Symbol.toStringTag,{value:\\"Module\\"}),Object.defineProperty(e,\\"__esModule\\",{value:!0})},o.t=function(t,e){if(1&e&&(t=o(t)),8&e)return t;if(4&e&&\\"object\\"==typeof t&&t&&t.__esModule)return t;var n=Object.create(null);if(o.r(n),Object.defineProperty(n,\\"default\\",{enumerable:!0,value:t}),2&e&&\\"string\\"!=typeof t)for(var r in t)o.d(n,r,function(e){return t[e]}.bind(null,r));return n},o.n=function(e){var t=e&&e.__esModule?function(){return e.default}:function(){return e};return o.d(t,\\"a\\",t),t},o.o=function(e,t){return Object.prototype.hasOwnProperty.call(e,t)},o.p=\\"\\",o(o.s=0)}([function(e,t){e.exports=function(){console.log(7)}}]);"`;

exports[`when applied with \`uglifyOptions\` options matches snapshot for \`mangle\` option (object value): warnings 1`] = `Array []`;

exports[`when applied with \`uglifyOptions\` options matches snapshot for \`nameCache\` option (empty object value): errors 1`] = `Array []`;

exports[`when applied with \`uglifyOptions\` options matches snapshot for \`nameCache\` option (empty object value): main.dca23da95b3385032973.js 1`] = `"!function(n){var r={};function o(e){if(r[e])return r[e].exports;var t=r[e]={i:e,l:!1,exports:{}};return n[e].call(t.exports,t,t.exports,o),t.l=!0,t.exports}o.m=n,o.c=r,o.d=function(e,t,n){o.o(e,t)||Object.defineProperty(e,t,{enumerable:!0,get:n})},o.r=function(e){\\"undefined\\"!=typeof Symbol&&Symbol.toStringTag&&Object.defineProperty(e,Symbol.toStringTag,{value:\\"Module\\"}),Object.defineProperty(e,\\"__esModule\\",{value:!0})},o.t=function(t,e){if(1&e&&(t=o(t)),8&e)return t;if(4&e&&\\"object\\"==typeof t&&t&&t.__esModule)return t;var n=Object.create(null);if(o.r(n),Object.defineProperty(n,\\"default\\",{enumerable:!0,value:t}),2&e&&\\"string\\"!=typeof t)for(var r in t)o.d(n,r,function(e){return t[e]}.bind(null,r));return n},o.n=function(e){var t=e&&e.__esModule?function(){return e.default}:function(){return e};return o.d(t,\\"a\\",t),t},o.o=function(e,t){return Object.prototype.hasOwnProperty.call(e,t)},o.p=\\"\\",o(o.s=0)}([function(e,t){e.exports=function(){console.log(7)}}]);"`;

exports[`when applied with \`uglifyOptions\` options matches snapshot for \`nameCache\` option (empty object value): warnings 1`] = `Array []`;

exports[`when applied with \`uglifyOptions\` options matches snapshot for \`output\` option (object value with \`true\` value for \`beautify\`): errors 1`] = `Array []`;

exports[`when applied with \`uglifyOptions\` options matches snapshot for \`output\` option (object value with \`true\` value for \`beautify\`): main.e92a9234917168caab13.js 1`] = `
"!function(n) {
    var r = {};
    function o(e) {
        if (r[e]) return r[e].exports;
        var t = r[e] = {
            i: e,
            l: !1,
            exports: {}
        };
        return n[e].call(t.exports, t, t.exports, o), t.l = !0, t.exports;
    }
    o.m = n, o.c = r, o.d = function(e, t, n) {
        o.o(e, t) || Object.defineProperty(e, t, {
            enumerable: !0,
            get: n
        });
    }, o.r = function(e) {
        \\"undefined\\" != typeof Symbol && Symbol.toStringTag && Object.defineProperty(e, Symbol.toStringTag, {
            value: \\"Module\\"
        }), Object.defineProperty(e, \\"__esModule\\", {
            value: !0
        });
    }, o.t = function(t, e) {
        if (1 & e && (t = o(t)), 8 & e) return t;
        if (4 & e && \\"object\\" == typeof t && t && t.__esModule) return t;
        var n = Object.create(null);
        if (o.r(n), Object.defineProperty(n, \\"default\\", {
            enumerable: !0,
            value: t
        }), 2 & e && \\"string\\" != typeof t) for (var r in t) o.d(n, r, function(e) {
            return t[e];
        }.bind(null, r));
        return n;
    }, o.n = function(e) {
        var t = e && e.__esModule ? function() {
            return e.default;
        } : function() {
            return e;
        };
        return o.d(t, \\"a\\", t), t;
    }, o.o = function(e, t) {
        return Object.prototype.hasOwnProperty.call(e, t);
    }, o.p = \\"\\", o(o.s = 0);
}([ function(e, t) {
    e.exports = function() {
        console.log(7);
    };
} ]);"
`;

exports[`when applied with \`uglifyOptions\` options matches snapshot for \`output\` option (object value with \`true\` value for \`beautify\`): warnings 1`] = `Array []`;

exports[`when applied with \`uglifyOptions\` options matches snapshot for \`output\` option (object value with \`true\` value for \`comments\`): errors 1`] = `Array []`;

exports[`when applied with \`uglifyOptions\` options matches snapshot for \`output\` option (object value with \`true\` value for \`comments\`): main.ca87ffb6f2ac9f1b9a0c.js 1`] = `
"/******/!function(n){// webpackBootstrap
/******/ // The module cache
/******/var r={};
/******/
/******/ // The require function
/******/function o(e){
/******/
/******/ // Check if module is in cache
/******/if(r[e])
/******/return r[e].exports;
/******/
/******/ // Create a new module (and put it into the cache)
/******/var t=r[e]={
/******/i:e,
/******/l:!1,
/******/exports:{}
/******/};
/******/
/******/ // Execute the module function
/******/
/******/
/******/ // Return the exports of the module
/******/return n[e].call(t.exports,t,t.exports,o),
/******/
/******/ // Flag the module as loaded
/******/t.l=!0,t.exports;
/******/}
/******/
/******/
/******/ // expose the modules object (__webpack_modules__)
/******/
/******/
/******/
/******/ // Load entry module and return exports
/******/o.m=n,
/******/
/******/ // expose the module cache
/******/o.c=r,
/******/
/******/ // define getter function for harmony exports
/******/o.d=function(e,t,n){
/******/o.o(e,t)||
/******/Object.defineProperty(e,t,{enumerable:!0,get:n})
/******/},
/******/
/******/ // define __esModule on exports
/******/o.r=function(e){
/******/\\"undefined\\"!=typeof Symbol&&Symbol.toStringTag&&
/******/Object.defineProperty(e,Symbol.toStringTag,{value:\\"Module\\"})
/******/,Object.defineProperty(e,\\"__esModule\\",{value:!0})},
/******/
/******/ // create a fake namespace object
/******/ // mode & 1: value is a module id, require it
/******/ // mode & 2: merge all properties of value into the ns
/******/ // mode & 4: return value when already ns object
/******/ // mode & 8|1: behave like require
/******/o.t=function(t,e){
/******/if(
/******/1&e&&(t=o(t)),8&e)return t;
/******/if(4&e&&\\"object\\"==typeof t&&t&&t.__esModule)return t;
/******/var n=Object.create(null);
/******/
/******/if(o.r(n),
/******/Object.defineProperty(n,\\"default\\",{enumerable:!0,value:t}),2&e&&\\"string\\"!=typeof t)for(var r in t)o.d(n,r,function(e){return t[e]}.bind(null,r));
/******/return n;
/******/},
/******/
/******/ // getDefaultExport function for compatibility with non-harmony modules
/******/o.n=function(e){
/******/var t=e&&e.__esModule?
/******/function(){return e.default}:
/******/function(){return e};
/******/
/******/return o.d(t,\\"a\\",t),t;
/******/},
/******/
/******/ // Object.prototype.hasOwnProperty.call
/******/o.o=function(e,t){return Object.prototype.hasOwnProperty.call(e,t)},
/******/
/******/ // __webpack_public_path__
/******/o.p=\\"\\",o(o.s=0);
/******/}
/************************************************************************/
/******/([
/* 0 */
/***/function(e,t){e.exports=function(){console.log(7)}}
/******/]);"
`;

exports[`when applied with \`uglifyOptions\` options matches snapshot for \`output\` option (object value with \`true\` value for \`comments\`): warnings 1`] = `Array []`;

exports[`when applied with \`uglifyOptions\` options matches snapshot for \`parse\` option (object value): errors 1`] = `Array []`;

exports[`when applied with \`uglifyOptions\` options matches snapshot for \`parse\` option (object value): main.a77e0a4894ab59f1734e.js 1`] = `"!function(n){var r={};function o(e){if(r[e])return r[e].exports;var t=r[e]={i:e,l:!1,exports:{}};return n[e].call(t.exports,t,t.exports,o),t.l=!0,t.exports}o.m=n,o.c=r,o.d=function(e,t,n){o.o(e,t)||Object.defineProperty(e,t,{enumerable:!0,get:n})},o.r=function(e){\\"undefined\\"!=typeof Symbol&&Symbol.toStringTag&&Object.defineProperty(e,Symbol.toStringTag,{value:\\"Module\\"}),Object.defineProperty(e,\\"__esModule\\",{value:!0})},o.t=function(t,e){if(1&e&&(t=o(t)),8&e)return t;if(4&e&&\\"object\\"==typeof t&&t&&t.__esModule)return t;var n=Object.create(null);if(o.r(n),Object.defineProperty(n,\\"default\\",{enumerable:!0,value:t}),2&e&&\\"string\\"!=typeof t)for(var r in t)o.d(n,r,function(e){return t[e]}.bind(null,r));return n},o.n=function(e){var t=e&&e.__esModule?function(){return e.default}:function(){return e};return o.d(t,\\"a\\",t),t},o.o=function(e,t){return Object.prototype.hasOwnProperty.call(e,t)},o.p=\\"\\",o(o.s=0)}([function(e,t){e.exports=function(){console.log(7)}}]);"`;

exports[`when applied with \`uglifyOptions\` options matches snapshot for \`parse\` option (object value): warnings 1`] = `Array []`;

exports[`when applied with \`uglifyOptions\` options matches snapshot for \`toplevel\` option (boolean \`false\` value): errors 1`] = `Array []`;

exports[`when applied with \`uglifyOptions\` options matches snapshot for \`toplevel\` option (boolean \`false\` value): main.99c1f35f14396ee58990.js 1`] = `"!function(n){var r={};function o(e){if(r[e])return r[e].exports;var t=r[e]={i:e,l:!1,exports:{}};return n[e].call(t.exports,t,t.exports,o),t.l=!0,t.exports}o.m=n,o.c=r,o.d=function(e,t,n){o.o(e,t)||Object.defineProperty(e,t,{enumerable:!0,get:n})},o.r=function(e){\\"undefined\\"!=typeof Symbol&&Symbol.toStringTag&&Object.defineProperty(e,Symbol.toStringTag,{value:\\"Module\\"}),Object.defineProperty(e,\\"__esModule\\",{value:!0})},o.t=function(t,e){if(1&e&&(t=o(t)),8&e)return t;if(4&e&&\\"object\\"==typeof t&&t&&t.__esModule)return t;var n=Object.create(null);if(o.r(n),Object.defineProperty(n,\\"default\\",{enumerable:!0,value:t}),2&e&&\\"string\\"!=typeof t)for(var r in t)o.d(n,r,function(e){return t[e]}.bind(null,r));return n},o.n=function(e){var t=e&&e.__esModule?function(){return e.default}:function(){return e};return o.d(t,\\"a\\",t),t},o.o=function(e,t){return Object.prototype.hasOwnProperty.call(e,t)},o.p=\\"\\",o(o.s=0)}([function(e,t){e.exports=function(){console.log(7)}}]);"`;

exports[`when applied with \`uglifyOptions\` options matches snapshot for \`toplevel\` option (boolean \`false\` value): warnings 1`] = `Array []`;

exports[`when applied with \`uglifyOptions\` options matches snapshot for \`toplevel\` option (boolean \`true\` value): errors 1`] = `Array []`;

exports[`when applied with \`uglifyOptions\` options matches snapshot for \`toplevel\` option (boolean \`true\` value): main.0a9d1af79b100b2b716e.js 1`] = `"!function(n){var r={};function o(e){if(r[e])return r[e].exports;var t=r[e]={i:e,l:!1,exports:{}};return n[e].call(t.exports,t,t.exports,o),t.l=!0,t.exports}o.m=n,o.c=r,o.d=function(e,t,n){o.o(e,t)||Object.defineProperty(e,t,{enumerable:!0,get:n})},o.r=function(e){\\"undefined\\"!=typeof Symbol&&Symbol.toStringTag&&Object.defineProperty(e,Symbol.toStringTag,{value:\\"Module\\"}),Object.defineProperty(e,\\"__esModule\\",{value:!0})},o.t=function(t,e){if(1&e&&(t=o(t)),8&e)return t;if(4&e&&\\"object\\"==typeof t&&t&&t.__esModule)return t;var n=Object.create(null);if(o.r(n),Object.defineProperty(n,\\"default\\",{enumerable:!0,value:t}),2&e&&\\"string\\"!=typeof t)for(var r in t)o.d(n,r,function(e){return t[e]}.bind(null,r));return n},o.n=function(e){var t=e&&e.__esModule?function(){return e.default}:function(){return e};return o.d(t,\\"a\\",t),t},o.o=function(e,t){return Object.prototype.hasOwnProperty.call(e,t)},o.p=\\"\\",o(o.s=0)}([function(e,t){e.exports=function(){console.log(7)}}]);"`;

exports[`when applied with \`uglifyOptions\` options matches snapshot for \`toplevel\` option (boolean \`true\` value): warnings 1`] = `Array []`;

exports[`when applied with \`uglifyOptions\` options matches snapshot for \`unknown\` option: errors 1`] = `
Array [
  "Error: main.a416c08e49ab62f5fc74.js from UglifyJs
DefaultsError: \`unknown\` is not a supported option",
]
`;

exports[`when applied with \`uglifyOptions\` options matches snapshot for \`unknown\` option: main.a416c08e49ab62f5fc74.js 1`] = `
"/******/ (function(modules) { // webpackBootstrap
/******/ 	// The module cache
/******/ 	var installedModules = {};
/******/
/******/ 	// The require function
/******/ 	function __webpack_require__(moduleId) {
/******/
/******/ 		// Check if module is in cache
/******/ 		if(installedModules[moduleId]) {
/******/ 			return installedModules[moduleId].exports;
/******/ 		}
/******/ 		// Create a new module (and put it into the cache)
/******/ 		var module = installedModules[moduleId] = {
/******/ 			i: moduleId,
/******/ 			l: false,
/******/ 			exports: {}
/******/ 		};
/******/
/******/ 		// Execute the module function
/******/ 		modules[moduleId].call(module.exports, module, module.exports, __webpack_require__);
/******/
/******/ 		// Flag the module as loaded
/******/ 		module.l = true;
/******/
/******/ 		// Return the exports of the module
/******/ 		return module.exports;
/******/ 	}
/******/
/******/
/******/ 	// expose the modules object (__webpack_modules__)
/******/ 	__webpack_require__.m = modules;
/******/
/******/ 	// expose the module cache
/******/ 	__webpack_require__.c = installedModules;
/******/
/******/ 	// define getter function for harmony exports
/******/ 	__webpack_require__.d = function(exports, name, getter) {
/******/ 		if(!__webpack_require__.o(exports, name)) {
/******/ 			Object.defineProperty(exports, name, { enumerable: true, get: getter });
/******/ 		}
/******/ 	};
/******/
/******/ 	// define __esModule on exports
/******/ 	__webpack_require__.r = function(exports) {
/******/ 		if(typeof Symbol !== 'undefined' && Symbol.toStringTag) {
/******/ 			Object.defineProperty(exports, Symbol.toStringTag, { value: 'Module' });
/******/ 		}
/******/ 		Object.defineProperty(exports, '__esModule', { value: true });
/******/ 	};
/******/
/******/ 	// create a fake namespace object
/******/ 	// mode & 1: value is a module id, require it
/******/ 	// mode & 2: merge all properties of value into the ns
/******/ 	// mode & 4: return value when already ns object
/******/ 	// mode & 8|1: behave like require
/******/ 	__webpack_require__.t = function(value, mode) {
/******/ 		if(mode & 1) value = __webpack_require__(value);
/******/ 		if(mode & 8) return value;
/******/ 		if((mode & 4) && typeof value === 'object' && value && value.__esModule) return value;
/******/ 		var ns = Object.create(null);
/******/ 		__webpack_require__.r(ns);
/******/ 		Object.defineProperty(ns, 'default', { enumerable: true, value: value });
/******/ 		if(mode & 2 && typeof value != 'string') for(var key in value) __webpack_require__.d(ns, key, function(key) { return value[key]; }.bind(null, key));
/******/ 		return ns;
/******/ 	};
/******/
/******/ 	// getDefaultExport function for compatibility with non-harmony modules
/******/ 	__webpack_require__.n = function(module) {
/******/ 		var getter = module && module.__esModule ?
/******/ 			function getDefault() { return module['default']; } :
/******/ 			function getModuleExports() { return module; };
/******/ 		__webpack_require__.d(getter, 'a', getter);
/******/ 		return getter;
/******/ 	};
/******/
/******/ 	// Object.prototype.hasOwnProperty.call
/******/ 	__webpack_require__.o = function(object, property) { return Object.prototype.hasOwnProperty.call(object, property); };
/******/
/******/ 	// __webpack_public_path__
/******/ 	__webpack_require__.p = \\"\\";
/******/
/******/
/******/ 	// Load entry module and return exports
/******/ 	return __webpack_require__(__webpack_require__.s = 0);
/******/ })
/************************************************************************/
/******/ ([
/* 0 */
/***/ (function(module, exports) {

// foo
/* @preserve*/
// bar
var a = 2 + 2;

module.exports = function Foo() {
  var b = 2 + 2;
  console.log(b + 1 + 2);
};


/***/ })
/******/ ]);"
`;

exports[`when applied with \`uglifyOptions\` options matches snapshot for \`unknown\` option: warnings 1`] = `Array []`;

exports[`when applied with \`uglifyOptions\` options matches snapshot for \`warnings\` option (boolean \`false\` value): errors 1`] = `Array []`;

exports[`when applied with \`uglifyOptions\` options matches snapshot for \`warnings\` option (boolean \`false\` value): main.fb108ed8ef0afe1961f2.js 1`] = `"!function(r){var n={};function o(e){if(n[e])return n[e].exports;var t=n[e]={i:e,l:!1,exports:{}};return r[e].call(t.exports,t,t.exports,o),t.l=!0,t.exports}o.m=r,o.c=n,o.d=function(e,t,r){o.o(e,t)||Object.defineProperty(e,t,{enumerable:!0,get:r})},o.r=function(e){\\"undefined\\"!=typeof Symbol&&Symbol.toStringTag&&Object.defineProperty(e,Symbol.toStringTag,{value:\\"Module\\"}),Object.defineProperty(e,\\"__esModule\\",{value:!0})},o.t=function(t,e){if(1&e&&(t=o(t)),8&e)return t;if(4&e&&\\"object\\"==typeof t&&t&&t.__esModule)return t;var r=Object.create(null);if(o.r(r),Object.defineProperty(r,\\"default\\",{enumerable:!0,value:t}),2&e&&\\"string\\"!=typeof t)for(var n in t)o.d(r,n,function(e){return t[e]}.bind(null,n));return r},o.n=function(e){var t=e&&e.__esModule?function(){return e.default}:function(){return e};return o.d(t,\\"a\\",t),t},o.o=function(e,t){return Object.prototype.hasOwnProperty.call(e,t)},o.p=\\"\\",o(o.s=0)}([function(e,t){}]);"`;

exports[`when applied with \`uglifyOptions\` options matches snapshot for \`warnings\` option (boolean \`false\` value): warnings 1`] = `Array []`;

exports[`when applied with \`uglifyOptions\` options matches snapshot for \`warnings\` option (boolean \`true\` value): errors 1`] = `Array []`;

exports[`when applied with \`uglifyOptions\` options matches snapshot for \`warnings\` option (boolean \`true\` value): main.65010d82473be0396063.js 1`] = `"!function(r){var n={};function o(e){if(n[e])return n[e].exports;var t=n[e]={i:e,l:!1,exports:{}};return r[e].call(t.exports,t,t.exports,o),t.l=!0,t.exports}o.m=r,o.c=n,o.d=function(e,t,r){o.o(e,t)||Object.defineProperty(e,t,{enumerable:!0,get:r})},o.r=function(e){\\"undefined\\"!=typeof Symbol&&Symbol.toStringTag&&Object.defineProperty(e,Symbol.toStringTag,{value:\\"Module\\"}),Object.defineProperty(e,\\"__esModule\\",{value:!0})},o.t=function(t,e){if(1&e&&(t=o(t)),8&e)return t;if(4&e&&\\"object\\"==typeof t&&t&&t.__esModule)return t;var r=Object.create(null);if(o.r(r),Object.defineProperty(r,\\"default\\",{enumerable:!0,value:t}),2&e&&\\"string\\"!=typeof t)for(var n in t)o.d(r,n,function(e){return t[e]}.bind(null,n));return r},o.n=function(e){var t=e&&e.__esModule?function(){return e.default}:function(){return e};return o.d(t,\\"a\\",t),t},o.o=function(e,t){return Object.prototype.hasOwnProperty.call(e,t)},o.p=\\"\\",o(o.s=0)}([function(e,t){}]);"`;

exports[`when applied with \`uglifyOptions\` options matches snapshot for \`warnings\` option (boolean \`true\` value): warnings 1`] = `
Array [
  "UglifyJs Plugin: Dropping unreachable code [main.65010d82473be0396063.js:91,41]",
  "UglifyJs Plugin: Dropping unused function w [main.65010d82473be0396063.js:91,9]",
]
`;
