// Jest Snapshot v1, https://goo.gl/fbAQLP

exports[`errors 1`] = `Array []`;

exports[`main.js 1`] = `
"webpackJsonp([ 0 ], [ function(module, exports) {
    module.exports = function() {
        console.log(7);
    };
} ], [ 0 ]);"
`;

exports[`manifest.js 1`] = `
"!function(modules) {
    function __webpack_require__(moduleId) {
        if (installedModules[moduleId]) return installedModules[moduleId].exports;
        var module = installedModules[moduleId] = {
            i: moduleId,
            l: !1,
            exports: {}
        };
        return modules[moduleId].call(module.exports, module, module.exports, __webpack_require__), 
        module.l = !0, module.exports;
    }
    var parentJsonpFunction = window.webpackJsonp;
    window.webpackJsonp = function(chunkIds, moreModules, executeModules) {
        for (var moduleId, chunkId, result, i = 0, resolves = []; i < chunkIds.length; i++) chunkId = chunkIds[i], 
        installedChunks[chunkId] && resolves.push(installedChunks[chunkId][0]), installedChunks[chunkId] = 0;
        for (moduleId in moreModules) Object.prototype.hasOwnProperty.call(moreModules, moduleId) && (modules[moduleId] = moreModules[moduleId]);
        for (parentJsonpFunction && parentJsonpFunction(chunkIds, moreModules, executeModules); resolves.length; ) resolves.shift()();
        if (executeModules) for (i = 0; i < executeModules.length; i++) result = __webpack_require__(__webpack_require__.s = executeModules[i]);
        return result;
    };
    var installedModules = {}, installedChunks = {
        1: 0
    };
    __webpack_require__.e = function(chunkId) {
        function onScriptComplete() {
            script.onerror = script.onload = null, clearTimeout(timeout);
            var chunk = installedChunks[chunkId];
            0 !== chunk && (chunk && chunk[1](new Error(\\"Loading chunk \\" + chunkId + \\" failed.\\")), 
            installedChunks[chunkId] = void 0);
        }
        var installedChunkData = installedChunks[chunkId];
        if (0 === installedChunkData) return new Promise(function(resolve) {
            resolve();
        });
        if (installedChunkData) return installedChunkData[2];
        var promise = new Promise(function(resolve, reject) {
            installedChunkData = installedChunks[chunkId] = [ resolve, reject ];
        });
        installedChunkData[2] = promise;
        var head = document.getElementsByTagName(\\"head\\")[0], script = document.createElement(\\"script\\");
        script.type = \\"text/javascript\\", script.charset = \\"utf-8\\", script.async = !0, script.timeout = 12e4, 
        __webpack_require__.nc && script.setAttribute(\\"nonce\\", __webpack_require__.nc), 
        script.src = __webpack_require__.p + \\"\\" + chunkId + \\".js\\";
        var timeout = setTimeout(onScriptComplete, 12e4);
        return script.onerror = script.onload = onScriptComplete, head.appendChild(script), 
        promise;
    }, __webpack_require__.m = modules, __webpack_require__.c = installedModules, __webpack_require__.d = function(exports, name, getter) {
        __webpack_require__.o(exports, name) || Object.defineProperty(exports, name, {
            configurable: !1,
            enumerable: !0,
            get: getter
        });
    }, __webpack_require__.n = function(module) {
        var getter = module && module.__esModule ? function() {
            return module.default;
        } : function() {
            return module;
        };
        return __webpack_require__.d(getter, \\"a\\", getter), getter;
    }, __webpack_require__.o = function(object, property) {
        return Object.prototype.hasOwnProperty.call(object, property);
    }, __webpack_require__.p = \\"\\", __webpack_require__.oe = function(err) {
        throw console.error(err), err;
    };
}([]);"
`;

exports[`warnings 1`] = `
Array [
  "Error: main.js from UglifyJs
Dropping unused variable a [./__tests__/stubs/entry.js:4,0]",
]
`;
